Component: ARM Compiler 5.06 update 6 (build 750) Tool: armlink [4d35ed]

==============================================================================

Section Cross References

    startup_stm32h750xx.o(STACK) refers (Special) to heapauxi.o(.text) for __use_two_region_memory
    startup_stm32h750xx.o(HEAP) refers (Special) to heapauxi.o(.text) for __use_two_region_memory
    startup_stm32h750xx.o(RESET) refers (Special) to heapauxi.o(.text) for __use_two_region_memory
    startup_stm32h750xx.o(RESET) refers to startup_stm32h750xx.o(STACK) for __initial_sp
    startup_stm32h750xx.o(RESET) refers to startup_stm32h750xx.o(.text) for Reset_Handler
    startup_stm32h750xx.o(RESET) refers to stm32h7xx_it.o(i.NMI_Handler) for NMI_Handler
    startup_stm32h750xx.o(RESET) refers to stm32h7xx_it.o(i.HardFault_Handler) for HardFault_Handler
    startup_stm32h750xx.o(RESET) refers to stm32h7xx_it.o(i.MemManage_Handler) for MemManage_Handler
    startup_stm32h750xx.o(RESET) refers to stm32h7xx_it.o(i.BusFault_Handler) for BusFault_Handler
    startup_stm32h750xx.o(RESET) refers to stm32h7xx_it.o(i.UsageFault_Handler) for UsageFault_Handler
    startup_stm32h750xx.o(RESET) refers to stm32h7xx_it.o(i.SVC_Handler) for SVC_Handler
    startup_stm32h750xx.o(RESET) refers to stm32h7xx_it.o(i.DebugMon_Handler) for DebugMon_Handler
    startup_stm32h750xx.o(RESET) refers to stm32h7xx_it.o(i.PendSV_Handler) for PendSV_Handler
    startup_stm32h750xx.o(RESET) refers to stm32h7xx_it.o(i.SysTick_Handler) for SysTick_Handler
    startup_stm32h750xx.o(RESET) refers to stm32h7xx_it.o(i.DMA1_Stream0_IRQHandler) for DMA1_Stream0_IRQHandler
    startup_stm32h750xx.o(RESET) refers to stm32h7xx_it.o(i.DMA1_Stream1_IRQHandler) for DMA1_Stream1_IRQHandler
    startup_stm32h750xx.o(RESET) refers to stm32h7xx_it.o(i.DMA1_Stream2_IRQHandler) for DMA1_Stream2_IRQHandler
    startup_stm32h750xx.o(RESET) refers to stm32h7xx_it.o(i.DMA1_Stream3_IRQHandler) for DMA1_Stream3_IRQHandler
    startup_stm32h750xx.o(RESET) refers to stm32h7xx_it.o(i.DMA1_Stream4_IRQHandler) for DMA1_Stream4_IRQHandler
    startup_stm32h750xx.o(RESET) refers to stm32h7xx_it.o(i.DMA1_Stream5_IRQHandler) for DMA1_Stream5_IRQHandler
    startup_stm32h750xx.o(RESET) refers to stm32h7xx_it.o(i.DMA1_Stream6_IRQHandler) for DMA1_Stream6_IRQHandler
    startup_stm32h750xx.o(RESET) refers to stm32h7xx_it.o(i.FDCAN1_IT0_IRQHandler) for FDCAN1_IT0_IRQHandler
    startup_stm32h750xx.o(RESET) refers to stm32h7xx_it.o(i.FDCAN2_IT0_IRQHandler) for FDCAN2_IT0_IRQHandler
    startup_stm32h750xx.o(RESET) refers to stm32h7xx_it.o(i.USART1_IRQHandler) for USART1_IRQHandler
    startup_stm32h750xx.o(RESET) refers to stm32h7xx_it.o(i.USART2_IRQHandler) for USART2_IRQHandler
    startup_stm32h750xx.o(RESET) refers to stm32h7xx_it.o(i.USART3_IRQHandler) for USART3_IRQHandler
    startup_stm32h750xx.o(RESET) refers to stm32h7xx_it.o(i.TIM8_UP_TIM13_IRQHandler) for TIM8_UP_TIM13_IRQHandler
    startup_stm32h750xx.o(RESET) refers to stm32h7xx_it.o(i.TIM8_TRG_COM_TIM14_IRQHandler) for TIM8_TRG_COM_TIM14_IRQHandler
    startup_stm32h750xx.o(RESET) refers to stm32h7xx_it.o(i.DMA1_Stream7_IRQHandler) for DMA1_Stream7_IRQHandler
    startup_stm32h750xx.o(RESET) refers to stm32h7xx_it.o(i.UART4_IRQHandler) for UART4_IRQHandler
    startup_stm32h750xx.o(RESET) refers to stm32h7xx_it.o(i.UART5_IRQHandler) for UART5_IRQHandler
    startup_stm32h750xx.o(RESET) refers to stm32h7xx_it.o(i.DMA2_Stream0_IRQHandler) for DMA2_Stream0_IRQHandler
    startup_stm32h750xx.o(RESET) refers to stm32h7xx_it.o(i.DMA2_Stream1_IRQHandler) for DMA2_Stream1_IRQHandler
    startup_stm32h750xx.o(RESET) refers to stm32h7xx_it.o(i.DMA2_Stream2_IRQHandler) for DMA2_Stream2_IRQHandler
    startup_stm32h750xx.o(RESET) refers to stm32h7xx_it.o(i.DMA2_Stream3_IRQHandler) for DMA2_Stream3_IRQHandler
    startup_stm32h750xx.o(RESET) refers to stm32h7xx_it.o(i.DMA2_Stream4_IRQHandler) for DMA2_Stream4_IRQHandler
    startup_stm32h750xx.o(RESET) refers to stm32h7xx_it.o(i.DMA2_Stream5_IRQHandler) for DMA2_Stream5_IRQHandler
    startup_stm32h750xx.o(RESET) refers to stm32h7xx_it.o(i.DMA2_Stream6_IRQHandler) for DMA2_Stream6_IRQHandler
    startup_stm32h750xx.o(RESET) refers to stm32h7xx_it.o(i.USART6_IRQHandler) for USART6_IRQHandler
    startup_stm32h750xx.o(RESET) refers to stm32h7xx_it.o(i.UART7_IRQHandler) for UART7_IRQHandler
    startup_stm32h750xx.o(RESET) refers to stm32h7xx_it.o(i.UART8_IRQHandler) for UART8_IRQHandler
    startup_stm32h750xx.o(.text) refers (Special) to heapauxi.o(.text) for __use_two_region_memory
    startup_stm32h750xx.o(.text) refers to system_stm32h7xx.o(i.SystemInit) for SystemInit
    startup_stm32h750xx.o(.text) refers to __main.o(!!!main) for __main
    startup_stm32h750xx.o(.text) refers to startup_stm32h750xx.o(HEAP) for Heap_Mem
    startup_stm32h750xx.o(.text) refers to startup_stm32h750xx.o(STACK) for Stack_Mem
    main.o(i.SystemClock_Config) refers to rt_memclr_w.o(.text) for __aeabi_memclr4
[...]
    arm_mat_sub_f32                          0x08010311   Thumb Code    42  matrixfunctions.o(i.arm_mat_sub_f32)
    arm_mat_trans_f32                        0x0801033b   Thumb Code    50  matrixfunctions.o(i.arm_mat_trans_f32)
    atan                                     0x0801036d   Thumb Code    16  atan.o(i.atan)
    fabs                                     0x0801037d   Thumb Code    24  fabs.o(i.fabs)
    float_constrain                          0x08010395   Thumb Code    32  user_lib.o(i.float_constrain)
    float_to_uint                            0x080103b5   Thumb Code    40  user_lib.o(i.float_to_uint)
    int16_constrain                          0x080103dd   Thumb Code    16  user_lib.o(i.int16_constrain)
    invSqrt                                  0x080103ed   Thumb Code    40  user_lib.o(i.invSqrt)
    main                                     0x08010419   Thumb Code    82  main.o(i.main)
    sqrt                                     0x0801046b   Thumb Code   106  sqrt.o(i.sqrt)
    sqrtf                                    0x080104d5   Thumb Code    62  sqrtf.o(i.sqrtf)
    uint_to_float                            0x08010513   Thumb Code    40  user_lib.o(i.uint_to_float)
    _get_lc_numeric                          0x0801053d   Thumb Code    44  lc_numeric_c.o(locale$$code)
    _get_lc_ctype                            0x08010569   Thumb Code    44  lc_ctype_c.o(locale$$code)
    _fp_init                                 0x08010595   Thumb Code    10  fpinit.o(x$fpl$fpinit)
    __fplib_config_fpu_vfp                   0x0801059d   Thumb Code     0  fpinit.o(x$fpl$fpinit)
    __fplib_config_pureend_doubles           0x0801059d   Thumb Code     0  fpinit.o(x$fpl$fpinit)
    _printf_fp_dec                           0x0801059f   Thumb Code     4  printf1.o(x$fpl$printf1)
    _printf_fp_hex                           0x080105a3   Thumb Code     4  printf2.o(x$fpl$printf2)
    D1CorePrescTable                         0x080105a6   Data          16  system_stm32h7xx.o(.constdata)
    __I$use$fp                               0x080105a6   Number         0  usenofp.o(x$fpl$usenofp)
    UARTPrescTable                           0x0801061c   Data          24  stm32h7xx_hal_uart.o(.constdata)
    IMU_QuaternionEKF_F                      0x08010644   Data         144  quaternions_ekf.o(.constdata)
    xb                                       0x080106d4   Data          12  ins.o(.constdata)
    yb                                       0x080106e0   Data          12  ins.o(.constdata)
    zb                                       0x080106ec   Data          12  ins.o(.constdata)
    __mathlib_zero                           0x08010840   Data           8  qnan.o(.constdata)
    Region$$Table$$Base                      0x08010924   Number         0  anon$$obj.o(Region$$Table)
    Region$$Table$$Limit                     0x08010944   Number         0  anon$$obj.o(Region$$Table)
    __ctype                                  0x0801096d   Data           0  lc_ctype_c.o(locale$$data)
    SystemCoreClock                          0x24000004   Data           4  system_stm32h7xx.o(.data)
    SystemD2Clock                            0x24000008   Data           4  system_stm32h7xx.o(.data)
    uwTickFreq                               0x2400000c   Data           1  stm32h7xx_hal.o(.data)
    uwTickPrio                               0x24000010   Data           4  stm32h7xx_hal.o(.data)
    uwTick                                   0x24000014   Data           4  stm32h7xx_hal.o(.data)
    can1                                     0x24000018   Data          16  driver_can.o(.data)
    can2                                     0x24000028   Data          16  driver_can.o(.data)
    i                                        0x24000078   Data           4  control_logic.o(.data)
    Yaw_TD                                   0x2400007c   Data           4  holder.o(.data)
    Pitch_TD                                 0x24000080   Data           4  holder.o(.data)
    k                                        0x24000084   Data           4  holder.o(.data)
    check_robot_state                        0x24000088   Data          12  check.o(.data)
    flag                                     0x24000094   Data           4  communication.o(.data)
    Receive                                  0x24000098   Data          24  communication.o(.data)
    last_yaw_add                             0x240000b0   Data           4  brain.o(.data)
    last_pitch_add                           0x240000b4   Data           4  brain.o(.data)
    amp_test                                 0x240000b8   Data           2  motor.o(.data)
    Q_index                                  0x240000bc   Data           4  motor.o(.data)
    Ecd_sum                                  0x240000c0   Data           4  motor.o(.data)
    Speed_sum                                0x240000c4   Data           4  motor.o(.data)
    txBuffer0x200forCAN1                     0x240000c8   Data          12  motor.o(.data)
    txBuffer0x1FFforCAN1                     0x240000d4   Data          12  motor.o(.data)
    txBuffer0x2FFforCAN1                     0x240000e0   Data          12  motor.o(.data)
    txBuffer0x1FEforCAN1                     0x240000ec   Data          12  motor.o(.data)
    txBuffer0x2FEforCAN1                     0x240000f8   Data          12  motor.o(.data)
    txBuffer0x200forCAN2                     0x24000104   Data          12  motor.o(.data)
    txBuffer0x1FFforCAN2                     0x24000110   Data          12  motor.o(.data)
    txBuffer0x2FFforCAN2                     0x2400011c   Data          12  motor.o(.data)
    txBuffer0x1FEforCAN2                     0x24000128   Data          12  motor.o(.data)
    txBuffer0x2FEforCAN2                     0x24000134   Data          12  motor.o(.data)
    mpu6050                                  0x24000140   Data          96  mpu6050.o(.data)
    TAddr                                    0x240001a0   Data           1  mpu6050.o(.data)
    YawRoundCount                            0x240001a1   Data           1  mpu6050.o(.data)
    mpu6050_cali_count                       0x240001a2   Data           2  mpu6050.o(.data)
    MPU6050_ACCEL_SEN                        0x240001a8   Data           4  mpu6050.o(.data)
    MPU6050_GYRO_SEN                         0x240001ac   Data           4  mpu6050.o(.data)
    q0_1                                     0x240001b0   Data           4  mpu6050.o(.data)
    q1_1                                     0x240001b4   Data           4  mpu6050.o(.data)
    q2_1                                     0x240001b8   Data           4  mpu6050.o(.data)
    q3_1                                     0x240001bc   Data           4  mpu6050.o(.data)
    bmi088_cali_count                        0x240001cc   Data           2  bmi088.o(.data)
    BMI088_ACCEL_SEN                         0x240001d8   Data           4  bmi088.o(.data)
    BMI088_GYRO_SEN                          0x240001dc   Data           4  bmi088.o(.data)
    Yaw                                      0x240001f8   Data           4  bmi088.o(.data)
    Pitch                                    0x240001fc   Data           4  bmi088.o(.data)
    Roll                                     0x24000200   Data           4  bmi088.o(.data)
    bmi088                                   0x2400020c   Data         148  bmi088.o(.data)
    sizeof_float                             0x240002e0   Data           2  kalman_filter.o(.data)
    sizeof_double                            0x240002e2   Data           2  kalman_filter.o(.data)
    pid_yaw_s                                0x24000300   Data           8  pid.o(.data)
    pid_pitch                                0x24000308   Data           8  pid.o(.data)
    IMU_QuaternionEKF_P                      0x24000354   Data         144  quaternions_ekf.o(.data)
    IMU_data                                 0x240003f0   Data           4  ins.o(.data)
    m00                                      0x240003f4   Data           4  ins.o(.data)
    INS_attitude                             0x240003f8   Data           4  ins.o(.data)
    hfdcan1                                  0x240003fc   Data         160  fdcan.o(.bss)
    hfdcan2                                  0x2400049c   Data         160  fdcan.o(.bss)
    hi2c2                                    0x2400053c   Data          84  i2c.o(.bss)
    hspi1                                    0x24000590   Data         136  spi.o(.bss)
    htim5                                    0x24000618   Data          76  tim.o(.bss)
    htim13                                   0x24000664   Data          76  tim.o(.bss)
    htim14                                   0x240006b0   Data          76  tim.o(.bss)
    huart4                                   0x240006fc   Data         148  usart.o(.bss)
    huart5                                   0x24000790   Data         148  usart.o(.bss)
    huart7                                   0x24000824   Data         148  usart.o(.bss)
    huart8                                   0x240008b8   Data         148  usart.o(.bss)
    huart1                                   0x2400094c   Data         148  usart.o(.bss)
    huart2                                   0x240009e0   Data         148  usart.o(.bss)
    huart3                                   0x24000a74   Data         148  usart.o(.bss)
    huart6                                   0x24000b08   Data         148  usart.o(.bss)
    hdma_uart4_rx                            0x24000b9c   Data         120  usart.o(.bss)
    hdma_uart4_tx                            0x24000c14   Data         120  usart.o(.bss)
    hdma_uart5_rx                            0x24000c8c   Data         120  usart.o(.bss)
    hdma_uart5_tx                            0x24000d04   Data         120  usart.o(.bss)
    hdma_uart7_rx                            0x24000d7c   Data         120  usart.o(.bss)
    hdma_uart7_tx                            0x24000df4   Data         120  usart.o(.bss)
    hdma_uart8_rx                            0x24000e6c   Data         120  usart.o(.bss)
    hdma_uart8_tx                            0x24000ee4   Data         120  usart.o(.bss)
    hdma_usart1_rx                           0x24000f5c   Data         120  usart.o(.bss)
    hdma_usart2_rx                           0x24000fd4   Data         120  usart.o(.bss)
    hdma_usart2_tx                           0x2400104c   Data         120  usart.o(.bss)
    hdma_usart3_rx                           0x240010c4   Data         120  usart.o(.bss)
    hdma_usart3_tx                           0x2400113c   Data         120  usart.o(.bss)
    hdma_usart6_rx                           0x240011b4   Data         120  usart.o(.bss)
    hdma_usart6_tx                           0x2400122c   Data         120  usart.o(.bss)
    uart1                                    0x240012a4   Data         212  driver_usart.o(.bss)
    uart2                                    0x24001378   Data         212  driver_usart.o(.bss)
    uart3                                    0x2400144c   Data         212  driver_usart.o(.bss)
    uart4                                    0x24001520   Data         212  driver_usart.o(.bss)
    uart5                                    0x240015f4   Data         212  driver_usart.o(.bss)
    uart6                                    0x240016c8   Data         212  driver_usart.o(.bss)
    uart7                                    0x2400179c   Data         212  driver_usart.o(.bss)
    uart8                                    0x24001870   Data         212  driver_usart.o(.bss)
    Usart_TxBuffer                           0x24001944   Data         128  driver_usart.o(.bss)
    tim14                                    0x240019c4   Data          20  driver_timer.o(.bss)
    tim13                                    0x240019d8   Data          20  driver_timer.o(.bss)
    spi                                      0x240019ec   Data          72  driver_spi.o(.bss)
    AmmoBooster                              0x24001a34   Data         924  shoot.o(.bss)
    Holder                                   0x24001dd0   Data         708  holder.o(.bss)
    tim14_FPS                                0x24002094   Data          24  check.o(.bss)
    Transmit                                 0x240020ac   Data          50  communication.o(.bss)
    Brain                                    0x240020e0   Data         228  brain.o(.bss)
    RobotToBrainTimeBuffer                   0x240021c4   Data          50  brain.o(.bss)
    RobotToBrainChassisTimeBuffer            0x240021f6   Data          22  brain.o(.bss)
    rc_Ctrl                                  0x2400220c   Data          20  dr16.o(.bss)
    rc_Ctrl_et                               0x24002220   Data          16  et08.o(.bss)
    Q_B                                      0x2400224c   Data          16  bmi088.o(.bss)
    referee2022                              0x2400227c   Data         332  referee.o(.bss)
    ref_packge                               0x240023c8   Data         750  referee.o(.bss)
    Data_Pack                                0x240026b6   Data          50  referee.o(.bss)
    pid_load                                 0x240026e8   Data          44  pid.o(.bss)
    pid_friction0                            0x24002714   Data          44  pid.o(.bss)
    pid_friction1                            0x24002740   Data          44  pid.o(.bss)
    pid_yaw_s_angle                          0x2400276c   Data          44  pid.o(.bss)
    pid_yaw_s_speed                          0x24002798   Data          44  pid.o(.bss)
    pid_pitch_angle                          0x240027c4   Data          44  pid.o(.bss)
    pid_pitch_speed                          0x240027f0   Data          44  pid.o(.bss)
    pid_run                                  0x2400281c   Data          44  pid.o(.bss)
    pid_follow                               0x24002848   Data          44  pid.o(.bss)
    pid_turn_speed                           0x24002874   Data         176  pid.o(.bss)
    pid_turn_angle                           0x24002924   Data         176  pid.o(.bss)
    QEKF_INS                                 0x240029d8   Data         480  quaternions_ekf.o(.bss)
    IMU_QuaternionEKF_K                      0x24002bb8   Data          72  quaternions_ekf.o(.bss)
    IMU_QuaternionEKF_H                      0x24002c00   Data          72  quaternions_ekf.o(.bss)
    __libspace_start                         0x24002d20   Data          96  libspace.o(.bss)
    __temporary_stack_top$libspace           0x24002d80   Data           0  libspace.o(.bss)
    DR16_recData                             0x24006010   Data          18  dr16.o(.ARM.__AT_0x24006010)



==============================================================================

Memory Map of the image

  Image Entry point : 0x08000299

  Load Region LR_IROM1 (Base: 0x08000000, Size: 0x00010e6c, Max: 0x00020000, ABSOLUTE, COMPRESSED[0x00010b24])

    Execution Region ER_IROM1 (Exec base: 0x08000000, Load base: 0x08000000, Size: 0x00010a70, Max: 0x00020000, ABSOLUTE)

    Exec Addr    Load Addr    Size         Type   Attr      Idx    E Section Name        Object

    0x08000000   0x08000000   0x00000298   Data   RO            3    RESET               startup_stm32h750xx.o
    0x08000298   0x08000298   0x00000008   Code   RO         8526  * !!!main             c_w.l(__main.o)
    0x080002a0   0x080002a0   0x00000034   Code   RO         9122    !!!scatter          c_w.l(__scatter.o)
    0x080002d4   0x080002d4   0x0000005a   Code   RO         9120    !!dczerorl2         c_w.l(__dczerorl2.o)
    0x0800032e   0x0800032e   0x00000002   PAD
    0x08000330   0x08000330   0x0000001c   Code   RO         9124    !!handler_zi        c_w.l(__scatter_zi.o)
    0x0800034c   0x0800034c   0x00000000   Code   RO         8785    .ARM.Collect$$_printf_percent$$00000000  c_w.l(_printf_percent.o)
    0x0800034c   0x0800034c   0x00000006   Code   RO         8774    .ARM.Collect$$_printf_percent$$00000001  c_w.l(_printf_n.o)
    0x08000352   0x08000352   0x00000006   Code   RO         8776    .ARM.Collect$$_printf_percent$$00000002  c_w.l(_printf_p.o)
    0x08000358   0x08000358   0x00000006   Code   RO         8781    .ARM.Collect$$_printf_percent$$00000003  c_w.l(_printf_f.o)
    0x0800035e   0x0800035e   0x00000006   Code   RO         8782    .ARM.Collect$$_printf_percent$$00000004  c_w.l(_printf_e.o)
    0x08000364   0x08000364   0x00000006   Code   RO         8783    .ARM.Collect$$_printf_percent$$00000005  c_w.l(_printf_g.o)
    0x0800036a   0x0800036a   0x00000006   Code   RO         8784    .ARM.Collect$$_printf_percent$$00000006  c_w.l(_printf_a.o)
    0x08000370   0x08000370   0x0000000a   Code   RO         8789    .ARM.Collect$$_printf_percent$$00000007  c_w.l(_printf_ll.o)
    0x0800037a   0x0800037a   0x00000006   Code   RO         8778    .ARM.Collect$$_printf_percent$$00000008  c_w.l(_printf_i.o)
    0x08000380   0x08000380   0x00000006   Code   RO         8779    .ARM.Collect$$_printf_percent$$00000009  c_w.l(_printf_d.o)
    0x08000386   0x08000386   0x00000006   Code   RO         8780    .ARM.Collect$$_printf_percent$$0000000A  c_w.l(_printf_u.o)
    0x0800038c   0x0800038c   0x00000006   Code   RO         8777    .ARM.Collect$$_printf_percent$$0000000B  c_w.l(_printf_o.o)
    0x08000392   0x08000392   0x00000006   Code   RO         8775    .ARM.Collect$$_printf_percent$$0000000C  c_w.l(_printf_x.o)
    0x08000398   0x08000398   0x00000006   Code   RO         8786    .ARM.Collect$$_printf_percent$$0000000D  c_w.l(_printf_lli.o)
    0x0800039e   0x0800039e   0x00000006   Code   RO         8787    .ARM.Collect$$_printf_percent$$0000000E  c_w.l(_printf_lld.o)
    0x080003a4   0x080003a4   0x00000006   Code   RO         8788    .ARM.Collect$$_printf_percent$$0000000F  c_w.l(_printf_llu.o)
    0x080003aa   0x080003aa   0x00000006   Code   RO         8793    .ARM.Collect$$_printf_percent$$00000010  c_w.l(_printf_llo.o)
    0x080003b0   0x080003b0   0x00000006   Code   RO         8794    .ARM.Collect$$_printf_percent$$00000011  c_w.l(_printf_llx.o)
    0x080003b6   0x080003b6   0x0000000a   Code   RO         8790    .ARM.Collect$$_printf_percent$$00000012  c_w.l(_printf_l.o)
    0x080003c0   0x080003c0   0x00000006   Code   RO         8772    .ARM.Collect$$_printf_percent$$00000013  c_w.l(_printf_c.o)
    0x080003c6   0x080003c6   0x00000006   Code   RO         8773    .ARM.Collect$$_printf_percent$$00000014  c_w.l(_printf_s.o)
    0x080003cc   0x080003cc   0x00000006   Code   RO         8791    .ARM.Collect$$_printf_percent$$00000015  c_w.l(_printf_lc.o)
    0x080003d2   0x080003d2   0x00000006   Code   RO         8792    .ARM.Collect$$_printf_percent$$00000016  c_w.l(_printf_ls.o)
    0x080003d8   0x080003d8   0x00000004   Code   RO         8973    .ARM.Collect$$_printf_percent$$00000017  c_w.l(_printf_percent_end.o)
    0x080003dc   0x080003dc   0x00000002   Code   RO         9052    .ARM.Collect$$libinit$$00000000  c_w.l(libinit.o)
    0x080003de   0x080003de   0x00000004   Code   RO         8797    .ARM.Collect$$libinit$$00000001  c_w.l(libinit2.o)
    0x080003e2   0x080003e2   0x00000000   Code   RO         8800    .ARM.Collect$$libinit$$00000004  c_w.l(libinit2.o)
    0x080003e2   0x080003e2   0x00000008   Code   RO         8801    .ARM.Collect$$libinit$$00000005  c_w.l(libinit2.o)
    0x080003ea   0x080003ea   0x00000000   Code   RO         8803    .ARM.Collect$$libinit$$0000000A  c_w.l(libinit2.o)
    0x080003ea   0x080003ea   0x00000000   Code   RO         8805    .ARM.Collect$$libinit$$0000000C  c_w.l(libinit2.o)
    0x080003ea   0x080003ea   0x00000000   Code   RO         8807    .ARM.Collect$$libinit$$0000000E  c_w.l(libinit2.o)
    0x080003ea   0x080003ea   0x00000006   Code   RO         8808    .ARM.Collect$$libinit$$0000000F  c_w.l(libinit2.o)
    0x080003f0   0x080003f0   0x00000000   Code   RO         8810    .ARM.Collect$$libinit$$00000011  c_w.l(libinit2.o)
    0x080003f0   0x080003f0   0x0000000c   Code   RO         8811    .ARM.Collect$$libinit$$00000012  c_w.l(libinit2.o)
    0x080003fc   0x080003fc   0x00000000   Code   RO         8812    .ARM.Collect$$libinit$$00000013  c_w.l(libinit2.o)
    0x080003fc   0x080003fc   0x00000000   Code   RO         8814    .ARM.Collect$$libinit$$00000015  c_w.l(libinit2.o)
    0x080003fc   0x080003fc   0x0000000a   Code   RO         8815    .ARM.Collect$$libinit$$00000016  c_w.l(libinit2.o)
    0x08000406   0x08000406   0x00000000   Code   RO         8816    .ARM.Collect$$libinit$$00000017  c_w.l(libinit2.o)
    0x08000406   0x08000406   0x00000000   Code   RO         8818    .ARM.Collect$$libinit$$00000019  c_w.l(libinit2.o)
    0x08000406   0x08000406   0x00000000   Code   RO         8820    .ARM.Collect$$libinit$$0000001B  c_w.l(libinit2.o)
    0x08000406   0x08000406   0x00000000   Code   RO         8822    .ARM.Collect$$libinit$$0000001D  c_w.l(libinit2.o)
    0x08000406   0x08000406   0x00000000   Code   RO         8824    .ARM.Collect$$libinit$$0000001F  c_w.l(libinit2.o)
    0x08000406   0x08000406   0x00000000   Code   RO         8826    .ARM.Collect$$libinit$$00000021  c_w.l(libinit2.o)
    0x08000406   0x08000406   0x00000000   Code   RO         8828    .ARM.Collect$$libinit$$00000023  c_w.l(libinit2.o)
    0x08000406   0x08000406   0x00000000   Code   RO         8830    .ARM.Collect$$libinit$$00000025  c_w.l(libinit2.o)
    0x08000406   0x08000406   0x00000000   Code   RO         8834    .ARM.Collect$$libinit$$0000002C  c_w.l(libinit2.o)
    0x08000406   0x08000406   0x00000000   Code   RO         8836    .ARM.Collect$$libinit$$0000002E  c_w.l(libinit2.o)
    0x08000406   0x08000406   0x00000000   Code   RO         8838    .ARM.Collect$$libinit$$00000030  c_w.l(libinit2.o)
    0x08000406   0x08000406   0x00000000   Code   RO         8840    .ARM.Collect$$libinit$$00000032  c_w.l(libinit2.o)
    0x08000406   0x08000406   0x00000002   Code   RO         8841    .ARM.Collect$$libinit$$00000033  c_w.l(libinit2.o)
    0x08000408   0x08000408   0x00000002   Code   RO         9117    .ARM.Collect$$libshutdown$$00000000  c_w.l(libshutdown.o)
    0x0800040a   0x0800040a   0x00000000   Code   RO         9075    .ARM.Collect$$libshutdown$$00000002  c_w.l(libshutdown2.o)
    0x0800040a   0x0800040a   0x00000000   Code   RO         9077    .ARM.Collect$$libshutdown$$00000004  c_w.l(libshutdown2.o)
    0x0800040a   0x0800040a   0x00000000   Code   RO         9080    .ARM.Collect$$libshutdown$$00000007  c_w.l(libshutdown2.o)
    0x0800040a   0x0800040a   0x00000000   Code   RO         9083    .ARM.Collect$$libshutdown$$0000000A  c_w.l(libshutdown2.o)
    0x0800040a   0x0800040a   0x00000000   Code   RO         9085    .ARM.Collect$$libshutdown$$0000000C  c_w.l(libshutdown2.o)
    0x0800040a   0x0800040a   0x00000000   Code   RO         9088    .ARM.Collect$$libshutdown$$0000000F  c_w.l(libshutdown2.o)
    0x0800040a   0x0800040a   0x00000002   Code   RO         9089    .ARM.Collect$$libshutdown$$00000010  c_w.l(libshutdown2.o)
    0x0800040c   0x0800040c   0x00000000   Code   RO         8664    .ARM.Collect$$rtentry$$00000000  c_w.l(__rtentry.o)
    0x0800040c   0x0800040c   0x00000000   Code   RO         8929    .ARM.Collect$$rtentry$$00000002  c_w.l(__rtentry2.o)
    0x0800040c   0x0800040c   0x00000006   Code   RO         8941    .ARM.Collect$$rtentry$$00000004  c_w.l(__rtentry4.o)
    0x08000412   0x08000412   0x00000000   Code   RO         8931    .ARM.Collect$$rtentry$$00000009  c_w.l(__rtentry2.o)
    0x08000412   0x08000412   0x00000004   Code   RO         8932    .ARM.Collect$$rtentry$$0000000A  c_w.l(__rtentry2.o)
    0x08000416   0x08000416   0x00000000   Code   RO         8934    .ARM.Collect$$rtentry$$0000000C  c_w.l(__rtentry2.o)
    0x08000416   0x08000416   0x00000008   Code   RO         8935    .ARM.Collect$$rtentry$$0000000D  c_w.l(__rtentry2.o)
    0x0800041e   0x0800041e   0x00000002   Code   RO         9057    .ARM.Collect$$rtexit$$00000000  c_w.l(rtexit.o)
    0x08000420   0x08000420   0x00000000   Code   RO         9093    .ARM.Collect$$rtexit$$00000002  c_w.l(rtexit2.o)
    0x08000420   0x08000420   0x00000004   Code   RO         9094    .ARM.Collect$$rtexit$$00000003  c_w.l(rtexit2.o)
    0x08000424   0x08000424   0x00000006   Code   RO         9095    .ARM.Collect$$rtexit$$00000004  c_w.l(rtexit2.o)
    0x0800042a   0x0800042a   0x00000002   PAD
    0x0800042c   0x0800042c   0x00000000   Code   RO         8952    .emb_text           c_w.l(maybetermalloc1.o)
    0x0800042c   0x0800042c   0x00000040   Code   RO            4    .text               startup_stm32h750xx.o
    0x0800046c   0x0800046c   0x0000005e   Code   RO         8454    .text               c_w.l(h1_alloc.o)
    0x080004ca   0x080004ca   0x000000b8   Code   RO         8456    .text               c_w.l(h1_realloc.o)
    0x08000582   0x08000582   0x000000ee   Code   RO         8512    .text               c_w.l(lludivv7m.o)
    0x08000670   0x08000670   0x00000034   Code   RO         8514    .text               c_w.l(vsnprintf.o)
    0x080006a4   0x080006a4   0x00000064   Code   RO         8518    .text               c_w.l(rt_memcpy_w.o)
    0x08000708   0x08000708   0x00000044   Code   RO         8520    .text               c_w.l(rt_memclr.o)
    0x0800074c   0x0800074c   0x0000004e   Code   RO         8522    .text               c_w.l(rt_memclr_w.o)
    0x0800079a   0x0800079a   0x00000006   Code   RO         8524    .text               c_w.l(heapauxi.o)
    0x080007a0   0x080007a0   0x00000008   Code   RO         8672    .text               c_w.l(rt_heap_descriptor_intlibspace.o)
    0x080007a8   0x080007a8   0x00000004   Code   RO         8674    .text               c_w.l(hguard.o)
    0x080007ac   0x080007ac   0x0000008a   Code   RO         8676    .text               c_w.l(init_alloc.o)
    0x08000836   0x08000836   0x0000000e   Code   RO         8682    .text               c_w.l(h1_init.o)
    0x08000844   0x08000844   0x0000004e   Code   RO         8684    .text               c_w.l(h1_free.o)
    0x08000892   0x08000892   0x00000016   Code   RO         8700    .text               c_w.l(_rserrno.o)
    0x080008a8   0x080008a8   0x0000004e   Code   RO         8704    .text               c_w.l(_printf_pad.o)
    0x080008f6   0x080008f6   0x00000024   Code   RO         8706    .text               c_w.l(_printf_truncate.o)
    0x0800091a   0x0800091a   0x00000052   Code   RO         8708    .text               c_w.l(_printf_str.o)
    0x0800096c   0x0800096c   0x00000078   Code   RO         8710    .text               c_w.l(_printf_dec.o)
    0x080009e4   0x080009e4   0x00000028   Code   RO         8712    .text               c_w.l(_printf_charcount.o)
    0x08000a0c   0x08000a0c   0x00000030   Code   RO         8714    .text               c_w.l(_printf_char_common.o)
    0x08000a3c   0x08000a3c   0x0000000a   Code   RO         8716    .text               c_w.l(_sputc.o)
    0x08000a46   0x08000a46   0x00000010   Code   RO         8718    .text               c_w.l(_snputc.o)
    0x08000a56   0x08000a56   0x00000002   PAD
    0x08000a58   0x08000a58   0x000000bc   Code   RO         8720    .text               c_w.l(_printf_wctomb.o)
    0x08000b14   0x08000b14   0x0000007c   Code   RO         8723    .text               c_w.l(_printf_longlong_dec.o)
    0x08000b90   0x08000b90   0x00000070   Code   RO         8729    .text               c_w.l(_printf_oct_int_ll.o)
    0x08000c00   0x08000c00   0x00000094   Code   RO         8749    .text               c_w.l(_printf_hex_int_ll_ptr.o)
    0x08000c94   0x08000c94   0x00000188   Code   RO         8769    .text               c_w.l(__printf_flags_ss_wp.o)
    0x08000e1c   0x08000e1c   0x00000008   Code   RO         8925    .text               c_w.l(libspace.o)
    0x08000e24   0x08000e24   0x00000008   Code   RO         8948    .text               c_w.l(rt_errno_addr_intlibspace.o)
    0x08000e2c   0x08000e2c   0x00000034   Code   RO         8954    .text               c_w.l(h1_extend.o)
    0x08000e60   0x08000e60   0x0000008a   Code   RO         8958    .text               c_w.l(lludiv10.o)
    0x08000eea   0x08000eea   0x000000b2   Code   RO         8960    .text               c_w.l(_printf_intcommon.o)
    0x08000f9c   0x08000f9c   0x0000041e   Code   RO         8962    .text               c_w.l(_printf_fp_dec.o)
    0x080013ba   0x080013ba   0x00000002   PAD
    0x080013bc   0x080013bc   0x000002fc   Code   RO         8964    .text               c_w.l(_printf_fp_hex.o)
    0x080016b8   0x080016b8   0x0000002c   Code   RO         8969    .text               c_w.l(_printf_char.o)
    0x080016e4   0x080016e4   0x0000002c   Code   RO         8971    .text               c_w.l(_printf_wchar.o)
    0x08001710   0x08001710   0x00000040   Code   RO         8974    .text               c_w.l(_wcrtomb.o)
    0x08001750   0x08001750   0x0000000e   Code   RO         8976    .text               c_w.l(defsig_rtmem_outer.o)
    0x0800175e   0x0800175e   0x00000002   Code   RO         8987    .text               c_w.l(use_no_semi.o)
    0x08001760   0x08001760   0x00000000   Code   RO         8989    .text               c_w.l(indicate_semi.o)
    0x08001760   0x08001760   0x0000004a   Code   RO         8990    .text               c_w.l(sys_stackheap_outer.o)
    0x080017aa   0x080017aa   0x00000002   PAD
    0x080017ac   0x080017ac   0x00000010   Code   RO         8992    .text               c_w.l(rt_ctype_table.o)
    0x080017bc   0x080017bc   0x00000008   Code   RO         8999    .text               c_w.l(rt_locale_intlibspace.o)
    0x080017c4   0x080017c4   0x00000080   Code   RO         9003    .text               c_w.l(_printf_fp_infnan.o)
    0x08001844   0x08001844   0x000000e4   Code   RO         9005    .text               c_w.l(bigflt0.o)
    0x08001928   0x08001928   0x00000012   Code   RO         9033    .text               c_w.l(exit.o)
    0x0800193a   0x0800193a   0x0000000a   Code   RO         9035    .text               c_w.l(defsig_exit.o)
    0x08001944   0x08001944   0x00000050   Code   RO         9041    .text               c_w.l(defsig_rtmem_inner.o)
    0x08001994   0x08001994   0x0000000c   Code   RO         9055    .text               c_w.l(sys_exit.o)
    0x080019a0   0x080019a0   0x00000032   Code   RO         9068    .text               c_w.l(defsig_general.o)
    0x080019d2   0x080019d2   0x00000002   PAD
    0x080019d4   0x080019d4   0x00000068   Code   RO         9072    .text               c_w.l(strcmpv7m_pel.o)
    0x08001a3c   0x08001a3c   0x0000000e   Code   RO         9090    .text               c_w.l(sys_wrch.o)
    0x08001a4a   0x08001a4a   0x0000003e   Code   RO         9008    CL$$btod_d2e        c_w.l(btod.o)
    0x08001a88   0x08001a88   0x00000046   Code   RO         9010    CL$$btod_d2e_denorm_low  c_w.l(btod.o)
    0x08001ace   0x08001ace   0x00000060   Code   RO         9009    CL$$btod_d2e_norm_op1  c_w.l(btod.o)
    0x08001b2e   0x08001b2e   0x00000338   Code   RO         9018    CL$$btod_div_common  c_w.l(btod.o)
    0x08001e66   0x08001e66   0x000000dc   Code   RO         9015    CL$$btod_e2e        c_w.l(btod.o)
    0x08001f42   0x08001f42   0x0000002a   Code   RO         9012    CL$$btod_ediv       c_w.l(btod.o)
    0x08001f6c   0x08001f6c   0x0000002a   Code   RO         9011    CL$$btod_emul       c_w.l(btod.o)
    0x08001f96   0x08001f96   0x00000244   Code   RO         9017    CL$$btod_mult_common  c_w.l(btod.o)
    0x080021da   0x080021da   0x00000002   PAD
    0x080021dc   0x080021dc   0x000000a8   Code   RO         6434    i.AmmoBoosterInit   shoot.o
    0x08002284   0x08002284   0x00000010   Code   RO         7026    i.BMI088_ACCEL_NS_H  bmi088.o
    0x08002294   0x08002294   0x00000010   Code   RO         7027    i.BMI088_ACCEL_NS_L  bmi088.o
    0x080022a4   0x080022a4   0x0000014c   Code   RO         7028    i.BMI088_AccInit    bmi088.o
    0x080023f0   0x080023f0   0x0000041c   Code   RO         7029    i.BMI088_Calibrate_Offset  bmi088.o
    0x0800280c   0x0800280c   0x00000014   Code   RO         7030    i.BMI088_GYRO_NS_H  bmi088.o
    0x08002820   0x08002820   0x00000014   Code   RO         7031    i.BMI088_GYRO_NS_L  bmi088.o
    0x08002834   0x08002834   0x0000011c   Code   RO         7032    i.BMI088_GyroInit   bmi088.o
    0x08002950   0x08002950   0x00000048   Code   RO         7034    i.BMI088_Init       bmi088.o
    0x08002998   0x08002998   0x00000164   Code   RO         7035    i.BMI088_Read       bmi088.o
    0x08002afc   0x08002afc   0x00000024   Code   RO         7036    i.BMI088_read_muli_reg  bmi088.o
    0x08002b20   0x08002b20   0x00000016   Code   RO         7037    i.BMI088_read_single_reg  bmi088.o
    0x08002b36   0x08002b36   0x00000002   PAD
    0x08002b38   0x08002b38   0x00000024   Code   RO         7038    i.BMI088_read_write_byte  bmi088.o
    0x08002b5c   0x08002b5c   0x00000012   Code   RO         7039    i.BMI088_write_single_reg  bmi088.o
    0x08002b6e   0x08002b6e   0x00000002   PAD
    0x08002b70   0x08002b70   0x00000054   Code   RO         6671    i.BaseData_Callback  communication.o
    0x08002bc4   0x08002bc4   0x0000006c   Code   RO         7653    i.BasePID_AngleControl  pid.o
    0x08002c30   0x08002c30   0x00000020   Code   RO         7655    i.BasePID_Init      pid.o
    0x08002c50   0x08002c50   0x0000006c   Code   RO         7656    i.BasePID_SpeedControl  pid.o
    0x08002cbc   0x08002cbc   0x000000ea   Code   RO         7948    i.BodyFrameToEarthFrame  ins.o
    0x08002da6   0x08002da6   0x00000002   PAD
    0x08002da8   0x08002da8   0x0000001c   Code   RO         6712    i.Brain_Autoaim_Callback  brain.o
    0x08002dc4   0x08002dc4   0x00000168   Code   RO         6713    i.Brain_Autoaim_DataUnpack  brain.o
    0x08002f2c   0x08002f2c   0x0000001c   Code   RO         6714    i.Brain_Lidar_Callback  brain.o
    0x08002f48   0x08002f48   0x0000008c   Code   RO         6715    i.Brain_Lidar_DataUnpack  brain.o
    0x08002fd4   0x08002fd4   0x00000002   Code   RO          554    i.BusFault_Handler  stm32h7xx_it.o
    0x08002fd6   0x08002fd6   0x00000002   PAD
    0x08002fd8   0x08002fd8   0x00000014   Code   RO         6196    i.CAN1_rxCallBack   control_logic.o
    0x08002fec   0x08002fec   0x00000034   Code   RO         6197    i.CAN2_rxCallBack   control_logic.o
    0x08003020   0x08003020   0x00000034   Code   RO         5844    i.CAN_Open          driver_can.o
    0x08003054   0x08003054   0x0000000e   Code   RO         6885    i.CAN_RegisteMotor  motor.o
    0x08003062   0x08003062   0x00000032   Code   RO         5845    i.CAN_Send          driver_can.o
    0x08003094   0x08003094   0x00000090   Code   RO         6886    i.CAN_fill_3508_2006_data  motor.o
    0x08003124   0x08003124   0x000000c4   Code   RO         6887    i.CAN_fill_6020_data  motor.o
    0x080031e8   0x080031e8   0x00000022   Code   RO         6888    i.CAN_update_data   motor.o
    0x0800320a   0x0800320a   0x00000002   PAD
    0x0800320c   0x0800320c   0x0000002c   Code   RO         5846    i.CANx_Init         driver_can.o
    0x08003238   0x08003238   0x00000056   Code   RO         7786    i.Cross3d           user_lib.o
    0x0800328e   0x0800328e   0x00000002   PAD
    0x08003290   0x08003290   0x0000000c   Code   RO          555    i.DMA1_Stream0_IRQHandler  stm32h7xx_it.o
    0x0800329c   0x0800329c   0x0000000c   Code   RO          556    i.DMA1_Stream1_IRQHandler  stm32h7xx_it.o
    0x080032a8   0x080032a8   0x0000000c   Code   RO          557    i.DMA1_Stream2_IRQHandler  stm32h7xx_it.o
    0x080032b4   0x080032b4   0x0000000c   Code   RO          558    i.DMA1_Stream3_IRQHandler  stm32h7xx_it.o
    0x080032c0   0x080032c0   0x0000000c   Code   RO          559    i.DMA1_Stream4_IRQHandler  stm32h7xx_it.o
    0x080032cc   0x080032cc   0x0000000c   Code   RO          560    i.DMA1_Stream5_IRQHandler  stm32h7xx_it.o
    0x080032d8   0x080032d8   0x0000000c   Code   RO          561    i.DMA1_Stream6_IRQHandler  stm32h7xx_it.o
    0x080032e4   0x080032e4   0x0000000c   Code   RO          562    i.DMA1_Stream7_IRQHandler  stm32h7xx_it.o
    0x080032f0   0x080032f0   0x0000000c   Code   RO          563    i.DMA2_Stream0_IRQHandler  stm32h7xx_it.o
    0x080032fc   0x080032fc   0x0000000c   Code   RO          564    i.DMA2_Stream1_IRQHandler  stm32h7xx_it.o
    0x08003308   0x08003308   0x0000000c   Code   RO          565    i.DMA2_Stream2_IRQHandler  stm32h7xx_it.o
    0x08003314   0x08003314   0x0000000c   Code   RO          566    i.DMA2_Stream3_IRQHandler  stm32h7xx_it.o
    0x08003320   0x08003320   0x0000000c   Code   RO          567    i.DMA2_Stream4_IRQHandler  stm32h7xx_it.o
    0x0800332c   0x0800332c   0x0000000c   Code   RO          568    i.DMA2_Stream5_IRQHandler  stm32h7xx_it.o
    0x08003338   0x08003338   0x0000000c   Code   RO          569    i.DMA2_Stream6_IRQHandler  stm32h7xx_it.o
    0x08003344   0x08003344   0x000000e4   Code   RO         2327    i.DMA_CalcBaseAndBitshift  stm32h7xx_hal_dma.o
    0x08003428   0x08003428   0x000000d8   Code   RO         2328    i.DMA_CalcDMAMUXChannelBaseAndMask  stm32h7xx_hal_dma.o
    0x08003500   0x08003500   0x0000008c   Code   RO         2329    i.DMA_CalcDMAMUXRequestGenBaseAndMask  stm32h7xx_hal_dma.o
    0x0800358c   0x0800358c   0x0000007e   Code   RO         2330    i.DMA_CheckFifoParam  stm32h7xx_hal_dma.o
    0x0800360a   0x0800360a   0x00000002   PAD
    0x0800360c   0x0800360c   0x0000024c   Code   RO         2331    i.DMA_SetConfig     stm32h7xx_hal_dma.o
    0x08003858   0x08003858   0x0000005e   Code   RO         7306    i.DMiaoInit         dm_motor.o
    0x080038b6   0x080038b6   0x00000002   PAD
    0x080038b8   0x080038b8   0x000000cc   Code   RO         7307    i.DMiaoMitControl   dm_motor.o
    0x08003984   0x08003984   0x00000032   Code   RO         7310    i.DMiao_CanOutput   dm_motor.o
    0x080039b6   0x080039b6   0x00000002   PAD
    0x080039b8   0x080039b8   0x00000098   Code   RO         7311    i.DMiao_CanUpdata   dm_motor.o
    0x08003a50   0x08003a50   0x0000000e   Code   RO         7312    i.DMiao_Disable     dm_motor.o
    0x08003a5e   0x08003a5e   0x0000000e   Code   RO         7313    i.DMiao_Enable      dm_motor.o
    0x08003a6c   0x08003a6c   0x0000001a   Code   RO         6780    i.DR16Init          dr16.o
    0x08003a86   0x08003a86   0x00000002   PAD
    0x08003a88   0x08003a88   0x00000014   Code   RO         6781    i.DR16_Callback     dr16.o
    0x08003a9c   0x08003a9c   0x00000134   Code   RO         6782    i.DR16_DataUnpack   dr16.o
    0x08003bd0   0x08003bd0   0x00000034   Code   RO         5996    i.DWT_CNT_Update    driver_counter.o
    0x08003c04   0x08003c04   0x00000034   Code   RO         5997    i.DWT_Delay_s       driver_counter.o
    0x08003c38   0x08003c38   0x00000044   Code   RO         5998    i.DWT_GetDeltaT     driver_counter.o
    0x08003c7c   0x08003c7c   0x00000044   Code   RO         6001    i.DWT_GetTimeline_s  driver_counter.o
    0x08003cc0   0x08003cc0   0x00000048   Code   RO         6003    i.DWT_Init          driver_counter.o
    0x08003d08   0x08003d08   0x00000088   Code   RO         6004    i.DWT_SysTimeUpdate  driver_counter.o
    0x08003d90   0x08003d90   0x00000002   Code   RO          570    i.DebugMon_Handler  stm32h7xx_it.o
    0x08003d92   0x08003d92   0x00000026   Code   RO         7787    i.Dot3d             user_lib.o
    0x08003db8   0x08003db8   0x00000006   Code   RO         7657    i.DualPID_Init      pid.o
    0x08003dbe   0x08003dbe   0x000000ea   Code   RO         7949    i.EarthFrameToBodyFrame  ins.o
    0x08003ea8   0x08003ea8   0x00000004   Code   RO           13    i.Error_Handler     main.o
    0x08003eac   0x08003eac   0x0000000c   Code   RO          571    i.FDCAN1_IT0_IRQHandler  stm32h7xx_it.o
    0x08003eb8   0x08003eb8   0x0000000c   Code   RO          572    i.FDCAN2_IT0_IRQHandler  stm32h7xx_it.o
    0x08003ec4   0x08003ec4   0x000001f4   Code   RO         1009    i.FDCAN_CalcultateRamBlockAddresses  stm32h7xx_hal_fdcan.o
    0x080040b8   0x080040b8   0x000000a0   Code   RO         1010    i.FDCAN_CopyMessageToRAM  stm32h7xx_hal_fdcan.o
    0x08004158   0x08004158   0x0000002a   Code   RO         6609    i.FPS_Check         check.o
    0x08004182   0x08004182   0x00000002   PAD
    0x08004184   0x08004184   0x0000008c   Code   RO         5892    i.Find_UART         driver_usart.o
    0x08004210   0x08004210   0x000000ec   Code   RO         6435    i.FrictionWheelControl  shoot.o
    0x080042fc   0x080042fc   0x00000368   Code   RO         2332    i.HAL_DMA_Abort     stm32h7xx_hal_dma.o
    0x08004664   0x08004664   0x000002a0   Code   RO         2333    i.HAL_DMA_Abort_IT  stm32h7xx_hal_dma.o
    0x08004904   0x08004904   0x00000004   Code   RO         2335    i.HAL_DMA_GetError  stm32h7xx_hal_dma.o
    0x08004908   0x08004908   0x00000780   Code   RO         2337    i.HAL_DMA_IRQHandler  stm32h7xx_hal_dma.o
    0x08005088   0x08005088   0x000003f4   Code   RO         2338    i.HAL_DMA_Init      stm32h7xx_hal_dma.o
    0x0800547c   0x0800547c   0x000002e0   Code   RO         2342    i.HAL_DMA_Start_IT  stm32h7xx_hal_dma.o
    0x0800575c   0x0800575c   0x000000a0   Code   RO         1012    i.HAL_FDCAN_ActivateNotification  stm32h7xx_hal_fdcan.o
    0x080057fc   0x080057fc   0x00000074   Code   RO         1014    i.HAL_FDCAN_AddMessageToTxFifoQ  stm32h7xx_hal_fdcan.o
    0x08005870   0x08005870   0x00000002   Code   RO         1015    i.HAL_FDCAN_ClockCalibrationCallback  stm32h7xx_hal_fdcan.o
    0x08005872   0x08005872   0x0000008e   Code   RO         1019    i.HAL_FDCAN_ConfigFilter  stm32h7xx_hal_fdcan.o
    0x08005900   0x08005900   0x00000002   Code   RO         1041    i.HAL_FDCAN_ErrorCallback  stm32h7xx_hal_fdcan.o
    0x08005902   0x08005902   0x00000002   Code   RO         1042    i.HAL_FDCAN_ErrorStatusCallback  stm32h7xx_hal_fdcan.o
    0x08005904   0x08005904   0x000001dc   Code   RO         1053    i.HAL_FDCAN_GetRxMessage  stm32h7xx_hal_fdcan.o
    0x08005ae0   0x08005ae0   0x00000002   Code   RO         1059    i.HAL_FDCAN_HighPriorityMessageCallback  stm32h7xx_hal_fdcan.o
    0x08005ae2   0x08005ae2   0x00000002   PAD
    0x08005ae4   0x08005ae4   0x00000300   Code   RO         1060    i.HAL_FDCAN_IRQHandler  stm32h7xx_hal_fdcan.o
    0x08005de4   0x08005de4   0x00000298   Code   RO         1061    i.HAL_FDCAN_Init    stm32h7xx_hal_fdcan.o
    0x0800607c   0x0800607c   0x00000124   Code   RO          266    i.HAL_FDCAN_MspInit  fdcan.o
    0x080061a0   0x080061a0   0x00000002   Code   RO         1070    i.HAL_FDCAN_RxBufferNewMessageCallback  stm32h7xx_hal_fdcan.o
    0x080061a2   0x080061a2   0x00000002   PAD
    0x080061a4   0x080061a4   0x0000005c   Code   RO         5847    i.HAL_FDCAN_RxFifo0Callback  driver_can.o
    0x08006200   0x08006200   0x00000002   Code   RO         1072    i.HAL_FDCAN_RxFifo1Callback  stm32h7xx_hal_fdcan.o
    0x08006202   0x08006202   0x00000032   Code   RO         1073    i.HAL_FDCAN_Start   stm32h7xx_hal_fdcan.o
    0x08006234   0x08006234   0x00000002   Code   RO         1095    i.HAL_FDCAN_TT_GlobalTimeCallback  stm32h7xx_hal_fdcan.o
    0x08006236   0x08006236   0x00000002   Code   RO         1096    i.HAL_FDCAN_TT_ScheduleSyncCallback  stm32h7xx_hal_fdcan.o
    0x08006238   0x08006238   0x00000002   Code   RO         1101    i.HAL_FDCAN_TT_StopWatchCallback  stm32h7xx_hal_fdcan.o
    0x0800623a   0x0800623a   0x00000002   Code   RO         1102    i.HAL_FDCAN_TT_TimeMarkCallback  stm32h7xx_hal_fdcan.o
    0x0800623c   0x0800623c   0x00000002   Code   RO         1103    i.HAL_FDCAN_TimeoutOccurredCallback  stm32h7xx_hal_fdcan.o
    0x0800623e   0x0800623e   0x00000002   Code   RO         1104    i.HAL_FDCAN_TimestampWraparoundCallback  stm32h7xx_hal_fdcan.o
    0x08006240   0x08006240   0x00000002   Code   RO         1105    i.HAL_FDCAN_TxBufferAbortCallback  stm32h7xx_hal_fdcan.o
    0x08006242   0x08006242   0x00000002   Code   RO         1106    i.HAL_FDCAN_TxBufferCompleteCallback  stm32h7xx_hal_fdcan.o
    0x08006244   0x08006244   0x00000002   Code   RO         1107    i.HAL_FDCAN_TxEventFifoCallback  stm32h7xx_hal_fdcan.o
    0x08006246   0x08006246   0x00000002   Code   RO         1108    i.HAL_FDCAN_TxFifoEmptyCallback  stm32h7xx_hal_fdcan.o
    0x08006248   0x08006248   0x00000180   Code   RO         2177    i.HAL_GPIO_DeInit   stm32h7xx_hal_gpio.o
    0x080063c8   0x080063c8   0x000001f4   Code   RO         2180    i.HAL_GPIO_Init     stm32h7xx_hal_gpio.o
    0x080065bc   0x080065bc   0x0000000e   Code   RO         2184    i.HAL_GPIO_WritePin  stm32h7xx_hal_gpio.o
    0x080065ca   0x080065ca   0x00000002   PAD
    0x080065cc   0x080065cc   0x0000000c   Code   RO         3052    i.HAL_GetREVID      stm32h7xx_hal.o
    0x080065d8   0x080065d8   0x0000000c   Code   RO         3053    i.HAL_GetTick       stm32h7xx_hal.o
    0x080065e4   0x080065e4   0x0000005a   Code   RO         3818    i.HAL_I2CEx_ConfigAnalogFilter  stm32h7xx_hal_i2c_ex.o
    0x0800663e   0x0800663e   0x00000056   Code   RO         3819    i.HAL_I2CEx_ConfigDigitalFilter  stm32h7xx_hal_i2c_ex.o
    0x08006694   0x08006694   0x00000036   Code   RO         3348    i.HAL_I2C_DeInit    stm32h7xx_hal_i2c.o
    0x080066ca   0x080066ca   0x00000006   Code   RO         3356    i.HAL_I2C_GetState  stm32h7xx_hal_i2c.o
    0x080066d0   0x080066d0   0x000000ca   Code   RO         3357    i.HAL_I2C_Init      stm32h7xx_hal_i2c.o
    0x0800679a   0x0800679a   0x0000015c   Code   RO         3358    i.HAL_I2C_IsDeviceReady  stm32h7xx_hal_i2c.o
    0x080068f6   0x080068f6   0x00000002   PAD
    0x080068f8   0x080068f8   0x000001b0   Code   RO         3375    i.HAL_I2C_Mem_Read  stm32h7xx_hal_i2c.o
    0x08006aa8   0x08006aa8   0x000001a4   Code   RO         3378    i.HAL_I2C_Mem_Write  stm32h7xx_hal_i2c.o
    0x08006c4c   0x08006c4c   0x0000003c   Code   RO          314    i.HAL_I2C_MspDeInit  i2c.o
    0x08006c88   0x08006c88   0x00000088   Code   RO          315    i.HAL_I2C_MspInit   i2c.o
    0x08006d10   0x08006d10   0x00000010   Code   RO         3059    i.HAL_IncTick       stm32h7xx_hal.o
    0x08006d20   0x08006d20   0x0000005c   Code   RO         3060    i.HAL_Init          stm32h7xx_hal.o
    0x08006d7c   0x08006d7c   0x0000004c   Code   RO         3061    i.HAL_InitTick      stm32h7xx_hal.o
    0x08006dc8   0x08006dc8   0x00000054   Code   RO          862    i.HAL_MPU_ConfigRegion  stm32h7xx_hal_cortex.o
    0x08006e1c   0x08006e1c   0x00000020   Code   RO          863    i.HAL_MPU_Disable   stm32h7xx_hal_cortex.o
    0x08006e3c   0x08006e3c   0x00000024   Code   RO          865    i.HAL_MPU_Enable    stm32h7xx_hal_cortex.o
    0x08006e60   0x08006e60   0x00000020   Code   RO          800    i.HAL_MspInit       stm32h7xx_hal_msp.o
    0x08006e80   0x08006e80   0x0000001c   Code   RO          869    i.HAL_NVIC_EnableIRQ  stm32h7xx_hal_cortex.o
    0x08006e9c   0x08006e9c   0x0000006c   Code   RO          875    i.HAL_NVIC_SetPriority  stm32h7xx_hal_cortex.o
    0x08006f08   0x08006f08   0x00000024   Code   RO          876    i.HAL_NVIC_SetPriorityGrouping  stm32h7xx_hal_cortex.o
    0x08006f2c   0x08006f2c   0x00000060   Code   RO         2781    i.HAL_PWREx_ConfigSupply  stm32h7xx_hal_pwr_ex.o
    0x08006f8c   0x08006f8c   0x00000024   Code   RO         1743    i.HAL_RCCEx_GetD3PCLK1Freq  stm32h7xx_hal_rcc_ex.o
    0x08006fb0   0x08006fb0   0x000001d0   Code   RO         1745    i.HAL_RCCEx_GetPLL2ClockFreq  stm32h7xx_hal_rcc_ex.o
    0x08007180   0x08007180   0x000001d0   Code   RO         1746    i.HAL_RCCEx_GetPLL3ClockFreq  stm32h7xx_hal_rcc_ex.o
    0x08007350   0x08007350   0x00000aa8   Code   RO         1752    i.HAL_RCCEx_PeriphCLKConfig  stm32h7xx_hal_rcc_ex.o
    0x08007df8   0x08007df8   0x000002bc   Code   RO         1628    i.HAL_RCC_ClockConfig  stm32h7xx_hal_rcc.o
    0x080080b4   0x080080b4   0x00000048   Code   RO         1633    i.HAL_RCC_GetHCLKFreq  stm32h7xx_hal_rcc.o
    0x080080fc   0x080080fc   0x00000028   Code   RO         1635    i.HAL_RCC_GetPCLK1Freq  stm32h7xx_hal_rcc.o
    0x08008124   0x08008124   0x00000028   Code   RO         1636    i.HAL_RCC_GetPCLK2Freq  stm32h7xx_hal_rcc.o
    0x0800814c   0x0800814c   0x000001dc   Code   RO         1637    i.HAL_RCC_GetSysClockFreq  stm32h7xx_hal_rcc.o
    0x08008328   0x08008328   0x0000073c   Code   RO         1640    i.HAL_RCC_OscConfig  stm32h7xx_hal_rcc.o
    0x08008a64   0x08008a64   0x00000180   Code   RO         3955    i.HAL_SPI_Init      stm32h7xx_hal_spi.o
    0x08008be4   0x08008be4   0x00000084   Code   RO          375    i.HAL_SPI_MspInit   spi.o
    0x08008c68   0x08008c68   0x00000400   Code   RO         3965    i.HAL_SPI_TransmitReceive  stm32h7xx_hal_spi.o
    0x08009068   0x08009068   0x00000028   Code   RO          880    i.HAL_SYSTICK_Config  stm32h7xx_hal_cortex.o
    0x08009090   0x08009090   0x00000002   Code   RO         5005    i.HAL_TIMEx_Break2Callback  stm32h7xx_hal_tim_ex.o
    0x08009092   0x08009092   0x00000002   Code   RO         5006    i.HAL_TIMEx_BreakCallback  stm32h7xx_hal_tim_ex.o
    0x08009094   0x08009094   0x00000002   Code   RO         5007    i.HAL_TIMEx_CommutCallback  stm32h7xx_hal_tim_ex.o
    0x08009096   0x08009096   0x00000002   PAD
    0x08009098   0x08009098   0x000000a8   Code   RO         5027    i.HAL_TIMEx_MasterConfigSynchronization  stm32h7xx_hal_tim_ex.o
    0x08009140   0x08009140   0x00000064   Code   RO         4280    i.HAL_TIM_Base_Init  stm32h7xx_hal_tim.o
    0x080091a4   0x080091a4   0x0000007c   Code   RO          417    i.HAL_TIM_Base_MspInit  tim.o
    0x08009220   0x08009220   0x00000094   Code   RO         4285    i.HAL_TIM_Base_Start_IT  stm32h7xx_hal_tim.o
    0x080092b4   0x080092b4   0x0000010a   Code   RO         4289    i.HAL_TIM_ConfigClockSource  stm32h7xx_hal_tim.o
    0x080093be   0x080093be   0x00000002   Code   RO         4314    i.HAL_TIM_IC_CaptureCallback  stm32h7xx_hal_tim.o
    0x080093c0   0x080093c0   0x0000017c   Code   RO         4328    i.HAL_TIM_IRQHandler  stm32h7xx_hal_tim.o
    0x0800953c   0x0800953c   0x00000002   Code   RO         4331    i.HAL_TIM_OC_DelayElapsedCallback  stm32h7xx_hal_tim.o
    0x0800953e   0x0800953e   0x00000002   Code   RO         4358    i.HAL_TIM_PWM_PulseFinishedCallback  stm32h7xx_hal_tim.o
    0x08009540   0x08009540   0x00000030   Code   RO         5954    i.HAL_TIM_PeriodElapsedCallback  driver_timer.o
    0x08009570   0x08009570   0x00000002   Code   RO         4371    i.HAL_TIM_TriggerCallback  stm32h7xx_hal_tim.o
    0x08009572   0x08009572   0x0000003e   Code   RO         5721    i.HAL_UARTEx_DisableFifoMode  stm32h7xx_hal_uart_ex.o
    0x080095b0   0x080095b0   0x00000002   Code   RO         5305    i.HAL_UARTEx_RxEventCallback  stm32h7xx_hal_uart.o
    0x080095b2   0x080095b2   0x00000002   Code   RO         5729    i.HAL_UARTEx_RxFifoFullCallback  stm32h7xx_hal_uart_ex.o
    0x080095b4   0x080095b4   0x0000004c   Code   RO         5730    i.HAL_UARTEx_SetRxFifoThreshold  stm32h7xx_hal_uart_ex.o
    0x08009600   0x08009600   0x0000004c   Code   RO         5731    i.HAL_UARTEx_SetTxFifoThreshold  stm32h7xx_hal_uart_ex.o
    0x0800964c   0x0800964c   0x00000002   Code   RO         5733    i.HAL_UARTEx_TxFifoEmptyCallback  stm32h7xx_hal_uart_ex.o
    0x0800964e   0x0800964e   0x00000002   Code   RO         5734    i.HAL_UARTEx_WakeupCallback  stm32h7xx_hal_uart_ex.o
    0x08009650   0x08009650   0x0000006c   Code   RO         5316    i.HAL_UART_DMAResume  stm32h7xx_hal_uart.o
    0x080096bc   0x080096bc   0x000000a2   Code   RO         5317    i.HAL_UART_DMAStop  stm32h7xx_hal_uart.o
    0x0800975e   0x0800975e   0x00000002   Code   RO         5321    i.HAL_UART_ErrorCallback  stm32h7xx_hal_uart.o
    0x08009760   0x08009760   0x000003f8   Code   RO         5324    i.HAL_UART_IRQHandler  stm32h7xx_hal_uart.o
    0x08009b58   0x08009b58   0x00000070   Code   RO         5325    i.HAL_UART_Init     stm32h7xx_hal_uart.o
    0x08009bc8   0x08009bc8   0x000006a0   Code   RO          471    i.HAL_UART_MspInit  usart.o
    0x0800a268   0x0800a268   0x0000004a   Code   RO         5329    i.HAL_UART_Receive_DMA  stm32h7xx_hal_uart.o
    0x0800a2b2   0x0800a2b2   0x00000002   Code   RO         5332    i.HAL_UART_RxCpltCallback  stm32h7xx_hal_uart.o
    0x0800a2b4   0x0800a2b4   0x00000002   Code   RO         5333    i.HAL_UART_RxHalfCpltCallback  stm32h7xx_hal_uart.o
    0x0800a2b6   0x0800a2b6   0x00000002   PAD
    0x0800a2b8   0x0800a2b8   0x0000009c   Code   RO         5335    i.HAL_UART_Transmit_DMA  stm32h7xx_hal_uart.o
    0x0800a354   0x0800a354   0x00000002   Code   RO         5337    i.HAL_UART_TxCpltCallback  stm32h7xx_hal_uart.o
    0x0800a356   0x0800a356   0x00000002   Code   RO         5338    i.HAL_UART_TxHalfCpltCallback  stm32h7xx_hal_uart.o
    0x0800a358   0x0800a358   0x00000108   Code   RO         7564    i.H_K_R_Adjustment  kalman_filter.o
    0x0800a460   0x0800a460   0x00000002   Code   RO          573    i.HardFault_Handler  stm32h7xx_it.o
    0x0800a462   0x0800a462   0x00000002   PAD
    0x0800a464   0x0800a464   0x0000011c   Code   RO         6397    i.HardwareConfig    hardware_config.o
    0x0800a580   0x0800a580   0x000001fc   Code   RO         6512    i.HolderControl_Top  holder.o
    0x0800a77c   0x0800a77c   0x00000054   Code   RO         6513    i.HolderInit_Top    holder.o
    0x0800a7d0   0x0800a7d0   0x00000046   Code   RO         6514    i.Holder_TD         holder.o
    0x0800a816   0x0800a816   0x00000014   Code   RO         6072    i.I2C2_Error        driver_iic.o
    0x0800a82a   0x0800a82a   0x00000022   Code   RO         3404    i.I2C_Flush_TXDR    stm32h7xx_hal_i2c.o
    0x0800a84c   0x0800a84c   0x00000114   Code   RO         3412    i.I2C_IsErrorOccurred  stm32h7xx_hal_i2c.o
    0x0800a960   0x0800a960   0x0000007c   Code   RO         3417    i.I2C_RequestMemoryRead  stm32h7xx_hal_i2c.o
    0x0800a9dc   0x0800a9dc   0x0000007c   Code   RO         3418    i.I2C_RequestMemoryWrite  stm32h7xx_hal_i2c.o
    0x0800aa58   0x0800aa58   0x00000038   Code   RO         3421    i.I2C_TransferConfig  stm32h7xx_hal_i2c.o
    0x0800aa90   0x0800aa90   0x00000096   Code   RO         3423    i.I2C_WaitOnFlagUntilTimeout  stm32h7xx_hal_i2c.o
    0x0800ab26   0x0800ab26   0x00000062   Code   RO         3425    i.I2C_WaitOnSTOPFlagUntilTimeout  stm32h7xx_hal_i2c.o
    0x0800ab88   0x0800ab88   0x00000068   Code   RO         3426    i.I2C_WaitOnTXISFlagUntilTimeout  stm32h7xx_hal_i2c.o
    0x0800abf0   0x0800abf0   0x00000178   Code   RO         7719    i.IMU_QuaternionEKF_F_Linearization_P_Fading  quaternions_ekf.o
    0x0800ad68   0x0800ad68   0x000000d4   Code   RO         7720    i.IMU_QuaternionEKF_Init  quaternions_ekf.o
    0x0800ae3c   0x0800ae3c   0x00000034   Code   RO         7721    i.IMU_QuaternionEKF_Observe  quaternions_ekf.o
    0x0800ae70   0x0800ae70   0x000000c4   Code   RO         7722    i.IMU_QuaternionEKF_SetH  quaternions_ekf.o
    0x0800af34   0x0800af34   0x000003e0   Code   RO         7723    i.IMU_QuaternionEKF_Update  quaternions_ekf.o
    0x0800b314   0x0800b314   0x000003b8   Code   RO         7724    i.IMU_QuaternionEKF_xhatUpdate  quaternions_ekf.o
    0x0800b6cc   0x0800b6cc   0x000001cc   Code   RO         6967    i.IMUupdate         mpu6050.o
    0x0800b898   0x0800b898   0x000001c8   Code   RO         7950    i.INS_GetAttitude   ins.o
    0x0800ba60   0x0800ba60   0x000000c4   Code   RO         7951    i.INS_Init          ins.o
    0x0800bb24   0x0800bb24   0x00000108   Code   RO         7952    i.InitQuaternion    ins.o
    0x0800bc2c   0x0800bc2c   0x000003e4   Code   RO         7566    i.Kalman_Filter_Init  kalman_filter.o
    0x0800c010   0x0800c010   0x00000048   Code   RO         7567    i.Kalman_Filter_Measure  kalman_filter.o
    0x0800c058   0x0800c058   0x0000006a   Code   RO         7568    i.Kalman_Filter_P_Update  kalman_filter.o
    0x0800c0c2   0x0800c0c2   0x0000006c   Code   RO         7569    i.Kalman_Filter_PminusUpdate  kalman_filter.o
    0x0800c12e   0x0800c12e   0x000000ca   Code   RO         7570    i.Kalman_Filter_SetK  kalman_filter.o
    0x0800c1f8   0x0800c1f8   0x000000e8   Code   RO         7571    i.Kalman_Filter_Update  kalman_filter.o
    0x0800c2e0   0x0800c2e0   0x00000074   Code   RO         7572    i.Kalman_Filter_xhatMinusUpdate  kalman_filter.o
    0x0800c354   0x0800c354   0x00000084   Code   RO         7573    i.Kalman_Filter_xhatUpdate  kalman_filter.o
    0x0800c3d8   0x0800c3d8   0x00000270   Code   RO         6968    i.MPU6050_Calibrate_Offset  mpu6050.o
    0x0800c648   0x0800c648   0x000000b8   Code   RO         6969    i.MPU6050_Init      mpu6050.o
    0x0800c700   0x0800c700   0x00000070   Code   RO         6970    i.MPU6050_Read      mpu6050.o
    0x0800c770   0x0800c770   0x00000012   Code   RO         6971    i.MPU6050_ReadData  mpu6050.o
    0x0800c782   0x0800c782   0x00000018   Code   RO         6972    i.MPU6050_WriteByte  mpu6050.o
    0x0800c79a   0x0800c79a   0x00000002   PAD
    0x0800c79c   0x0800c79c   0x000000ec   Code   RO         6398    i.MPU_Init_         hardware_config.o
    0x0800c888   0x0800c888   0x0000011c   Code   RO          241    i.MX_DMA_Init       dma.o
    0x0800c9a4   0x0800c9a4   0x00000068   Code   RO          267    i.MX_FDCAN1_Init    fdcan.o
    0x0800ca0c   0x0800ca0c   0x0000006c   Code   RO          268    i.MX_FDCAN2_Init    fdcan.o
    0x0800ca78   0x0800ca78   0x000000e0   Code   RO          217    i.MX_GPIO_Init      gpio.o
    0x0800cb58   0x0800cb58   0x00000058   Code   RO          316    i.MX_I2C2_Init      i2c.o
    0x0800cbb0   0x0800cbb0   0x00000060   Code   RO          376    i.MX_SPI1_Init      spi.o
    0x0800cc10   0x0800cc10   0x00000034   Code   RO          418    i.MX_TIM13_Init     tim.o
    0x0800cc44   0x0800cc44   0x00000034   Code   RO          419    i.MX_TIM14_Init     tim.o
    0x0800cc78   0x0800cc78   0x00000068   Code   RO          420    i.MX_TIM5_Init      tim.o
    0x0800cce0   0x0800cce0   0x00000068   Code   RO          472    i.MX_UART4_Init     usart.o
    0x0800cd48   0x0800cd48   0x00000068   Code   RO          473    i.MX_UART5_Init     usart.o
    0x0800cdb0   0x0800cdb0   0x00000068   Code   RO          474    i.MX_UART7_Init     usart.o
    0x0800ce18   0x0800ce18   0x00000068   Code   RO          475    i.MX_UART8_Init     usart.o
    0x0800ce80   0x0800ce80   0x00000070   Code   RO          476    i.MX_USART1_UART_Init  usart.o
    0x0800cef0   0x0800cef0   0x00000068   Code   RO          477    i.MX_USART2_UART_Init  usart.o
    0x0800cf58   0x0800cf58   0x00000068   Code   RO          478    i.MX_USART3_UART_Init  usart.o
    0x0800cfc0   0x0800cfc0   0x00000068   Code   RO          479    i.MX_USART6_UART_Init  usart.o
    0x0800d028   0x0800d028   0x00000002   Code   RO          574    i.MemManage_Handler  stm32h7xx_it.o
    0x0800d02a   0x0800d02a   0x00000002   PAD
    0x0800d02c   0x0800d02c   0x000000b0   Code   RO         6889    i.MotorCanOutput    motor.o
    0x0800d0dc   0x0800d0dc   0x0000006c   Code   RO         6890    i.MotorFillData     motor.o
    0x0800d148   0x0800d148   0x00000084   Code   RO         6891    i.MotorInit         motor.o
    0x0800d1cc   0x0800d1cc   0x00000178   Code   RO         6893    i.MotorRxCallback   motor.o
    0x0800d344   0x0800d344   0x00000038   Code   RO         6610    i.Motor_CheckFPS    check.o
    0x0800d37c   0x0800d37c   0x00000002   Code   RO          575    i.NMI_Handler       stm32h7xx_it.o
    0x0800d37e   0x0800d37e   0x00000044   Code   RO         7790    i.Norm3d            user_lib.o
    0x0800d3c2   0x0800d3c2   0x00000002   PAD
    0x0800d3c4   0x0800d3c4   0x00000148   Code   RO         7658    i.PID_Init          pid.o
    0x0800d50c   0x0800d50c   0x00000002   Code   RO          576    i.PendSV_Handler    stm32h7xx_it.o
    0x0800d50e   0x0800d50e   0x00000002   PAD
    0x0800d510   0x0800d510   0x00000140   Code   RO         1755    i.RCCEx_PLL2_Config  stm32h7xx_hal_rcc_ex.o
    0x0800d650   0x0800d650   0x00000140   Code   RO         1756    i.RCCEx_PLL3_Config  stm32h7xx_hal_rcc_ex.o
    0x0800d790   0x0800d790   0x00000140   Code   RO         6611    i.RobotOnlineState  check.o
    0x0800d8d0   0x0800d8d0   0x00000028   Code   RO         6716    i.RobotToBrain      brain.o
    0x0800d8f8   0x0800d8f8   0x000000d4   Code   RO         6717    i.RobotToBrain_Autoaim  brain.o
    0x0800d9cc   0x0800d9cc   0x00000054   Code   RO         6718    i.RobotToBrain_Lidar  brain.o
    0x0800da20   0x0800da20   0x000000c4   Code   RO         3975    i.SPI_CloseTransfer  stm32h7xx_hal_spi.o
    0x0800dae4   0x0800dae4   0x00000014   Code   RO         3986    i.SPI_GetPacketSize  stm32h7xx_hal_spi.o
    0x0800daf8   0x0800daf8   0x00000052   Code   RO         6119    i.SPI_RegisterSlave  driver_spi.o
    0x0800db4a   0x0800db4a   0x00000002   PAD
    0x0800db4c   0x0800db4c   0x00000058   Code   RO         6120    i.SPI_SerialNumSelect  driver_spi.o
    0x0800dba4   0x0800dba4   0x00000058   Code   RO         6122    i.SPI_SlaveInit     driver_spi.o
    0x0800dbfc   0x0800dbfc   0x00000056   Code   RO         3993    i.SPI_WaitOnFlagUntilTimeout  stm32h7xx_hal_spi.o
    0x0800dc52   0x0800dc52   0x00000002   Code   RO          577    i.SVC_Handler       stm32h7xx_it.o
    0x0800dc54   0x0800dc54   0x00000050   Code   RO         6073    i.Sensors_I2C_ReadRegister  driver_iic.o
    0x0800dca4   0x0800dca4   0x00000050   Code   RO         6075    i.Sensors_I2C_WriteRegister  driver_iic.o
    0x0800dcf4   0x0800dcf4   0x000001d4   Code   RO         6436    i.ShootPlantControl  shoot.o
    0x0800dec8   0x0800dec8   0x00000060   Code   RO         7794    i.Sqrt              user_lib.o
    0x0800df28   0x0800df28   0x00000004   Code   RO          578    i.SysTick_Handler   stm32h7xx_it.o
    0x0800df2c   0x0800df2c   0x000000dc   Code   RO           14    i.SystemClock_Config  main.o
    0x0800e008   0x0800e008   0x000000dc   Code   RO          825    i.SystemInit        system_stm32h7xx.o
    0x0800e0e4   0x0800e0e4   0x00000034   Code   RO         6198    i.TIM13_Task        control_logic.o
    0x0800e118   0x0800e118   0x0000018c   Code   RO         6199    i.TIM14_Task        control_logic.o
    0x0800e2a4   0x0800e2a4   0x0000000c   Code   RO          579    i.TIM8_TRG_COM_TIM14_IRQHandler  stm32h7xx_it.o
    0x0800e2b0   0x0800e2b0   0x0000000c   Code   RO          580    i.TIM8_UP_TIM13_IRQHandler  stm32h7xx_it.o
    0x0800e2bc   0x0800e2bc   0x000000d8   Code   RO         4373    i.TIM_Base_SetConfig  stm32h7xx_hal_tim.o
    0x0800e394   0x0800e394   0x00000016   Code   RO         4384    i.TIM_ETR_SetConfig  stm32h7xx_hal_tim.o
    0x0800e3aa   0x0800e3aa   0x00000014   Code   RO         4385    i.TIM_ITRx_SetConfig  stm32h7xx_hal_tim.o
    0x0800e3be   0x0800e3be   0x00000006   Code   RO         5955    i.TIM_Open          driver_timer.o
    0x0800e3c4   0x0800e3c4   0x00000026   Code   RO         4393    i.TIM_TI1_ConfigInputStage  stm32h7xx_hal_tim.o
    0x0800e3ea   0x0800e3ea   0x00000028   Code   RO         4395    i.TIM_TI2_ConfigInputStage  stm32h7xx_hal_tim.o
    0x0800e412   0x0800e412   0x00000002   PAD
    0x0800e414   0x0800e414   0x0000002c   Code   RO         5956    i.TIMx_Init         driver_timer.o
    0x0800e440   0x0800e440   0x0000008c   Code   RO         6672    i.Trans_forToptoBase  communication.o
    0x0800e4cc   0x0800e4cc   0x00000018   Code   RO          581    i.UART4_IRQHandler  stm32h7xx_it.o
    0x0800e4e4   0x0800e4e4   0x00000018   Code   RO          582    i.UART5_IRQHandler  stm32h7xx_it.o
    0x0800e4fc   0x0800e4fc   0x00000018   Code   RO          583    i.UART7_IRQHandler  stm32h7xx_it.o
    0x0800e514   0x0800e514   0x0000000c   Code   RO          584    i.UART8_IRQHandler  stm32h7xx_it.o
    0x0800e520   0x0800e520   0x0000005c   Code   RO         5735    i.UARTEx_SetNbDataToProcess  stm32h7xx_hal_uart_ex.o
    0x0800e57c   0x0800e57c   0x000000d8   Code   RO         5339    i.UART_AdvFeatureConfig  stm32h7xx_hal_uart.o
    0x0800e654   0x0800e654   0x000000ba   Code   RO         5340    i.UART_CheckIdleState  stm32h7xx_hal_uart.o
    0x0800e70e   0x0800e70e   0x00000014   Code   RO         5341    i.UART_DMAAbortOnError  stm32h7xx_hal_uart.o
    0x0800e722   0x0800e722   0x00000054   Code   RO         5342    i.UART_DMAError     stm32h7xx_hal_uart.o
    0x0800e776   0x0800e776   0x0000008c   Code   RO         5343    i.UART_DMAReceiveCplt  stm32h7xx_hal_uart.o
    0x0800e802   0x0800e802   0x00000020   Code   RO         5345    i.UART_DMARxHalfCplt  stm32h7xx_hal_uart.o
    0x0800e822   0x0800e822   0x00000042   Code   RO         5347    i.UART_DMATransmitCplt  stm32h7xx_hal_uart.o
    0x0800e864   0x0800e864   0x0000000a   Code   RO         5349    i.UART_DMATxHalfCplt  stm32h7xx_hal_uart.o
    0x0800e86e   0x0800e86e   0x00000050   Code   RO         5351    i.UART_EndRxTransfer  stm32h7xx_hal_uart.o
    0x0800e8be   0x0800e8be   0x00000024   Code   RO         5352    i.UART_EndTransmit_IT  stm32h7xx_hal_uart.o
    0x0800e8e2   0x0800e8e2   0x0000002e   Code   RO         5353    i.UART_EndTxTransfer  stm32h7xx_hal_uart.o
    0x0800e910   0x0800e910   0x0000006c   Code   RO         5893    i.UART_Idle_Handler  driver_usart.o
    0x0800e97c   0x0800e97c   0x000004c2   Code   RO         5358    i.UART_SetConfig    stm32h7xx_hal_uart.o
    0x0800ee3e   0x0800ee3e   0x00000002   PAD
    0x0800ee40   0x0800ee40   0x000000ac   Code   RO         5359    i.UART_Start_Receive_DMA  stm32h7xx_hal_uart.o
    0x0800eeec   0x0800eeec   0x000000b4   Code   RO         5365    i.UART_WaitOnFlagUntilTimeout  stm32h7xx_hal_uart.o
    0x0800efa0   0x0800efa0   0x00000038   Code   RO         5894    i.UARTx_Init        driver_usart.o
    0x0800efd8   0x0800efd8   0x00000018   Code   RO          585    i.USART1_IRQHandler  stm32h7xx_it.o
    0x0800eff0   0x0800eff0   0x00000018   Code   RO          586    i.USART2_IRQHandler  stm32h7xx_it.o
    0x0800f008   0x0800f008   0x00000018   Code   RO          587    i.USART3_IRQHandler  stm32h7xx_it.o
    0x0800f020   0x0800f020   0x0000000c   Code   RO          588    i.USART6_IRQHandler  stm32h7xx_it.o
    0x0800f02c   0x0800f02c   0x00000002   Code   RO          589    i.UsageFault_Handler  stm32h7xx_it.o
    0x0800f02e   0x0800f02e   0x00000002   PAD
    0x0800f030   0x0800f030   0x00000028   Code   RO         5895    i.UsartDmaPrintf    driver_usart.o
    0x0800f058   0x0800f058   0x00000030   Code   RO         8888    i.__ARM_fpclassify  m_wv.l(fpclassify.o)
    0x0800f088   0x0800f088   0x00000026   Code   RO         8890    i.__ARM_fpclassifyf  m_wv.l(fpclassifyf.o)
    0x0800f0ae   0x0800f0ae   0x00000002   PAD
    0x0800f0b0   0x0800f0b0   0x00000124   Code   RO         8528    i.__hardfp_acosf    m_wv.l(acosf.o)
    0x0800f1d4   0x0800f1d4   0x00000004   PAD
    0x0800f1d8   0x0800f1d8   0x00000208   Code   RO         8540    i.__hardfp_asin     m_wv.l(asin.o)
    0x0800f3e0   0x0800f3e0   0x00000138   Code   RO         8554    i.__hardfp_asinf    m_wv.l(asinf.o)
    0x0800f518   0x0800f518   0x00000200   Code   RO         8851    i.__hardfp_atan     m_wv.l(atan.o)
    0x0800f718   0x0800f718   0x000001c0   Code   RO         8566    i.__hardfp_atan2    m_wv.l(atan2.o)
    0x0800f8d8   0x0800f8d8   0x00000258   Code   RO         8578    i.__hardfp_atan2f   m_wv.l(atan2f.o)
    0x0800fb30   0x0800fb30   0x00000150   Code   RO         8602    i.__hardfp_cosf     m_wv.l(cosf.o)
    0x0800fc80   0x0800fc80   0x00000194   Code   RO         8626    i.__hardfp_sinf     m_wv.l(sinf.o)
    0x0800fe14   0x0800fe14   0x0000003a   Code   RO         8650    i.__hardfp_sqrtf    m_wv.l(sqrtf.o)
    0x0800fe4e   0x0800fe4e   0x00000070   Code   RO         8906    i.__kernel_poly     m_wv.l(poly.o)
    0x0800febe   0x0800febe   0x00000006   Code   RO         8869    i.__mathlib_dbl_infnan  m_wv.l(dunder.o)
    0x0800fec4   0x0800fec4   0x00000006   Code   RO         8870    i.__mathlib_dbl_infnan2  m_wv.l(dunder.o)
    0x0800feca   0x0800feca   0x00000006   PAD
    0x0800fed0   0x0800fed0   0x00000018   Code   RO         8871    i.__mathlib_dbl_invalid  m_wv.l(dunder.o)
    0x0800fee8   0x0800fee8   0x00000018   Code   RO         8874    i.__mathlib_dbl_underflow  m_wv.l(dunder.o)
    0x0800ff00   0x0800ff00   0x00000006   Code   RO         8893    i.__mathlib_flt_infnan  m_wv.l(funder.o)
    0x0800ff06   0x0800ff06   0x00000006   Code   RO         8894    i.__mathlib_flt_infnan2  m_wv.l(funder.o)
    0x0800ff0c   0x0800ff0c   0x00000010   Code   RO         8895    i.__mathlib_flt_invalid  m_wv.l(funder.o)
    0x0800ff1c   0x0800ff1c   0x00000010   Code   RO         8898    i.__mathlib_flt_underflow  m_wv.l(funder.o)
    0x0800ff2c   0x0800ff2c   0x00000154   Code   RO         8914    i.__mathlib_rredf2  m_wv.l(rredf.o)
    0x08010080   0x08010080   0x0000000e   Code   RO         8762    i._is_digit         c_w.l(__printf_wp.o)
    0x0801008e   0x0801008e   0x0000002a   Code   RO         8010    i.arm_mat_add_f32   matrixfunctions.o
    0x080100b8   0x080100b8   0x00000008   Code   RO         8021    i.arm_mat_init_f32  matrixfunctions.o
    0x080100c0   0x080100c0   0x000001e0   Code   RO         8024    i.arm_mat_inverse_f32  matrixfunctions.o
    0x080102a0   0x080102a0   0x00000070   Code   RO         8028    i.arm_mat_mult_f32  matrixfunctions.o
    0x08010310   0x08010310   0x0000002a   Code   RO         8043    i.arm_mat_sub_f32   matrixfunctions.o
    0x0801033a   0x0801033a   0x00000032   Code   RO         8047    i.arm_mat_trans_f32  matrixfunctions.o
    0x0801036c   0x0801036c   0x00000010   Code   RO         8853    i.atan              m_wv.l(atan.o)
    0x0801037c   0x0801037c   0x00000018   Code   RO         8884    i.fabs              m_wv.l(fabs.o)
    0x08010394   0x08010394   0x00000020   Code   RO         7796    i.float_constrain   user_lib.o
    0x080103b4   0x080103b4   0x00000028   Code   RO         7799    i.float_to_uint     user_lib.o
    0x080103dc   0x080103dc   0x00000010   Code   RO         7800    i.int16_constrain   user_lib.o
    0x080103ec   0x080103ec   0x0000002c   Code   RO         7801    i.invSqrt           user_lib.o
    0x08010418   0x08010418   0x00000052   Code   RO           15    i.main              main.o
    0x0801046a   0x0801046a   0x0000006a   Code   RO         8640    i.sqrt              m_wv.l(sqrt.o)
    0x080104d4   0x080104d4   0x0000003e   Code   RO         8652    i.sqrtf             m_wv.l(sqrtf.o)
    0x08010512   0x08010512   0x00000028   Code   RO         7805    i.uint_to_float     user_lib.o
    0x0801053a   0x0801053a   0x00000002   PAD
    0x0801053c   0x0801053c   0x0000002c   Code   RO         9031    locale$$code        c_w.l(lc_numeric_c.o)
    0x08010568   0x08010568   0x0000002c   Code   RO         9064    locale$$code        c_w.l(lc_ctype_c.o)
    0x08010594   0x08010594   0x0000000a   Code   RO         8985    x$fpl$fpinit        fz_wv.l(fpinit.o)
    0x0801059e   0x0801059e   0x00000004   Code   RO         8842    x$fpl$printf1       fz_wv.l(printf1.o)
    0x080105a2   0x080105a2   0x00000004   Code   RO         8844    x$fpl$printf2       fz_wv.l(printf2.o)
    0x080105a6   0x080105a6   0x00000000   Code   RO         8850    x$fpl$usenofp       fz_wv.l(usenofp.o)
    0x080105a6   0x080105a6   0x00000010   Data   RO          826    .constdata          system_stm32h7xx.o
    0x080105b6   0x080105b6   0x00000002   PAD
    0x080105b8   0x080105b8   0x0000005c   Data   RO         1109    .constdata          stm32h7xx_hal_fdcan.o
    0x08010614   0x08010614   0x00000008   Data   RO         2344    .constdata          stm32h7xx_hal_dma.o
    0x0801061c   0x0801061c   0x00000018   Data   RO         5366    .constdata          stm32h7xx_hal_uart.o
    0x08010634   0x08010634   0x00000010   Data   RO         5737    .constdata          stm32h7xx_hal_uart_ex.o
    0x08010644   0x08010644   0x00000090   Data   RO         7726    .constdata          quaternions_ekf.o
    0x080106d4   0x080106d4   0x0000003c   Data   RO         7954    .constdata          ins.o
    0x08010710   0x08010710   0x00000050   Data   RO         8543    .constdata          m_wv.l(asin.o)
    0x08010760   0x08010760   0x00000008   Data   RO         8721    .constdata          c_w.l(_printf_wctomb.o)
    0x08010768   0x08010768   0x00000028   Data   RO         8750    .constdata          c_w.l(_printf_hex_int_ll_ptr.o)
    0x08010790   0x08010790   0x00000011   Data   RO         8770    .constdata          c_w.l(__printf_flags_ss_wp.o)
    0x080107a1   0x080107a1   0x00000007   PAD
    0x080107a8   0x080107a8   0x00000098   Data   RO         8854    .constdata          m_wv.l(atan.o)
    0x08010840   0x08010840   0x00000008   Data   RO         8908    .constdata          m_wv.l(qnan.o)
    0x08010848   0x08010848   0x00000020   Data   RO         8915    .constdata          m_wv.l(rredf.o)
    0x08010868   0x08010868   0x00000026   Data   RO         8965    .constdata          c_w.l(_printf_fp_hex.o)
    0x0801088e   0x0801088e   0x00000002   PAD
    0x08010890   0x08010890   0x00000094   Data   RO         9006    .constdata          c_w.l(bigflt0.o)
    0x08010924   0x08010924   0x00000020   Data   RO         9118    Region$$Table       anon$$obj.o
    0x08010944   0x08010944   0x0000001c   Data   RO         9030    locale$$data        c_w.l(lc_numeric_c.o)
    0x08010960   0x08010960   0x00000110   Data   RO         9063    locale$$data        c_w.l(lc_ctype_c.o)


    Execution Region RW_IRAM1 (Exec base: 0x20000000, Load base: 0x08010a70, Size: 0x00000000, Max: 0x00020000, ABSOLUTE)

    **** No section assigned to this execution region ****


    Execution Region RW_IRAM2 (Exec base: 0x24000000, Load base: 0x08010a70, Size: 0x00006024, Max: 0x00080000, ABSOLUTE, COMPRESSED[0x000000b4])

    Exec Addr    Load Addr    Size         Type   Attr      Idx    E Section Name        Object

    0x24000000   COMPRESSED   0x00000004   Data   RW          270    .data               fdcan.o
    0x24000004   COMPRESSED   0x00000008   Data   RW          827    .data               system_stm32h7xx.o
    0x2400000c   COMPRESSED   0x0000000c   Data   RW         3082    .data               stm32h7xx_hal.o
    0x24000018   COMPRESSED   0x00000020   Data   RW         5848    .data               driver_can.o
    0x24000038   COMPRESSED   0x00000040   Data   RW         6005    .data               driver_counter.o
    0x24000078   COMPRESSED   0x00000004   Data   RW         6200    .data               control_logic.o
    0x2400007c   COMPRESSED   0x0000000c   Data   RW         6516    .data               holder.o
    0x24000088   COMPRESSED   0x0000000c   Data   RW         6613    .data               check.o
    0x24000094   COMPRESSED   0x0000001c   Data   RW         6674    .data               communication.o
    0x240000b0   COMPRESSED   0x00000008   Data   RW         6720    .data               brain.o
    0x240000b8   COMPRESSED   0x00000088   Data   RW         6894    .data               motor.o
    0x24000140   COMPRESSED   0x00000060   Data   RW         6974    .data               mpu6050.o
    0x240001a0   COMPRESSED   0x00000028   Data   RW         6975    .data               mpu6050.o
    0x240001c8   COMPRESSED   0x000000fc   Data   RW         7043    .data               bmi088.o
    0x240002c4   COMPRESSED   0x0000001c   Data   RW         7314    .data               dm_motor.o
    0x240002e0   COMPRESSED   0x00000020   Data   RW         7574    .data               kalman_filter.o
    0x24000300   COMPRESSED   0x00000008   Data   RW         7663    .data               pid.o
    0x24000308   COMPRESSED   0x00000008   Data   RW         7664    .data               pid.o
    0x24000310   COMPRESSED   0x000000d4   Data   RW         7727    .data               quaternions_ekf.o
    0x240003e4   COMPRESSED   0x00000014   Data   RW         7955    .data               ins.o
    0x240003f8   COMPRESSED   0x00000004   Data   RW         7956    .data               ins.o
    0x240003fc        -       0x00000140   Zero   RW          269    .bss                fdcan.o
    0x2400053c        -       0x00000054   Zero   RW          317    .bss                i2c.o
    0x24000590        -       0x00000088   Zero   RW          377    .bss                spi.o
    0x24000618        -       0x000000e4   Zero   RW          421    .bss                tim.o
    0x240006fc        -       0x00000ba8   Zero   RW          480    .bss                usart.o
    0x240012a4        -       0x00000720   Zero   RW         5897    .bss                driver_usart.o
    0x240019c4        -       0x00000028   Zero   RW         5957    .bss                driver_timer.o
    0x240019ec        -       0x00000048   Zero   RW         6125    .bss                driver_spi.o
    0x24001a34        -       0x0000039c   Zero   RW         6437    .bss                shoot.o
    0x24001dd0        -       0x000002c4   Zero   RW         6515    .bss                holder.o
    0x24002094        -       0x00000018   Zero   RW         6612    .bss                check.o
    0x240020ac        -       0x00000032   Zero   RW         6673    .bss                communication.o
    0x240020de   COMPRESSED   0x00000002   PAD
    0x240020e0        -       0x0000012c   Zero   RW         6719    .bss                brain.o
    0x2400220c        -       0x00000014   Zero   RW         6784    .bss                dr16.o
    0x24002220        -       0x00000010   Zero   RW         6841    .bss                et08.o
    0x24002230        -       0x0000000e   Zero   RW         6973    .bss                mpu6050.o
    0x2400223e   COMPRESSED   0x00000002   PAD
    0x24002240        -       0x0000001c   Zero   RW         7041    .bss                bmi088.o
    0x2400225c        -       0x0000048c   Zero   RW         7149    .bss                referee.o
    0x240026e8        -       0x000002ec   Zero   RW         7659    .bss                pid.o
    0x240029d4   COMPRESSED   0x00000004   PAD
    0x240029d8        -       0x00000270   Zero   RW         7725    .bss                quaternions_ekf.o
    0x24002c48        -       0x000000d8   Zero   RW         7953    .bss                ins.o
    0x24002d20        -       0x00000060   Zero   RW         8926    .bss                c_w.l(libspace.o)
    0x24002d80        -       0x00001000   Zero   RW            2    HEAP                startup_stm32h750xx.o
    0x24003d80        -       0x00001000   Zero   RW            1    STACK               startup_stm32h750xx.o
    0x24004d80   COMPRESSED   0x00001290   PAD
    0x24006010        -       0x00000012   Zero   RW         6783    .ARM.__AT_0x24006010  dr16.o


==============================================================================

Image component sizes


      Code (inc. data)   RO Data    RW Data    ZI Data      Debug   Object Name

      2280        136          0        252         28      12981   bmi088.o
       892         98          0          8        300       7566   brain.o
       418         22          0         12         24       7058   check.o
       224         26          0         28         50       2785   communication.o
       520        108          0          4          0       9289   control_logic.o
       528         28          0         28          0       6577   dm_motor.o
       284          4          0          0          0        906   dma.o
       354         16          0          0         38       3547   dr16.o
       238         26          0         32          0       3994   driver_can.o
       448         66          0         64          0       5017   driver_counter.o
       180          0          0          0          0       2687   driver_iic.o
       258         32          0          0         72       3914   driver_spi.o
        98         24          0          0         40       2837   driver_timer.o
       344         56          0          0       1824       5119   driver_usart.o
         0          0          0          0         16        873   et08.o
       504         40          0          4        320       2644   fdcan.o
       224         18          0          0          0       1027   gpio.o
       520        136          0          0          0      37188   hardware_config.o
       662         58          0         12        708       4139   holder.o
       284         38          0          0         84       2309   i2c.o
      1384         86         60         24        216       6849   ins.o
      2228         22          0         32          0      10234   kalman_filter.o
       306         12          0          0          0    1359482   main.o
       734         12          0          0          0      10136   matrixfunctions.o
      1180         86          0        136          0      12274   motor.o
      1422        102          0        136         14       7402   mpu6050.o
       582         48          0         16        748       5218   pid.o
      2780        154        144        212        624      10147   quaternions_ekf.o
         0          0          0          0       1164       8135   referee.o
       872         70          0          0        924       4047   shoot.o
       228         20          0          0        136       1729   spi.o
        64         26        664          0       8192        848   startup_stm32h750xx.o
       208         42          0         12          0      22720   stm32h7xx_hal.o
       364         40          0          0          0      41389   stm32h7xx_hal_cortex.o
      6514        834          8          0          0      14985   stm32h7xx_hal_dma.o
      3068         36         92          0          0      23361   stm32h7xx_hal_fdcan.o
       898         12          0          0          0       3386   stm32h7xx_hal_gpio.o
      2428         32          0          0          0      16258   stm32h7xx_hal_i2c.o
       176          0          0          0          0       1999   stm32h7xx_hal_i2c_ex.o
        32          4          0          0          0        806   stm32h7xx_hal_msp.o
        96         10          0          0          0        837   stm32h7xx_hal_pwr_ex.o
      3180        162          0          0          0       8488   stm32h7xx_hal_rcc.o
      4332        190          0          0          0       8201   stm32h7xx_hal_rcc_ex.o
      1710         14          0          0          0       6125   stm32h7xx_hal_spi.o
      1238         44          0          0          0      10159   stm32h7xx_hal_tim.o
       174         10          0          0          0       3240   stm32h7xx_hal_tim_ex.o
      4126        174         24          0          0      41582   stm32h7xx_hal_uart.o
       312          6         16          0          0       5526   stm32h7xx_hal_uart_ex.o
       416        162          0          0          0      18850   stm32h7xx_it.o
       220         40         16          8          0       1310   system_stm32h7xx.o
       332         40          0          0        228       2892   tim.o
      2536        190          0          0       2984       8486   usart.o
       460         14          0          0          0       6120   user_lib.o

    ----------------------------------------------------------------------
     53914       3626       1058       1020      23496    1805678   Object Totals
         0          0         32          0          0          0   (incl. Generated)
        54          0          2          0       4762          0   (incl. Padding)

    ----------------------------------------------------------------------

      Code (inc. data)   RO Data    RW Data    ZI Data      Debug   Library Member Name

        90          0          0          0          0          0   __dczerorl2.o
         8          0          0          0          0         68   __main.o
       392          4         17          0          0         92   __printf_flags_ss_wp.o
        14          0          0          0          0         68   __printf_wp.o
         0          0          0          0          0          0   __rtentry.o
        12          0          0          0          0          0   __rtentry2.o
         6          0          0          0          0          0   __rtentry4.o
        52          8          0          0          0          0   __scatter.o
        28          0          0          0          0          0   __scatter_zi.o
         6          0          0          0          0          0   _printf_a.o
         6          0          0          0          0          0   _printf_c.o
        44          0          0          0          0        108   _printf_char.o
        48          6          0          0          0         96   _printf_char_common.o
        40          0          0          0          0         68   _printf_charcount.o
         6          0          0          0          0          0   _printf_d.o
       120         16          0          0          0         92   _printf_dec.o
         6          0          0          0          0          0   _printf_e.o
         6          0          0          0          0          0   _printf_f.o
      1054          0          0          0          0        216   _printf_fp_dec.o
       764          8         38          0          0        100   _printf_fp_hex.o
       128         16          0          0          0         84   _printf_fp_infnan.o
         6          0          0          0          0          0   _printf_g.o
       148          4         40          0          0        160   _printf_hex_int_ll_ptr.o
         6          0          0          0          0          0   _printf_i.o
       178          0          0          0          0         88   _printf_intcommon.o
        10          0          0          0          0          0   _printf_l.o
         6          0          0          0          0          0   _printf_lc.o
        10          0          0          0          0          0   _printf_ll.o
         6          0          0          0          0          0   _printf_lld.o
         6          0          0          0          0          0   _printf_lli.o
         6          0          0          0          0          0   _printf_llo.o
         6          0          0          0          0          0   _printf_llu.o
         6          0          0          0          0          0   _printf_llx.o
       124         16          0          0          0         92   _printf_longlong_dec.o
         6          0          0          0          0          0   _printf_ls.o
         6          0          0          0          0          0   _printf_n.o
         6          0          0          0          0          0   _printf_o.o
       112         10          0          0          0        124   _printf_oct_int_ll.o
         6          0          0          0          0          0   _printf_p.o
        78          0          0          0          0        108   _printf_pad.o
         0          0          0          0          0          0   _printf_percent.o
         4          0          0          0          0          0   _printf_percent_end.o
         6          0          0          0          0          0   _printf_s.o
        82          0          0          0          0         80   _printf_str.o
        36          0          0          0          0         84   _printf_truncate.o
         6          0          0          0          0          0   _printf_u.o
        44          0          0          0          0        108   _printf_wchar.o
       188          6          8          0          0         92   _printf_wctomb.o
         6          0          0          0          0          0   _printf_x.o
        22          0          0          0          0        100   _rserrno.o
        16          0          0          0          0         68   _snputc.o
        10          0          0          0          0         68   _sputc.o
        64          0          0          0          0         92   _wcrtomb.o
       228          4        148          0          0         96   bigflt0.o
      1936        128          0          0          0        672   btod.o
        10          0          0          0          0         68   defsig_exit.o
        50          0          0          0          0         88   defsig_general.o
        80         58          0          0          0         76   defsig_rtmem_inner.o
        14          0          0          0          0         80   defsig_rtmem_outer.o
        18          0          0          0          0         80   exit.o
        94          0          0          0          0         80   h1_alloc.o
        52          0          0          0          0         68   h1_extend.o
        78          0          0          0          0         80   h1_free.o
        14          0          0          0          0         84   h1_init.o
       184          0          0          0          0         92   h1_realloc.o
         6          0          0          0          0        152   heapauxi.o
         4          0          0          0          0        136   hguard.o
         0          0          0          0          0          0   indicate_semi.o
       138          0          0          0          0        168   init_alloc.o
        44         10        272          0          0         76   lc_ctype_c.o
        44         10         28          0          0         76   lc_numeric_c.o
         2          0          0          0          0          0   libinit.o
        42          0          0          0          0          0   libinit2.o
         2          0          0          0          0          0   libshutdown.o
         2          0          0          0          0          0   libshutdown2.o
         8          4          0          0         96         68   libspace.o
       138          0          0          0          0         80   lludiv10.o
       238          0          0          0          0        100   lludivv7m.o
         0          0          0          0          0          0   maybetermalloc1.o
        16          4          0          0          0         76   rt_ctype_table.o
         8          4          0          0          0         68   rt_errno_addr_intlibspace.o
         8          4          0          0          0         68   rt_heap_descriptor_intlibspace.o
         8          4          0          0          0         68   rt_locale_intlibspace.o
        68          0          0          0          0         68   rt_memclr.o
        78          0          0          0          0         80   rt_memclr_w.o
       100          0          0          0          0         80   rt_memcpy_w.o
         2          0          0          0          0          0   rtexit.o
        10          0          0          0          0          0   rtexit2.o
       104          0          0          0          0         68   strcmpv7m_pel.o
        12          4          0          0          0         68   sys_exit.o
        74          0          0          0          0         80   sys_stackheap_outer.o
        14          0          0          0          0         76   sys_wrch.o
         2          0          0          0          0         68   use_no_semi.o
        52          4          0          0          0         80   vsnprintf.o
        10          0          0          0          0        116   fpinit.o
         4          0          0          0          0        116   printf1.o
         4          0          0          0          0        116   printf2.o
         0          0          0          0          0          0   usenofp.o
       292         58          0          0          0        176   acosf.o
       520         88         80          0          0        252   asin.o
       312         54          0          0          0        176   asinf.o
       528        110        152          0          0        348   atan.o
       448         68          0          0          0        180   atan2.o
       600         98          0          0          0        184   atan2f.o
       336         60          0          0          0        136   cosf.o
        60         28          0          0          0        464   dunder.o
        24          0          0          0          0        124   fabs.o
        48          0          0          0          0        124   fpclassify.o
        38          0          0          0          0        116   fpclassifyf.o
        44         12          0          0          0        464   funder.o
       112          0          0          0          0        116   poly.o
         0          0          8          0          0          0   qnan.o
       340         24         32          0          0        160   rredf.o
       404         60          0          0          0        212   sinf.o
       106          0          0          0          0        140   sqrt.o
       120          0          0          0          0        272   sqrtf.o

    ----------------------------------------------------------------------
     12404        996        832          0         96       9616   Library Totals
        26          4          9          0          0          0   (incl. Padding)

    ----------------------------------------------------------------------

      Code (inc. data)   RO Data    RW Data    ZI Data      Debug   Library Name

      8028        332        551          0         96       5624   c_w.l
        18          0          0          0          0        348   fz_wv.l
      4332        660        272          0          0       3644   m_wv.l

    ----------------------------------------------------------------------
     12404        996        832          0         96       9616   Library Totals

    ----------------------------------------------------------------------

==============================================================================


      Code (inc. data)   RO Data    RW Data    ZI Data      Debug   

     66318       4622       1890       1020      23592    1779322   Grand Totals
     66318       4622       1890        180      23592    1779322   ELF Image Totals (compressed)
     66318       4622       1890        180          0          0   ROM Totals

==============================================================================

    Total RO  Size (Code + RO Data)                68208 (  66.61kB)
    Total RW  Size (RW Data + ZI Data)             24612 (  24.04kB)
    Total ROM Size (Code + RO Data + RW Data)      68388 (  66.79kB)

==============================================================================

