Component: ARM Compiler 5.06 update 6 (build 750) Tool: armlink [4d35ed]

==============================================================================

Section Cross References

    startup_stm32h750xx.o(STACK) refers (Special) to heapauxi.o(.text) for __use_two_region_memory
    startup_stm32h750xx.o(HEAP) refers (Special) to heapauxi.o(.text) for __use_two_region_memory
    startup_stm32h750xx.o(RESET) refers (Special) to heapauxi.o(.text) for __use_two_region_memory
    startup_stm32h750xx.o(RESET) refers to startup_stm32h750xx.o(STACK) for __initial_sp
    startup_stm32h750xx.o(RESET) refers to startup_stm32h750xx.o(.text) for Reset_Handler
    startup_stm32h750xx.o(RESET) refers to stm32h7xx_it.o(i.NMI_Handler) for NMI_Handler
    startup_stm32h750xx.o(RESET) refers to stm32h7xx_it.o(i.HardFault_Handler) for HardFault_Handler
    startup_stm32h750xx.o(RESET) refers to stm32h7xx_it.o(i.MemManage_Handler) for MemManage_Handler
    startup_stm32h750xx.o(RESET) refers to stm32h7xx_it.o(i.BusFault_Handler) for BusFault_Handler
    startup_stm32h750xx.o(RESET) refers to stm32h7xx_it.o(i.UsageFault_Handler) for UsageFault_Handler
    startup_stm32h750xx.o(RESET) refers to stm32h7xx_it.o(i.SVC_Handler) for SVC_Handler
    startup_stm32h750xx.o(RESET) refers to stm32h7xx_it.o(i.DebugMon_Handler) for DebugMon_Handler
    startup_stm32h750xx.o(RESET) refers to stm32h7xx_it.o(i.PendSV_Handler) for PendSV_Handler
    startup_stm32h750xx.o(RESET) refers to stm32h7xx_it.o(i.SysTick_Handler) for SysTick_Handler
    startup_stm32h750xx.o(RESET) refers to stm32h7xx_it.o(i.DMA1_Stream0_IRQHandler) for DMA1_Stream0_IRQHandler
    startup_stm32h750xx.o(RESET) refers to stm32h7xx_it.o(i.DMA1_Stream1_IRQHandler) for DMA1_Stream1_IRQHandler
    startup_stm32h750xx.o(RESET) refers to stm32h7xx_it.o(i.DMA1_Stream2_IRQHandler) for DMA1_Stream2_IRQHandler
    startup_stm32h750xx.o(RESET) refers to stm32h7xx_it.o(i.DMA1_Stream3_IRQHandler) for DMA1_Stream3_IRQHandler
    startup_stm32h750xx.o(RESET) refers to stm32h7xx_it.o(i.DMA1_Stream4_IRQHandler) for DMA1_Stream4_IRQHandler
    startup_stm32h750xx.o(RESET) refers to stm32h7xx_it.o(i.DMA1_Stream5_IRQHandler) for DMA1_Stream5_IRQHandler
    startup_stm32h750xx.o(RESET) refers to stm32h7xx_it.o(i.DMA1_Stream6_IRQHandler) for DMA1_Stream6_IRQHandler
    startup_stm32h750xx.o(RESET) refers to stm32h7xx_it.o(i.FDCAN1_IT0_IRQHandler) for FDCAN1_IT0_IRQHandler
    startup_stm32h750xx.o(RESET) refers to stm32h7xx_it.o(i.FDCAN2_IT0_IRQHandler) for FDCAN2_IT0_IRQHandler
    startup_stm32h750xx.o(RESET) refers to stm32h7xx_it.o(i.USART1_IRQHandler) for USART1_IRQHandler
    startup_stm32h750xx.o(RESET) refers to stm32h7xx_it.o(i.USART2_IRQHandler) for USART2_IRQHandler
    startup_stm32h750xx.o(RESET) refers to stm32h7xx_it.o(i.USART3_IRQHandler) for USART3_IRQHandler
    startup_stm32h750xx.o(RESET) refers to stm32h7xx_it.o(i.TIM8_UP_TIM13_IRQHandler) for TIM8_UP_TIM13_IRQHandler
    startup_stm32h750xx.o(RESET) refers to stm32h7xx_it.o(i.TIM8_TRG_COM_TIM14_IRQHandler) for TIM8_TRG_COM_TIM14_IRQHandler
    startup_stm32h750xx.o(RESET) refers to stm32h7xx_it.o(i.DMA1_Stream7_IRQHandler) for DMA1_Stream7_IRQHandler
    startup_stm32h750xx.o(RESET) refers to stm32h7xx_it.o(i.UART4_IRQHandler) for UART4_IRQHandler
    startup_stm32h750xx.o(RESET) refers to stm32h7xx_it.o(i.UART5_IRQHandler) for UART5_IRQHandler
    startup_stm32h750xx.o(RESET) refers to stm32h7xx_it.o(i.DMA2_Stream0_IRQHandler) for DMA2_Stream0_IRQHandler
    startup_stm32h750xx.o(RESET) refers to stm32h7xx_it.o(i.DMA2_Stream1_IRQHandler) for DMA2_Stream1_IRQHandler
    startup_stm32h750xx.o(RESET) refers to stm32h7xx_it.o(i.DMA2_Stream2_IRQHandler) for DMA2_Stream2_IRQHandler
    startup_stm32h750xx.o(RESET) refers to stm32h7xx_it.o(i.DMA2_Stream3_IRQHandler) for DMA2_Stream3_IRQHandler
    startup_stm32h750xx.o(RESET) refers to stm32h7xx_it.o(i.DMA2_Stream4_IRQHandler) for DMA2_Stream4_IRQHandler
    startup_stm32h750xx.o(RESET) refers to stm32h7xx_it.o(i.DMA2_Stream5_IRQHandler) for DMA2_Stream5_IRQHandler
    startup_stm32h750xx.o(RESET) refers to stm32h7xx_it.o(i.DMA2_Stream6_IRQHandler) for DMA2_Stream6_IRQHandler
    startup_stm32h750xx.o(RESET) refers to stm32h7xx_it.o(i.USART6_IRQHandler) for USART6_IRQHandler
    startup_stm32h750xx.o(RESET) refers to stm32h7xx_it.o(i.UART7_IRQHandler) for UART7_IRQHandler
    startup_stm32h750xx.o(RESET) refers to stm32h7xx_it.o(i.UART8_IRQHandler) for UART8_IRQHandler
    startup_stm32h750xx.o(.text) refers (Special) to heapauxi.o(.text) for __use_two_region_memory
    startup_stm32h750xx.o(.text) refers to system_stm32h7xx.o(i.SystemInit) for SystemInit
    startup_stm32h750xx.o(.text) refers to __main.o(!!!main) for __main
    startup_stm32h750xx.o(.text) refers to startup_stm32h750xx.o(HEAP) for Heap_Mem
    startup_stm32h750xx.o(.text) refers to startup_stm32h750xx.o(STACK) for Stack_Mem
    main.o(i.SystemClock_Config) refers to rt_memclr_w.o(.text) for __aeabi_memclr4
[...]
    HAL_FDCAN_TT_StopWatchCallback           0x0800502d   Thumb Code     2  stm32h7xx_hal_fdcan.o(i.HAL_FDCAN_TT_StopWatchCallback)
    HAL_FDCAN_TT_TimeMarkCallback            0x0800502f   Thumb Code     2  stm32h7xx_hal_fdcan.o(i.HAL_FDCAN_TT_TimeMarkCallback)
    HAL_FDCAN_TimeoutOccurredCallback        0x08005031   Thumb Code     2  stm32h7xx_hal_fdcan.o(i.HAL_FDCAN_TimeoutOccurredCallback)
    HAL_FDCAN_TimestampWraparoundCallback    0x08005033   Thumb Code     2  stm32h7xx_hal_fdcan.o(i.HAL_FDCAN_TimestampWraparoundCallback)
    HAL_FDCAN_TxBufferAbortCallback          0x08005035   Thumb Code     2  stm32h7xx_hal_fdcan.o(i.HAL_FDCAN_TxBufferAbortCallback)
    HAL_FDCAN_TxBufferCompleteCallback       0x08005037   Thumb Code     2  stm32h7xx_hal_fdcan.o(i.HAL_FDCAN_TxBufferCompleteCallback)
    HAL_FDCAN_TxEventFifoCallback            0x08005039   Thumb Code     2  stm32h7xx_hal_fdcan.o(i.HAL_FDCAN_TxEventFifoCallback)
    HAL_FDCAN_TxFifoEmptyCallback            0x0800503b   Thumb Code     2  stm32h7xx_hal_fdcan.o(i.HAL_FDCAN_TxFifoEmptyCallback)
    HAL_GPIO_Init                            0x0800503d   Thumb Code   492  stm32h7xx_hal_gpio.o(i.HAL_GPIO_Init)
    HAL_GPIO_WritePin                        0x08005231   Thumb Code    14  stm32h7xx_hal_gpio.o(i.HAL_GPIO_WritePin)
    HAL_GetREVID                             0x08005241   Thumb Code     8  stm32h7xx_hal.o(i.HAL_GetREVID)
    HAL_GetTick                              0x0800524d   Thumb Code     6  stm32h7xx_hal.o(i.HAL_GetTick)
    HAL_I2CEx_ConfigAnalogFilter             0x08005259   Thumb Code    90  stm32h7xx_hal_i2c_ex.o(i.HAL_I2CEx_ConfigAnalogFilter)
    HAL_I2CEx_ConfigDigitalFilter            0x080052b3   Thumb Code    86  stm32h7xx_hal_i2c_ex.o(i.HAL_I2CEx_ConfigDigitalFilter)
    HAL_I2C_Init                             0x08005309   Thumb Code   202  stm32h7xx_hal_i2c.o(i.HAL_I2C_Init)
    HAL_I2C_MspInit                          0x080053d5   Thumb Code   122  i2c.o(i.HAL_I2C_MspInit)
    HAL_IncTick                              0x0800545d   Thumb Code    12  stm32h7xx_hal.o(i.HAL_IncTick)
    HAL_Init                                 0x0800546d   Thumb Code    74  stm32h7xx_hal.o(i.HAL_Init)
    HAL_InitTick                             0x080054c9   Thumb Code    66  stm32h7xx_hal.o(i.HAL_InitTick)
    HAL_MPU_ConfigRegion                     0x08005515   Thumb Code    76  stm32h7xx_hal_cortex.o(i.HAL_MPU_ConfigRegion)
    HAL_MPU_Disable                          0x08005569   Thumb Code    22  stm32h7xx_hal_cortex.o(i.HAL_MPU_Disable)
    HAL_MPU_Enable                           0x08005589   Thumb Code    28  stm32h7xx_hal_cortex.o(i.HAL_MPU_Enable)
    HAL_MspInit                              0x080055ad   Thumb Code    28  stm32h7xx_hal_msp.o(i.HAL_MspInit)
    HAL_NVIC_EnableIRQ                       0x080055cd   Thumb Code    28  stm32h7xx_hal_cortex.o(i.HAL_NVIC_EnableIRQ)
    HAL_NVIC_SetPriority                     0x080055e9   Thumb Code   104  stm32h7xx_hal_cortex.o(i.HAL_NVIC_SetPriority)
    HAL_NVIC_SetPriorityGrouping             0x08005655   Thumb Code    30  stm32h7xx_hal_cortex.o(i.HAL_NVIC_SetPriorityGrouping)
    HAL_PWREx_ConfigSupply                   0x08005679   Thumb Code    86  stm32h7xx_hal_pwr_ex.o(i.HAL_PWREx_ConfigSupply)
    HAL_RCCEx_GetD3PCLK1Freq                 0x080056d9   Thumb Code    26  stm32h7xx_hal_rcc_ex.o(i.HAL_RCCEx_GetD3PCLK1Freq)
    HAL_RCCEx_GetPLL2ClockFreq               0x080056fd   Thumb Code   424  stm32h7xx_hal_rcc_ex.o(i.HAL_RCCEx_GetPLL2ClockFreq)
    HAL_RCCEx_GetPLL3ClockFreq               0x080058cd   Thumb Code   424  stm32h7xx_hal_rcc_ex.o(i.HAL_RCCEx_GetPLL3ClockFreq)
    HAL_RCCEx_PeriphCLKConfig                0x08005a9d   Thumb Code  2722  stm32h7xx_hal_rcc_ex.o(i.HAL_RCCEx_PeriphCLKConfig)
    HAL_RCC_ClockConfig                      0x08006545   Thumb Code   658  stm32h7xx_hal_rcc.o(i.HAL_RCC_ClockConfig)
    HAL_RCC_GetHCLKFreq                      0x08006801   Thumb Code    56  stm32h7xx_hal_rcc.o(i.HAL_RCC_GetHCLKFreq)
    HAL_RCC_GetPCLK1Freq                     0x08006849   Thumb Code    30  stm32h7xx_hal_rcc.o(i.HAL_RCC_GetPCLK1Freq)
    HAL_RCC_GetPCLK2Freq                     0x08006871   Thumb Code    30  stm32h7xx_hal_rcc.o(i.HAL_RCC_GetPCLK2Freq)
    HAL_RCC_GetSysClockFreq                  0x08006899   Thumb Code   428  stm32h7xx_hal_rcc.o(i.HAL_RCC_GetSysClockFreq)
    HAL_RCC_OscConfig                        0x08006a75   Thumb Code  1840  stm32h7xx_hal_rcc.o(i.HAL_RCC_OscConfig)
    HAL_SPI_Init                             0x080071b1   Thumb Code   370  stm32h7xx_hal_spi.o(i.HAL_SPI_Init)
    HAL_SPI_MspInit                          0x08007331   Thumb Code   120  spi.o(i.HAL_SPI_MspInit)
    HAL_SYSTICK_Config                       0x080073b5   Thumb Code    36  stm32h7xx_hal_cortex.o(i.HAL_SYSTICK_Config)
    HAL_TIMEx_Break2Callback                 0x080073dd   Thumb Code     2  stm32h7xx_hal_tim_ex.o(i.HAL_TIMEx_Break2Callback)
    HAL_TIMEx_BreakCallback                  0x080073df   Thumb Code     2  stm32h7xx_hal_tim_ex.o(i.HAL_TIMEx_BreakCallback)
    HAL_TIMEx_CommutCallback                 0x080073e1   Thumb Code     2  stm32h7xx_hal_tim_ex.o(i.HAL_TIMEx_CommutCallback)
    HAL_TIMEx_MasterConfigSynchronization    0x080073e5   Thumb Code   158  stm32h7xx_hal_tim_ex.o(i.HAL_TIMEx_MasterConfigSynchronization)
    HAL_TIM_Base_Init                        0x0800748d   Thumb Code   100  stm32h7xx_hal_tim.o(i.HAL_TIM_Base_Init)
    HAL_TIM_Base_MspInit                     0x080074f1   Thumb Code   108  tim.o(i.HAL_TIM_Base_MspInit)
    HAL_TIM_Base_Start_IT                    0x0800756d   Thumb Code   144  stm32h7xx_hal_tim.o(i.HAL_TIM_Base_Start_IT)
    HAL_TIM_ConfigClockSource                0x08007601   Thumb Code   266  stm32h7xx_hal_tim.o(i.HAL_TIM_ConfigClockSource)
    HAL_TIM_IC_CaptureCallback               0x0800770b   Thumb Code     2  stm32h7xx_hal_tim.o(i.HAL_TIM_IC_CaptureCallback)
    HAL_TIM_IRQHandler                       0x0800770d   Thumb Code   380  stm32h7xx_hal_tim.o(i.HAL_TIM_IRQHandler)
    HAL_TIM_OC_DelayElapsedCallback          0x08007889   Thumb Code     2  stm32h7xx_hal_tim.o(i.HAL_TIM_OC_DelayElapsedCallback)
    HAL_TIM_PWM_PulseFinishedCallback        0x0800788b   Thumb Code     2  stm32h7xx_hal_tim.o(i.HAL_TIM_PWM_PulseFinishedCallback)
    HAL_TIM_PeriodElapsedCallback            0x0800788d   Thumb Code    36  driver_timer.o(i.HAL_TIM_PeriodElapsedCallback)
    HAL_TIM_TriggerCallback                  0x080078bd   Thumb Code     2  stm32h7xx_hal_tim.o(i.HAL_TIM_TriggerCallback)
    HAL_UARTEx_DisableFifoMode               0x080078bf   Thumb Code    62  stm32h7xx_hal_uart_ex.o(i.HAL_UARTEx_DisableFifoMode)
    HAL_UARTEx_RxEventCallback               0x080078fd   Thumb Code     2  stm32h7xx_hal_uart.o(i.HAL_UARTEx_RxEventCallback)
    HAL_UARTEx_RxFifoFullCallback            0x080078ff   Thumb Code     2  stm32h7xx_hal_uart_ex.o(i.HAL_UARTEx_RxFifoFullCallback)
    HAL_UARTEx_SetRxFifoThreshold            0x08007901   Thumb Code    76  stm32h7xx_hal_uart_ex.o(i.HAL_UARTEx_SetRxFifoThreshold)
    HAL_UARTEx_SetTxFifoThreshold            0x0800794d   Thumb Code    76  stm32h7xx_hal_uart_ex.o(i.HAL_UARTEx_SetTxFifoThreshold)
    HAL_UARTEx_TxFifoEmptyCallback           0x08007999   Thumb Code     2  stm32h7xx_hal_uart_ex.o(i.HAL_UARTEx_TxFifoEmptyCallback)
    HAL_UARTEx_WakeupCallback                0x0800799b   Thumb Code     2  stm32h7xx_hal_uart_ex.o(i.HAL_UARTEx_WakeupCallback)
    HAL_UART_DMAResume                       0x0800799d   Thumb Code   108  stm32h7xx_hal_uart.o(i.HAL_UART_DMAResume)
    HAL_UART_DMAStop                         0x08007a09   Thumb Code   162  stm32h7xx_hal_uart.o(i.HAL_UART_DMAStop)
    HAL_UART_ErrorCallback                   0x08007aab   Thumb Code     2  stm32h7xx_hal_uart.o(i.HAL_UART_ErrorCallback)
    HAL_UART_IRQHandler                      0x08007aad   Thumb Code   940  stm32h7xx_hal_uart.o(i.HAL_UART_IRQHandler)
    HAL_UART_Init                            0x08007ea5   Thumb Code   112  stm32h7xx_hal_uart.o(i.HAL_UART_Init)
    HAL_UART_MspInit                         0x08007f15   Thumb Code  1660  usart.o(i.HAL_UART_MspInit)
    HAL_UART_Receive_DMA                     0x080085b5   Thumb Code    74  stm32h7xx_hal_uart.o(i.HAL_UART_Receive_DMA)
    HAL_UART_RxCpltCallback                  0x080085ff   Thumb Code     2  stm32h7xx_hal_uart.o(i.HAL_UART_RxCpltCallback)
    HAL_UART_RxHalfCpltCallback              0x08008601   Thumb Code     2  stm32h7xx_hal_uart.o(i.HAL_UART_RxHalfCpltCallback)
    HAL_UART_Transmit_DMA                    0x08008605   Thumb Code   142  stm32h7xx_hal_uart.o(i.HAL_UART_Transmit_DMA)
    HAL_UART_TxCpltCallback                  0x080086a1   Thumb Code     2  stm32h7xx_hal_uart.o(i.HAL_UART_TxCpltCallback)
    HAL_UART_TxHalfCpltCallback              0x080086a3   Thumb Code     2  stm32h7xx_hal_uart.o(i.HAL_UART_TxHalfCpltCallback)
    HardFault_Handler                        0x080086a5   Thumb Code     2  stm32h7xx_it.o(i.HardFault_Handler)
    HardwareConfig                           0x080086a9   Thumb Code   122  hardware_config.o(i.HardwareConfig)
    HolderControl_Base                       0x08008781   Thumb Code   170  holder.o(i.HolderControl_Base)
    HolderInit_Base                          0x08008841   Thumb Code    42  holder.o(i.HolderInit_Base)
    MPU_Init_                                0x08008871   Thumb Code   226  hardware_config.o(i.MPU_Init_)
    MX_DMA_Init                              0x0800895d   Thumb Code   280  dma.o(i.MX_DMA_Init)
    MX_FDCAN1_Init                           0x08008a79   Thumb Code    96  fdcan.o(i.MX_FDCAN1_Init)
    MX_FDCAN2_Init                           0x08008ae1   Thumb Code   100  fdcan.o(i.MX_FDCAN2_Init)
    MX_GPIO_Init                             0x08008b4d   Thumb Code   206  gpio.o(i.MX_GPIO_Init)
    MX_I2C2_Init                             0x08008c2d   Thumb Code    76  i2c.o(i.MX_I2C2_Init)
    MX_SPI1_Init                             0x08008c85   Thumb Code    88  spi.o(i.MX_SPI1_Init)
    MX_TIM13_Init                            0x08008ce5   Thumb Code    44  tim.o(i.MX_TIM13_Init)
    MX_TIM14_Init                            0x08008d19   Thumb Code    44  tim.o(i.MX_TIM14_Init)
    MX_TIM5_Init                             0x08008d4d   Thumb Code    96  tim.o(i.MX_TIM5_Init)
    MX_UART4_Init                            0x08008db5   Thumb Code    94  usart.o(i.MX_UART4_Init)
    MX_UART5_Init                            0x08008e1d   Thumb Code    92  usart.o(i.MX_UART5_Init)
    MX_UART7_Init                            0x08008e85   Thumb Code    92  usart.o(i.MX_UART7_Init)
    MX_UART8_Init                            0x08008eed   Thumb Code    94  usart.o(i.MX_UART8_Init)
    MX_USART1_UART_Init                      0x08008f55   Thumb Code   100  usart.o(i.MX_USART1_UART_Init)
    MX_USART2_UART_Init                      0x08008fc5   Thumb Code    92  usart.o(i.MX_USART2_UART_Init)
    MX_USART3_UART_Init                      0x0800902d   Thumb Code    94  usart.o(i.MX_USART3_UART_Init)
    MX_USART6_UART_Init                      0x08009095   Thumb Code    94  usart.o(i.MX_USART6_UART_Init)
    MemManage_Handler                        0x080090fd   Thumb Code     2  stm32h7xx_it.o(i.MemManage_Handler)
    MotorCanOutput                           0x08009101   Thumb Code   164  motor.o(i.MotorCanOutput)
    MotorFillData                            0x080091b1   Thumb Code    96  motor.o(i.MotorFillData)
    MotorInit                                0x0800921d   Thumb Code   110  motor.o(i.MotorInit)
    MotorRxCallback                          0x080092a1   Thumb Code   362  motor.o(i.MotorRxCallback)
    Motor_CheckFPS                           0x08009419   Thumb Code    48  check.o(i.Motor_CheckFPS)
    NMI_Handler                              0x08009451   Thumb Code     2  stm32h7xx_it.o(i.NMI_Handler)
    PID_Init                                 0x08009455   Thumb Code   180  pid.o(i.PID_Init)
    PendSV_Handler                           0x08009529   Thumb Code     2  stm32h7xx_it.o(i.PendSV_Handler)
    Referee_Data_Diapcak                     0x080097ad   Thumb Code   158  referee.o(i.Referee_Data_Diapcak)
    Referee_callback                         0x08009859   Thumb Code    26  referee.o(i.Referee_callback)
    RobotOnlineState                         0x0800987d   Thumb Code   278  check.o(i.RobotOnlineState)
    SVC_Handler                              0x080099b5   Thumb Code     2  stm32h7xx_it.o(i.SVC_Handler)
    SolutionData_FromTop                     0x080099b9   Thumb Code   120  communication.o(i.SolutionData_FromTop)
    SwerveChassisInit                        0x08009a35   Thumb Code   310  swerve_chassis.o(i.SwerveChassisInit)
    SwerveChassisSetSpeed                    0x08009f15   Thumb Code   708  swerve_chassis.o(i.SwerveChassisSetSpeed)
    SwerveChassis_Control                    0x0800a211   Thumb Code   162  swerve_chassis.o(i.SwerveChassis_Control)
    SysTick_Handler                          0x0800a2c1   Thumb Code     4  stm32h7xx_it.o(i.SysTick_Handler)
    SystemClock_Config                       0x0800a2c5   Thumb Code   208  main.o(i.SystemClock_Config)
    SystemInit                               0x0800a3a1   Thumb Code   180  system_stm32h7xx.o(i.SystemInit)
    TIM14_Task                               0x0800a47d   Thumb Code   250  control_logic.o(i.TIM14_Task)
    TIM8_TRG_COM_TIM14_IRQHandler            0x0800a5b5   Thumb Code     6  stm32h7xx_it.o(i.TIM8_TRG_COM_TIM14_IRQHandler)
    TIM8_UP_TIM13_IRQHandler                 0x0800a5c1   Thumb Code     6  stm32h7xx_it.o(i.TIM8_UP_TIM13_IRQHandler)
    TIM_Base_SetConfig                       0x0800a5cd   Thumb Code   184  stm32h7xx_hal_tim.o(i.TIM_Base_SetConfig)
    TIM_ETR_SetConfig                        0x0800a6a5   Thumb Code    22  stm32h7xx_hal_tim.o(i.TIM_ETR_SetConfig)
    TIM_Open                                 0x0800a6cf   Thumb Code     6  driver_timer.o(i.TIM_Open)
    TIMx_Init                                0x0800a725   Thumb Code    32  driver_timer.o(i.TIMx_Init)
    UART4_IRQHandler                         0x0800a751   Thumb Code    18  stm32h7xx_it.o(i.UART4_IRQHandler)
    UART5_IRQHandler                         0x0800a769   Thumb Code     6  stm32h7xx_it.o(i.UART5_IRQHandler)
    UART7_IRQHandler                         0x0800a775   Thumb Code    18  stm32h7xx_it.o(i.UART7_IRQHandler)
    UART8_IRQHandler                         0x0800a78d   Thumb Code     6  stm32h7xx_it.o(i.UART8_IRQHandler)
    UART_AdvFeatureConfig                    0x0800a7f5   Thumb Code   216  stm32h7xx_hal_uart.o(i.UART_AdvFeatureConfig)
    UART_CheckIdleState                      0x0800a8cd   Thumb Code   186  stm32h7xx_hal_uart.o(i.UART_CheckIdleState)
    UART_Idle_Handler                        0x0800ab89   Thumb Code   108  driver_usart.o(i.UART_Idle_Handler)
    UART_SetConfig                           0x0800abf5   Thumb Code  1218  stm32h7xx_hal_uart.o(i.UART_SetConfig)
    UART_Start_Receive_DMA                   0x0800b0b9   Thumb Code   158  stm32h7xx_hal_uart.o(i.UART_Start_Receive_DMA)
    UART_WaitOnFlagUntilTimeout              0x0800b165   Thumb Code   180  stm32h7xx_hal_uart.o(i.UART_WaitOnFlagUntilTimeout)
    UARTx_Init                               0x0800b219   Thumb Code    56  driver_usart.o(i.UARTx_Init)
    USART1_IRQHandler                        0x0800b251   Thumb Code    18  stm32h7xx_it.o(i.USART1_IRQHandler)
    USART2_IRQHandler                        0x0800b269   Thumb Code    18  stm32h7xx_it.o(i.USART2_IRQHandler)
    USART3_IRQHandler                        0x0800b281   Thumb Code    18  stm32h7xx_it.o(i.USART3_IRQHandler)
    USART6_IRQHandler                        0x0800b299   Thumb Code     6  stm32h7xx_it.o(i.USART6_IRQHandler)
    UsageFault_Handler                       0x0800b2a5   Thumb Code     2  stm32h7xx_it.o(i.UsageFault_Handler)
    UsartDmaPrintf                           0x0800b2a9   Thumb Code    32  driver_usart.o(i.UsartDmaPrintf)
    Verify_CRC16_Check_Sum                   0x0800b2d1   Thumb Code    54  referee.o(i.Verify_CRC16_Check_Sum)
    Verify_CRC8_Check_Sum                    0x0800b30d   Thumb Code    38  referee.o(i.Verify_CRC8_Check_Sum)
    _Data_Diapcak                            0x0800b335   Thumb Code   902  referee.o(i._Data_Diapcak)
    __ARM_fpclassify                         0x0800b6c9   Thumb Code    48  fpclassify.o(i.__ARM_fpclassify)
    __hardfp_atan                            0x0800b6f9   Thumb Code   402  atan.o(i.__hardfp_atan)
    __hardfp_atan2                           0x0800b8f9   Thumb Code   380  atan2.o(i.__hardfp_atan2)
    __hardfp_cos                             0x0800bab9   Thumb Code   158  cos.o(i.__hardfp_cos)
    __hardfp_fmod                            0x0800bb69   Thumb Code   246  fmod.o(i.__hardfp_fmod)
    __hardfp_sin                             0x0800bc69   Thumb Code   158  sin.o(i.__hardfp_sin)
    __hardfp_sqrt                            0x0800bd19   Thumb Code   102  sqrt.o(i.__hardfp_sqrt)
    __ieee754_rem_pio2                       0x0800bd81   Thumb Code   646  rred.o(i.__ieee754_rem_pio2)
    __kernel_cos                             0x0800c091   Thumb Code   182  cos_i.o(i.__kernel_cos)
    __kernel_poly                            0x0800c171   Thumb Code   112  poly.o(i.__kernel_poly)
    __kernel_sin                             0x0800c1e1   Thumb Code   144  sin_i.o(i.__kernel_sin)
    __mathlib_dbl_infnan                     0x0800c289   Thumb Code     6  dunder.o(i.__mathlib_dbl_infnan)
    __mathlib_dbl_infnan2                    0x0800c28f   Thumb Code     6  dunder.o(i.__mathlib_dbl_infnan2)
    __mathlib_dbl_invalid                    0x0800c299   Thumb Code    10  dunder.o(i.__mathlib_dbl_invalid)
    __mathlib_dbl_underflow                  0x0800c2b1   Thumb Code    10  dunder.o(i.__mathlib_dbl_underflow)
    _is_digit                                0x0800c2c9   Thumb Code    14  __printf_wp.o(i._is_digit)
    atan                                     0x0800c2d7   Thumb Code    16  atan.o(i.atan)
    fabs                                     0x0800c2e7   Thumb Code    24  fabs.o(i.fabs)
    float_constrain                          0x0800c2ff   Thumb Code    32  user_lib.o(i.float_constrain)
    float_to_uint                            0x0800c31f   Thumb Code    40  user_lib.o(i.float_to_uint)
    int16_constrain                          0x0800c347   Thumb Code    16  user_lib.o(i.int16_constrain)
    main                                     0x0800c357   Thumb Code    82  main.o(i.main)
    uint_to_float                            0x0800c3a9   Thumb Code    40  user_lib.o(i.uint_to_float)
    wrap_to_180                              0x0800c3d1   Thumb Code    54  dm_motor.o(i.wrap_to_180)
    _get_lc_numeric                          0x0800c41d   Thumb Code    44  lc_numeric_c.o(locale$$code)
    _get_lc_ctype                            0x0800c449   Thumb Code    44  lc_ctype_c.o(locale$$code)
    __fpl_dnaninf                            0x0800c475   Thumb Code   156  dnaninf.o(x$fpl$dnaninf)
    _drem                                    0x0800c511   Thumb Code   328  drem_clz.o(x$fpl$drem)
    _fp_init                                 0x0800c661   Thumb Code    10  fpinit.o(x$fpl$fpinit)
    __fplib_config_fpu_vfp                   0x0800c669   Thumb Code     0  fpinit.o(x$fpl$fpinit)
    __fplib_config_pureend_doubles           0x0800c669   Thumb Code     0  fpinit.o(x$fpl$fpinit)
    _printf_fp_dec                           0x0800c66b   Thumb Code     4  printf1.o(x$fpl$printf1)
    _printf_fp_hex                           0x0800c66f   Thumb Code     4  printf2.o(x$fpl$printf2)
    D1CorePrescTable                         0x0800c672   Data          16  system_stm32h7xx.o(.constdata)
    __I$use$fp                               0x0800c672   Number         0  usenofp.o(x$fpl$usenofp)
    UARTPrescTable                           0x0800c6e8   Data          24  stm32h7xx_hal_uart.o(.constdata)
    CRC8_TAB                                 0x0800c710   Data         256  referee.o(.constdata)
    wCRC_Table                               0x0800c810   Data         512  referee.o(.constdata)
    __mathlib_zero                           0x0800cb20   Data           8  qnan.o(.constdata)
    Region$$Table$$Base                      0x0800ccd4   Number         0  anon$$obj.o(Region$$Table)
    Region$$Table$$Limit                     0x0800ccf4   Number         0  anon$$obj.o(Region$$Table)
    __ctype                                  0x0800cd1d   Data           0  lc_ctype_c.o(locale$$data)
    SystemCoreClock                          0x24000004   Data           4  system_stm32h7xx.o(.data)
    SystemD2Clock                            0x24000008   Data           4  system_stm32h7xx.o(.data)
    uwTickFreq                               0x2400000c   Data           1  stm32h7xx_hal.o(.data)
    uwTickPrio                               0x24000010   Data           4  stm32h7xx_hal.o(.data)
    uwTick                                   0x24000014   Data           4  stm32h7xx_hal.o(.data)
    can1                                     0x24000018   Data          16  driver_can.o(.data)
    can2                                     0x24000028   Data          16  driver_can.o(.data)
    i                                        0x24000078   Data           1  control_logic.o(.data)
    check_robot_state                        0x2400007a   Data          12  check.o(.data)
    Receive                                  0x24000088   Data          36  communication.o(.data)
    amp_test                                 0x240000ac   Data           2  motor.o(.data)
    Q_index                                  0x240000b0   Data           4  motor.o(.data)
    Ecd_sum                                  0x240000b4   Data           4  motor.o(.data)
    Speed_sum                                0x240000b8   Data           4  motor.o(.data)
    txBuffer0x200forCAN1                     0x240000bc   Data          12  motor.o(.data)
    txBuffer0x1FFforCAN1                     0x240000c8   Data          12  motor.o(.data)
    txBuffer0x2FFforCAN1                     0x240000d4   Data          12  motor.o(.data)
    txBuffer0x1FEforCAN1                     0x240000e0   Data          12  motor.o(.data)
    txBuffer0x2FEforCAN1                     0x240000ec   Data          12  motor.o(.data)
    txBuffer0x200forCAN2                     0x240000f8   Data          12  motor.o(.data)
    txBuffer0x1FFforCAN2                     0x24000104   Data          12  motor.o(.data)
    txBuffer0x2FFforCAN2                     0x24000110   Data          12  motor.o(.data)
    txBuffer0x1FEforCAN2                     0x2400011c   Data          12  motor.o(.data)
    txBuffer0x2FEforCAN2                     0x24000128   Data          12  motor.o(.data)
    index_i                                  0x24000134   Data           1  referee.o(.data)
    max_i                                    0x24000135   Data           1  referee.o(.data)
    lidar_station_id                         0x24000136   Data           1  referee.o(.data)
    CRC_INIT                                 0x24000138   Data           2  referee.o(.data)
    sentry_decision                          0x2400013c   Data           4  referee.o(.data)
    lidar_station_x                          0x24000140   Data           4  referee.o(.data)
    lidar_station_y                          0x24000144   Data           4  referee.o(.data)
    pid_yaw_m                                0x24000164   Data           8  pid.o(.data)
    pid_turn                                 0x2400016c   Data          32  pid.o(.data)
    hfdcan1                                  0x2400018c   Data         160  fdcan.o(.bss)
    hfdcan2                                  0x2400022c   Data         160  fdcan.o(.bss)
    hi2c2                                    0x240002cc   Data          84  i2c.o(.bss)
    hspi1                                    0x24000320   Data         136  spi.o(.bss)
    htim5                                    0x240003a8   Data          76  tim.o(.bss)
    htim13                                   0x240003f4   Data          76  tim.o(.bss)
    htim14                                   0x24000440   Data          76  tim.o(.bss)
    huart4                                   0x2400048c   Data         148  usart.o(.bss)
    huart5                                   0x24000520   Data         148  usart.o(.bss)
    huart7                                   0x240005b4   Data         148  usart.o(.bss)
    huart8                                   0x24000648   Data         148  usart.o(.bss)
    huart1                                   0x240006dc   Data         148  usart.o(.bss)
    huart2                                   0x24000770   Data         148  usart.o(.bss)
    huart3                                   0x24000804   Data         148  usart.o(.bss)
    huart6                                   0x24000898   Data         148  usart.o(.bss)
    hdma_uart4_rx                            0x2400092c   Data         120  usart.o(.bss)
    hdma_uart4_tx                            0x240009a4   Data         120  usart.o(.bss)
    hdma_uart5_rx                            0x24000a1c   Data         120  usart.o(.bss)
    hdma_uart5_tx                            0x24000a94   Data         120  usart.o(.bss)
    hdma_uart7_rx                            0x24000b0c   Data         120  usart.o(.bss)
    hdma_uart7_tx                            0x24000b84   Data         120  usart.o(.bss)
    hdma_uart8_rx                            0x24000bfc   Data         120  usart.o(.bss)
    hdma_uart8_tx                            0x24000c74   Data         120  usart.o(.bss)
    hdma_usart1_rx                           0x24000cec   Data         120  usart.o(.bss)
    hdma_usart2_rx                           0x24000d64   Data         120  usart.o(.bss)
    hdma_usart2_tx                           0x24000ddc   Data         120  usart.o(.bss)
    hdma_usart3_rx                           0x24000e54   Data         120  usart.o(.bss)
    hdma_usart3_tx                           0x24000ecc   Data         120  usart.o(.bss)
    hdma_usart6_rx                           0x24000f44   Data         120  usart.o(.bss)
    hdma_usart6_tx                           0x24000fbc   Data         120  usart.o(.bss)
    uart1                                    0x24001034   Data         212  driver_usart.o(.bss)
    uart2                                    0x24001108   Data         212  driver_usart.o(.bss)
    uart3                                    0x240011dc   Data         212  driver_usart.o(.bss)
    uart4                                    0x240012b0   Data         212  driver_usart.o(.bss)
    uart5                                    0x24001384   Data         212  driver_usart.o(.bss)
    uart6                                    0x24001458   Data         212  driver_usart.o(.bss)
    uart7                                    0x2400152c   Data         212  driver_usart.o(.bss)
    uart8                                    0x24001600   Data         212  driver_usart.o(.bss)
    Usart_TxBuffer                           0x240016d4   Data         128  driver_usart.o(.bss)
    Usart_TxBuffer_                          0x24001754   Data         128  driver_usart.o(.bss)
    tim14                                    0x240017d4   Data          20  driver_timer.o(.bss)
    tim13                                    0x240017e8   Data          20  driver_timer.o(.bss)
    Holder                                   0x240017fc   Data         684  holder.o(.bss)
    swervechassis                            0x24001aa8   Data        2384  swerve_chassis.o(.bss)
    tim14_FPS                                0x240023f8   Data          24  check.o(.bss)
    rc_Ctrl                                  0x24002410   Data          20  dr16.o(.bss)
    rc_Ctrl_et                               0x24002424   Data          16  et08.o(.bss)
    referee2022                              0x24002454   Data         332  referee.o(.bss)
    ref_packge                               0x240025a0   Data         750  referee.o(.bss)
    Data_Pack                                0x2400288e   Data          50  referee.o(.bss)
    pid_yaw_m_angle                          0x240028c0   Data          44  pid.o(.bss)
    pid_yaw_m_speed                          0x240028ec   Data          44  pid.o(.bss)
    pid_run                                  0x24002918   Data          44  pid.o(.bss)
    pid_follow                               0x24002944   Data          44  pid.o(.bss)
    pid_turn_speed                           0x24002970   Data         176  pid.o(.bss)
    pid_turn_angle                           0x24002a20   Data         176  pid.o(.bss)
    __libspace_start                         0x24002ad0   Data          96  libspace.o(.bss)
    __temporary_stack_top$libspace           0x24002b30   Data           0  libspace.o(.bss)
    DR16_recData                             0x24006010   Data          18  dr16.o(.ARM.__AT_0x24006010)



==============================================================================

Memory Map of the image

  Image Entry point : 0x08000299

  Load Region LR_IROM1 (Base: 0x08000000, Size: 0x0000cfac, Max: 0x00020000, ABSOLUTE, COMPRESSED[0x0000ce80])

    Execution Region ER_IROM1 (Exec base: 0x08000000, Load base: 0x08000000, Size: 0x0000ce20, Max: 0x00020000, ABSOLUTE)

    Exec Addr    Load Addr    Size         Type   Attr      Idx    E Section Name        Object

    0x08000000   0x08000000   0x00000298   Data   RO            3    RESET               startup_stm32h750xx.o
    0x08000298   0x08000298   0x00000008   Code   RO         8458  * !!!main             c_w.l(__main.o)
    0x080002a0   0x080002a0   0x00000034   Code   RO         9070    !!!scatter          c_w.l(__scatter.o)
    0x080002d4   0x080002d4   0x0000005a   Code   RO         9068    !!dczerorl2         c_w.l(__dczerorl2.o)
    0x0800032e   0x0800032e   0x00000002   PAD
    0x08000330   0x08000330   0x0000001c   Code   RO         9072    !!handler_zi        c_w.l(__scatter_zi.o)
    0x0800034c   0x0800034c   0x00000000   Code   RO         8729    .ARM.Collect$$_printf_percent$$00000000  c_w.l(_printf_percent.o)
    0x0800034c   0x0800034c   0x00000006   Code   RO         8718    .ARM.Collect$$_printf_percent$$00000001  c_w.l(_printf_n.o)
    0x08000352   0x08000352   0x00000006   Code   RO         8720    .ARM.Collect$$_printf_percent$$00000002  c_w.l(_printf_p.o)
    0x08000358   0x08000358   0x00000006   Code   RO         8725    .ARM.Collect$$_printf_percent$$00000003  c_w.l(_printf_f.o)
    0x0800035e   0x0800035e   0x00000006   Code   RO         8726    .ARM.Collect$$_printf_percent$$00000004  c_w.l(_printf_e.o)
    0x08000364   0x08000364   0x00000006   Code   RO         8727    .ARM.Collect$$_printf_percent$$00000005  c_w.l(_printf_g.o)
    0x0800036a   0x0800036a   0x00000006   Code   RO         8728    .ARM.Collect$$_printf_percent$$00000006  c_w.l(_printf_a.o)
    0x08000370   0x08000370   0x0000000a   Code   RO         8733    .ARM.Collect$$_printf_percent$$00000007  c_w.l(_printf_ll.o)
    0x0800037a   0x0800037a   0x00000006   Code   RO         8722    .ARM.Collect$$_printf_percent$$00000008  c_w.l(_printf_i.o)
    0x08000380   0x08000380   0x00000006   Code   RO         8723    .ARM.Collect$$_printf_percent$$00000009  c_w.l(_printf_d.o)
    0x08000386   0x08000386   0x00000006   Code   RO         8724    .ARM.Collect$$_printf_percent$$0000000A  c_w.l(_printf_u.o)
    0x0800038c   0x0800038c   0x00000006   Code   RO         8721    .ARM.Collect$$_printf_percent$$0000000B  c_w.l(_printf_o.o)
    0x08000392   0x08000392   0x00000006   Code   RO         8719    .ARM.Collect$$_printf_percent$$0000000C  c_w.l(_printf_x.o)
    0x08000398   0x08000398   0x00000006   Code   RO         8730    .ARM.Collect$$_printf_percent$$0000000D  c_w.l(_printf_lli.o)
    0x0800039e   0x0800039e   0x00000006   Code   RO         8731    .ARM.Collect$$_printf_percent$$0000000E  c_w.l(_printf_lld.o)
    0x080003a4   0x080003a4   0x00000006   Code   RO         8732    .ARM.Collect$$_printf_percent$$0000000F  c_w.l(_printf_llu.o)
    0x080003aa   0x080003aa   0x00000006   Code   RO         8737    .ARM.Collect$$_printf_percent$$00000010  c_w.l(_printf_llo.o)
    0x080003b0   0x080003b0   0x00000006   Code   RO         8738    .ARM.Collect$$_printf_percent$$00000011  c_w.l(_printf_llx.o)
    0x080003b6   0x080003b6   0x0000000a   Code   RO         8734    .ARM.Collect$$_printf_percent$$00000012  c_w.l(_printf_l.o)
    0x080003c0   0x080003c0   0x00000006   Code   RO         8716    .ARM.Collect$$_printf_percent$$00000013  c_w.l(_printf_c.o)
    0x080003c6   0x080003c6   0x00000006   Code   RO         8717    .ARM.Collect$$_printf_percent$$00000014  c_w.l(_printf_s.o)
    0x080003cc   0x080003cc   0x00000006   Code   RO         8735    .ARM.Collect$$_printf_percent$$00000015  c_w.l(_printf_lc.o)
    0x080003d2   0x080003d2   0x00000006   Code   RO         8736    .ARM.Collect$$_printf_percent$$00000016  c_w.l(_printf_ls.o)
    0x080003d8   0x080003d8   0x00000004   Code   RO         8919    .ARM.Collect$$_printf_percent$$00000017  c_w.l(_printf_percent_end.o)
    0x080003dc   0x080003dc   0x00000002   Code   RO         9000    .ARM.Collect$$libinit$$00000000  c_w.l(libinit.o)
    0x080003de   0x080003de   0x00000004   Code   RO         8741    .ARM.Collect$$libinit$$00000001  c_w.l(libinit2.o)
    0x080003e2   0x080003e2   0x00000000   Code   RO         8744    .ARM.Collect$$libinit$$00000004  c_w.l(libinit2.o)
    0x080003e2   0x080003e2   0x00000000   Code   RO         8747    .ARM.Collect$$libinit$$0000000A  c_w.l(libinit2.o)
    0x080003e2   0x080003e2   0x00000000   Code   RO         8749    .ARM.Collect$$libinit$$0000000C  c_w.l(libinit2.o)
    0x080003e2   0x080003e2   0x00000000   Code   RO         8751    .ARM.Collect$$libinit$$0000000E  c_w.l(libinit2.o)
    0x080003e2   0x080003e2   0x00000006   Code   RO         8752    .ARM.Collect$$libinit$$0000000F  c_w.l(libinit2.o)
    0x080003e8   0x080003e8   0x00000000   Code   RO         8754    .ARM.Collect$$libinit$$00000011  c_w.l(libinit2.o)
    0x080003e8   0x080003e8   0x0000000c   Code   RO         8755    .ARM.Collect$$libinit$$00000012  c_w.l(libinit2.o)
    0x080003f4   0x080003f4   0x00000000   Code   RO         8756    .ARM.Collect$$libinit$$00000013  c_w.l(libinit2.o)
    0x080003f4   0x080003f4   0x00000000   Code   RO         8758    .ARM.Collect$$libinit$$00000015  c_w.l(libinit2.o)
    0x080003f4   0x080003f4   0x0000000a   Code   RO         8759    .ARM.Collect$$libinit$$00000016  c_w.l(libinit2.o)
    0x080003fe   0x080003fe   0x00000000   Code   RO         8760    .ARM.Collect$$libinit$$00000017  c_w.l(libinit2.o)
    0x080003fe   0x080003fe   0x00000000   Code   RO         8762    .ARM.Collect$$libinit$$00000019  c_w.l(libinit2.o)
    0x080003fe   0x080003fe   0x00000000   Code   RO         8764    .ARM.Collect$$libinit$$0000001B  c_w.l(libinit2.o)
    0x080003fe   0x080003fe   0x00000000   Code   RO         8766    .ARM.Collect$$libinit$$0000001D  c_w.l(libinit2.o)
    0x080003fe   0x080003fe   0x00000000   Code   RO         8768    .ARM.Collect$$libinit$$0000001F  c_w.l(libinit2.o)
    0x080003fe   0x080003fe   0x00000000   Code   RO         8770    .ARM.Collect$$libinit$$00000021  c_w.l(libinit2.o)
    0x080003fe   0x080003fe   0x00000000   Code   RO         8772    .ARM.Collect$$libinit$$00000023  c_w.l(libinit2.o)
    0x080003fe   0x080003fe   0x00000000   Code   RO         8774    .ARM.Collect$$libinit$$00000025  c_w.l(libinit2.o)
    0x080003fe   0x080003fe   0x00000000   Code   RO         8778    .ARM.Collect$$libinit$$0000002C  c_w.l(libinit2.o)
    0x080003fe   0x080003fe   0x00000000   Code   RO         8780    .ARM.Collect$$libinit$$0000002E  c_w.l(libinit2.o)
    0x080003fe   0x080003fe   0x00000000   Code   RO         8782    .ARM.Collect$$libinit$$00000030  c_w.l(libinit2.o)
    0x080003fe   0x080003fe   0x00000000   Code   RO         8784    .ARM.Collect$$libinit$$00000032  c_w.l(libinit2.o)
    0x080003fe   0x080003fe   0x00000002   Code   RO         8785    .ARM.Collect$$libinit$$00000033  c_w.l(libinit2.o)
    0x08000400   0x08000400   0x00000002   Code   RO         9065    .ARM.Collect$$libshutdown$$00000000  c_w.l(libshutdown.o)
    0x08000402   0x08000402   0x00000000   Code   RO         9023    .ARM.Collect$$libshutdown$$00000002  c_w.l(libshutdown2.o)
    0x08000402   0x08000402   0x00000000   Code   RO         9025    .ARM.Collect$$libshutdown$$00000004  c_w.l(libshutdown2.o)
    0x08000402   0x08000402   0x00000000   Code   RO         9028    .ARM.Collect$$libshutdown$$00000007  c_w.l(libshutdown2.o)
    0x08000402   0x08000402   0x00000000   Code   RO         9031    .ARM.Collect$$libshutdown$$0000000A  c_w.l(libshutdown2.o)
    0x08000402   0x08000402   0x00000000   Code   RO         9033    .ARM.Collect$$libshutdown$$0000000C  c_w.l(libshutdown2.o)
    0x08000402   0x08000402   0x00000000   Code   RO         9036    .ARM.Collect$$libshutdown$$0000000F  c_w.l(libshutdown2.o)
    0x08000402   0x08000402   0x00000002   Code   RO         9037    .ARM.Collect$$libshutdown$$00000010  c_w.l(libshutdown2.o)
    0x08000404   0x08000404   0x00000000   Code   RO         8608    .ARM.Collect$$rtentry$$00000000  c_w.l(__rtentry.o)
    0x08000404   0x08000404   0x00000000   Code   RO         8875    .ARM.Collect$$rtentry$$00000002  c_w.l(__rtentry2.o)
    0x08000404   0x08000404   0x00000006   Code   RO         8887    .ARM.Collect$$rtentry$$00000004  c_w.l(__rtentry4.o)
    0x0800040a   0x0800040a   0x00000000   Code   RO         8877    .ARM.Collect$$rtentry$$00000009  c_w.l(__rtentry2.o)
    0x0800040a   0x0800040a   0x00000004   Code   RO         8878    .ARM.Collect$$rtentry$$0000000A  c_w.l(__rtentry2.o)
    0x0800040e   0x0800040e   0x00000000   Code   RO         8880    .ARM.Collect$$rtentry$$0000000C  c_w.l(__rtentry2.o)
    0x0800040e   0x0800040e   0x00000008   Code   RO         8881    .ARM.Collect$$rtentry$$0000000D  c_w.l(__rtentry2.o)
    0x08000416   0x08000416   0x00000002   Code   RO         9005    .ARM.Collect$$rtexit$$00000000  c_w.l(rtexit.o)
    0x08000418   0x08000418   0x00000000   Code   RO         9041    .ARM.Collect$$rtexit$$00000002  c_w.l(rtexit2.o)
    0x08000418   0x08000418   0x00000004   Code   RO         9042    .ARM.Collect$$rtexit$$00000003  c_w.l(rtexit2.o)
    0x0800041c   0x0800041c   0x00000006   Code   RO         9043    .ARM.Collect$$rtexit$$00000004  c_w.l(rtexit2.o)
    0x08000422   0x08000422   0x00000002   PAD
    0x08000424   0x08000424   0x00000040   Code   RO            4    .text               startup_stm32h750xx.o
    0x08000464   0x08000464   0x000000ee   Code   RO         8444    .text               c_w.l(lludivv7m.o)
    0x08000552   0x08000552   0x00000002   PAD
    0x08000554   0x08000554   0x00000034   Code   RO         8446    .text               c_w.l(vsnprintf.o)
    0x08000588   0x08000588   0x0000008a   Code   RO         8448    .text               c_w.l(rt_memcpy_v6.o)
    0x08000612   0x08000612   0x00000064   Code   RO         8450    .text               c_w.l(rt_memcpy_w.o)
    0x08000676   0x08000676   0x0000004e   Code   RO         8454    .text               c_w.l(rt_memclr_w.o)
    0x080006c4   0x080006c4   0x00000006   Code   RO         8456    .text               c_w.l(heapauxi.o)
    0x080006ca   0x080006ca   0x00000016   Code   RO         8644    .text               c_w.l(_rserrno.o)
    0x080006e0   0x080006e0   0x0000004e   Code   RO         8648    .text               c_w.l(_printf_pad.o)
    0x0800072e   0x0800072e   0x00000024   Code   RO         8650    .text               c_w.l(_printf_truncate.o)
    0x08000752   0x08000752   0x00000052   Code   RO         8652    .text               c_w.l(_printf_str.o)
    0x080007a4   0x080007a4   0x00000078   Code   RO         8654    .text               c_w.l(_printf_dec.o)
    0x0800081c   0x0800081c   0x00000028   Code   RO         8656    .text               c_w.l(_printf_charcount.o)
    0x08000844   0x08000844   0x00000030   Code   RO         8658    .text               c_w.l(_printf_char_common.o)
    0x08000874   0x08000874   0x0000000a   Code   RO         8660    .text               c_w.l(_sputc.o)
    0x0800087e   0x0800087e   0x00000010   Code   RO         8662    .text               c_w.l(_snputc.o)
    0x0800088e   0x0800088e   0x00000002   PAD
    0x08000890   0x08000890   0x000000bc   Code   RO         8664    .text               c_w.l(_printf_wctomb.o)
    0x0800094c   0x0800094c   0x0000007c   Code   RO         8667    .text               c_w.l(_printf_longlong_dec.o)
    0x080009c8   0x080009c8   0x00000070   Code   RO         8673    .text               c_w.l(_printf_oct_int_ll.o)
    0x08000a38   0x08000a38   0x00000094   Code   RO         8693    .text               c_w.l(_printf_hex_int_ll_ptr.o)
    0x08000acc   0x08000acc   0x00000188   Code   RO         8713    .text               c_w.l(__printf_flags_ss_wp.o)
    0x08000c54   0x08000c54   0x00000008   Code   RO         8871    .text               c_w.l(libspace.o)
    0x08000c5c   0x08000c5c   0x00000008   Code   RO         8894    .text               c_w.l(rt_errno_addr_intlibspace.o)
    0x08000c64   0x08000c64   0x0000008a   Code   RO         8904    .text               c_w.l(lludiv10.o)
    0x08000cee   0x08000cee   0x000000b2   Code   RO         8906    .text               c_w.l(_printf_intcommon.o)
    0x08000da0   0x08000da0   0x0000041e   Code   RO         8908    .text               c_w.l(_printf_fp_dec.o)
    0x080011be   0x080011be   0x00000002   PAD
    0x080011c0   0x080011c0   0x000002fc   Code   RO         8910    .text               c_w.l(_printf_fp_hex.o)
    0x080014bc   0x080014bc   0x0000002c   Code   RO         8915    .text               c_w.l(_printf_char.o)
    0x080014e8   0x080014e8   0x0000002c   Code   RO         8917    .text               c_w.l(_printf_wchar.o)
    0x08001514   0x08001514   0x00000040   Code   RO         8920    .text               c_w.l(_wcrtomb.o)
    0x08001554   0x08001554   0x00000002   Code   RO         8935    .text               c_w.l(use_no_semi.o)
    0x08001556   0x08001556   0x00000000   Code   RO         8937    .text               c_w.l(indicate_semi.o)
    0x08001556   0x08001556   0x0000004a   Code   RO         8938    .text               c_w.l(sys_stackheap_outer.o)
    0x080015a0   0x080015a0   0x00000010   Code   RO         8940    .text               c_w.l(rt_ctype_table.o)
    0x080015b0   0x080015b0   0x00000008   Code   RO         8947    .text               c_w.l(rt_locale_intlibspace.o)
    0x080015b8   0x080015b8   0x00000080   Code   RO         8951    .text               c_w.l(_printf_fp_infnan.o)
    0x08001638   0x08001638   0x000000e4   Code   RO         8953    .text               c_w.l(bigflt0.o)
    0x0800171c   0x0800171c   0x00000012   Code   RO         8981    .text               c_w.l(exit.o)
    0x0800172e   0x0800172e   0x00000002   PAD
    0x08001730   0x08001730   0x0000000c   Code   RO         9003    .text               c_w.l(sys_exit.o)
    0x0800173c   0x0800173c   0x00000068   Code   RO         9020    .text               c_w.l(strcmpv7m_pel.o)
    0x080017a4   0x080017a4   0x0000003e   Code   RO         8956    CL$$btod_d2e        c_w.l(btod.o)
    0x080017e2   0x080017e2   0x00000046   Code   RO         8958    CL$$btod_d2e_denorm_low  c_w.l(btod.o)
    0x08001828   0x08001828   0x00000060   Code   RO         8957    CL$$btod_d2e_norm_op1  c_w.l(btod.o)
    0x08001888   0x08001888   0x00000338   Code   RO         8966    CL$$btod_div_common  c_w.l(btod.o)
    0x08001bc0   0x08001bc0   0x000000dc   Code   RO         8963    CL$$btod_e2e        c_w.l(btod.o)
    0x08001c9c   0x08001c9c   0x0000002a   Code   RO         8960    CL$$btod_ediv       c_w.l(btod.o)
    0x08001cc6   0x08001cc6   0x0000002a   Code   RO         8959    CL$$btod_emul       c_w.l(btod.o)
    0x08001cf0   0x08001cf0   0x00000244   Code   RO         8965    CL$$btod_mult_common  c_w.l(btod.o)
    0x08001f34   0x08001f34   0x00000074   Code   RO         7580    i.BasePID_AngleControl  pid.o
    0x08001fa8   0x08001fa8   0x000000a8   Code   RO         7581    i.BasePID_AngleControl_Swerve  pid.o
    0x08002050   0x08002050   0x00000020   Code   RO         7582    i.BasePID_Init      pid.o
    0x08002070   0x08002070   0x00000074   Code   RO         7583    i.BasePID_SpeedControl  pid.o
    0x080020e4   0x080020e4   0x00000002   Code   RO          554    i.BusFault_Handler  stm32h7xx_it.o
    0x080020e6   0x080020e6   0x00000002   PAD
    0x080020e8   0x080020e8   0x00000034   Code   RO         6201    i.CAN1_rxCallBack   control_logic.o
    0x0800211c   0x0800211c   0x00000014   Code   RO         6202    i.CAN2_rxCallBack   control_logic.o
    0x08002130   0x08002130   0x00000034   Code   RO         5844    i.CAN_Open          driver_can.o
    0x08002164   0x08002164   0x0000000e   Code   RO         6803    i.CAN_RegisteMotor  motor.o
    0x08002172   0x08002172   0x00000032   Code   RO         5845    i.CAN_Send          driver_can.o
    0x080021a4   0x080021a4   0x00000090   Code   RO         6804    i.CAN_fill_3508_2006_data  motor.o
    0x08002234   0x08002234   0x000000c4   Code   RO         6805    i.CAN_fill_6020_data  motor.o
    0x080022f8   0x080022f8   0x00000022   Code   RO         6806    i.CAN_update_data   motor.o
    0x0800231a   0x0800231a   0x00000002   PAD
    0x0800231c   0x0800231c   0x0000002c   Code   RO         5846    i.CANx_Init         driver_can.o
    0x08002348   0x08002348   0x0000000c   Code   RO          555    i.DMA1_Stream0_IRQHandler  stm32h7xx_it.o
    0x08002354   0x08002354   0x0000000c   Code   RO          556    i.DMA1_Stream1_IRQHandler  stm32h7xx_it.o
    0x08002360   0x08002360   0x0000000c   Code   RO          557    i.DMA1_Stream2_IRQHandler  stm32h7xx_it.o
    0x0800236c   0x0800236c   0x0000000c   Code   RO          558    i.DMA1_Stream3_IRQHandler  stm32h7xx_it.o
    0x08002378   0x08002378   0x0000000c   Code   RO          559    i.DMA1_Stream4_IRQHandler  stm32h7xx_it.o
    0x08002384   0x08002384   0x0000000c   Code   RO          560    i.DMA1_Stream5_IRQHandler  stm32h7xx_it.o
    0x08002390   0x08002390   0x0000000c   Code   RO          561    i.DMA1_Stream6_IRQHandler  stm32h7xx_it.o
    0x0800239c   0x0800239c   0x0000000c   Code   RO          562    i.DMA1_Stream7_IRQHandler  stm32h7xx_it.o
    0x080023a8   0x080023a8   0x0000000c   Code   RO          563    i.DMA2_Stream0_IRQHandler  stm32h7xx_it.o
    0x080023b4   0x080023b4   0x0000000c   Code   RO          564    i.DMA2_Stream1_IRQHandler  stm32h7xx_it.o
    0x080023c0   0x080023c0   0x0000000c   Code   RO          565    i.DMA2_Stream2_IRQHandler  stm32h7xx_it.o
    0x080023cc   0x080023cc   0x0000000c   Code   RO          566    i.DMA2_Stream3_IRQHandler  stm32h7xx_it.o
    0x080023d8   0x080023d8   0x0000000c   Code   RO          567    i.DMA2_Stream4_IRQHandler  stm32h7xx_it.o
    0x080023e4   0x080023e4   0x0000000c   Code   RO          568    i.DMA2_Stream5_IRQHandler  stm32h7xx_it.o
    0x080023f0   0x080023f0   0x0000000c   Code   RO          569    i.DMA2_Stream6_IRQHandler  stm32h7xx_it.o
    0x080023fc   0x080023fc   0x000000e4   Code   RO         2327    i.DMA_CalcBaseAndBitshift  stm32h7xx_hal_dma.o
    0x080024e0   0x080024e0   0x000000d8   Code   RO         2328    i.DMA_CalcDMAMUXChannelBaseAndMask  stm32h7xx_hal_dma.o
    0x080025b8   0x080025b8   0x0000008c   Code   RO         2329    i.DMA_CalcDMAMUXRequestGenBaseAndMask  stm32h7xx_hal_dma.o
    0x08002644   0x08002644   0x0000007e   Code   RO         2330    i.DMA_CheckFifoParam  stm32h7xx_hal_dma.o
    0x080026c2   0x080026c2   0x00000002   PAD
    0x080026c4   0x080026c4   0x0000024c   Code   RO         2331    i.DMA_SetConfig     stm32h7xx_hal_dma.o
    0x08002910   0x08002910   0x00000066   Code   RO         7224    i.DMiaoInit         dm_motor.o
    0x08002976   0x08002976   0x00000002   PAD
    0x08002978   0x08002978   0x000000cc   Code   RO         7225    i.DMiaoMitControl   dm_motor.o
    0x08002a44   0x08002a44   0x00000032   Code   RO         7228    i.DMiao_CanOutput   dm_motor.o
    0x08002a76   0x08002a76   0x00000002   PAD
    0x08002a78   0x08002a78   0x000000c4   Code   RO         7229    i.DMiao_CanUpdata   dm_motor.o
    0x08002b3c   0x08002b3c   0x0000000e   Code   RO         7230    i.DMiao_Disable     dm_motor.o
    0x08002b4a   0x08002b4a   0x0000000e   Code   RO         7231    i.DMiao_Enable      dm_motor.o
    0x08002b58   0x08002b58   0x0000001a   Code   RO         6698    i.DR16Init          dr16.o
    0x08002b72   0x08002b72   0x00000002   PAD
    0x08002b74   0x08002b74   0x00000014   Code   RO         6699    i.DR16_Callback     dr16.o
    0x08002b88   0x08002b88   0x00000134   Code   RO         6700    i.DR16_DataUnpack   dr16.o
    0x08002cbc   0x08002cbc   0x00000034   Code   RO         6001    i.DWT_CNT_Update    driver_counter.o
    0x08002cf0   0x08002cf0   0x00000048   Code   RO         6008    i.DWT_Init          driver_counter.o
    0x08002d38   0x08002d38   0x00000002   Code   RO          570    i.DebugMon_Handler  stm32h7xx_it.o
    0x08002d3a   0x08002d3a   0x00000006   Code   RO         7584    i.DualPID_Init      pid.o
    0x08002d40   0x08002d40   0x00000004   Code   RO           13    i.Error_Handler     main.o
    0x08002d44   0x08002d44   0x0000000c   Code   RO          571    i.FDCAN1_IT0_IRQHandler  stm32h7xx_it.o
    0x08002d50   0x08002d50   0x0000000c   Code   RO          572    i.FDCAN2_IT0_IRQHandler  stm32h7xx_it.o
    0x08002d5c   0x08002d5c   0x000001f4   Code   RO         1009    i.FDCAN_CalcultateRamBlockAddresses  stm32h7xx_hal_fdcan.o
    0x08002f50   0x08002f50   0x000000a0   Code   RO         1010    i.FDCAN_CopyMessageToRAM  stm32h7xx_hal_fdcan.o
    0x08002ff0   0x08002ff0   0x0000002a   Code   RO         6610    i.FPS_Check         check.o
    0x0800301a   0x0800301a   0x00000002   PAD
    0x0800301c   0x0800301c   0x0000008c   Code   RO         5892    i.Find_UART         driver_usart.o
    0x080030a8   0x080030a8   0x0000002c   Code   RO         7056    i.Get_CRC16_Check_Sum  referee.o
    0x080030d4   0x080030d4   0x0000001c   Code   RO         7057    i.Get_CRC8_Check_Sum  referee.o
    0x080030f0   0x080030f0   0x00000368   Code   RO         2332    i.HAL_DMA_Abort     stm32h7xx_hal_dma.o
    0x08003458   0x08003458   0x000002a0   Code   RO         2333    i.HAL_DMA_Abort_IT  stm32h7xx_hal_dma.o
    0x080036f8   0x080036f8   0x00000004   Code   RO         2335    i.HAL_DMA_GetError  stm32h7xx_hal_dma.o
    0x080036fc   0x080036fc   0x00000780   Code   RO         2337    i.HAL_DMA_IRQHandler  stm32h7xx_hal_dma.o
    0x08003e7c   0x08003e7c   0x000003f4   Code   RO         2338    i.HAL_DMA_Init      stm32h7xx_hal_dma.o
    0x08004270   0x08004270   0x000002e0   Code   RO         2342    i.HAL_DMA_Start_IT  stm32h7xx_hal_dma.o
    0x08004550   0x08004550   0x000000a0   Code   RO         1012    i.HAL_FDCAN_ActivateNotification  stm32h7xx_hal_fdcan.o
    0x080045f0   0x080045f0   0x00000074   Code   RO         1014    i.HAL_FDCAN_AddMessageToTxFifoQ  stm32h7xx_hal_fdcan.o
    0x08004664   0x08004664   0x00000002   Code   RO         1015    i.HAL_FDCAN_ClockCalibrationCallback  stm32h7xx_hal_fdcan.o
    0x08004666   0x08004666   0x0000008e   Code   RO         1019    i.HAL_FDCAN_ConfigFilter  stm32h7xx_hal_fdcan.o
    0x080046f4   0x080046f4   0x00000002   Code   RO         1041    i.HAL_FDCAN_ErrorCallback  stm32h7xx_hal_fdcan.o
    0x080046f6   0x080046f6   0x00000002   Code   RO         1042    i.HAL_FDCAN_ErrorStatusCallback  stm32h7xx_hal_fdcan.o
    0x080046f8   0x080046f8   0x000001dc   Code   RO         1053    i.HAL_FDCAN_GetRxMessage  stm32h7xx_hal_fdcan.o
    0x080048d4   0x080048d4   0x00000002   Code   RO         1059    i.HAL_FDCAN_HighPriorityMessageCallback  stm32h7xx_hal_fdcan.o
    0x080048d6   0x080048d6   0x00000002   PAD
    0x080048d8   0x080048d8   0x00000300   Code   RO         1060    i.HAL_FDCAN_IRQHandler  stm32h7xx_hal_fdcan.o
    0x08004bd8   0x08004bd8   0x00000298   Code   RO         1061    i.HAL_FDCAN_Init    stm32h7xx_hal_fdcan.o
    0x08004e70   0x08004e70   0x00000124   Code   RO          266    i.HAL_FDCAN_MspInit  fdcan.o
    0x08004f94   0x08004f94   0x00000002   Code   RO         1070    i.HAL_FDCAN_RxBufferNewMessageCallback  stm32h7xx_hal_fdcan.o
    0x08004f96   0x08004f96   0x00000002   PAD
    0x08004f98   0x08004f98   0x0000005c   Code   RO         5847    i.HAL_FDCAN_RxFifo0Callback  driver_can.o
    0x08004ff4   0x08004ff4   0x00000002   Code   RO         1072    i.HAL_FDCAN_RxFifo1Callback  stm32h7xx_hal_fdcan.o
    0x08004ff6   0x08004ff6   0x00000032   Code   RO         1073    i.HAL_FDCAN_Start   stm32h7xx_hal_fdcan.o
    0x08005028   0x08005028   0x00000002   Code   RO         1095    i.HAL_FDCAN_TT_GlobalTimeCallback  stm32h7xx_hal_fdcan.o
    0x0800502a   0x0800502a   0x00000002   Code   RO         1096    i.HAL_FDCAN_TT_ScheduleSyncCallback  stm32h7xx_hal_fdcan.o
    0x0800502c   0x0800502c   0x00000002   Code   RO         1101    i.HAL_FDCAN_TT_StopWatchCallback  stm32h7xx_hal_fdcan.o
    0x0800502e   0x0800502e   0x00000002   Code   RO         1102    i.HAL_FDCAN_TT_TimeMarkCallback  stm32h7xx_hal_fdcan.o
    0x08005030   0x08005030   0x00000002   Code   RO         1103    i.HAL_FDCAN_TimeoutOccurredCallback  stm32h7xx_hal_fdcan.o
    0x08005032   0x08005032   0x00000002   Code   RO         1104    i.HAL_FDCAN_TimestampWraparoundCallback  stm32h7xx_hal_fdcan.o
    0x08005034   0x08005034   0x00000002   Code   RO         1105    i.HAL_FDCAN_TxBufferAbortCallback  stm32h7xx_hal_fdcan.o
    0x08005036   0x08005036   0x00000002   Code   RO         1106    i.HAL_FDCAN_TxBufferCompleteCallback  stm32h7xx_hal_fdcan.o
    0x08005038   0x08005038   0x00000002   Code   RO         1107    i.HAL_FDCAN_TxEventFifoCallback  stm32h7xx_hal_fdcan.o
    0x0800503a   0x0800503a   0x00000002   Code   RO         1108    i.HAL_FDCAN_TxFifoEmptyCallback  stm32h7xx_hal_fdcan.o
    0x0800503c   0x0800503c   0x000001f4   Code   RO         2180    i.HAL_GPIO_Init     stm32h7xx_hal_gpio.o
    0x08005230   0x08005230   0x0000000e   Code   RO         2184    i.HAL_GPIO_WritePin  stm32h7xx_hal_gpio.o
    0x0800523e   0x0800523e   0x00000002   PAD
    0x08005240   0x08005240   0x0000000c   Code   RO         3052    i.HAL_GetREVID      stm32h7xx_hal.o
    0x0800524c   0x0800524c   0x0000000c   Code   RO         3053    i.HAL_GetTick       stm32h7xx_hal.o
    0x08005258   0x08005258   0x0000005a   Code   RO         3818    i.HAL_I2CEx_ConfigAnalogFilter  stm32h7xx_hal_i2c_ex.o
    0x080052b2   0x080052b2   0x00000056   Code   RO         3819    i.HAL_I2CEx_ConfigDigitalFilter  stm32h7xx_hal_i2c_ex.o
    0x08005308   0x08005308   0x000000ca   Code   RO         3357    i.HAL_I2C_Init      stm32h7xx_hal_i2c.o
    0x080053d2   0x080053d2   0x00000002   PAD
    0x080053d4   0x080053d4   0x00000088   Code   RO          315    i.HAL_I2C_MspInit   i2c.o
    0x0800545c   0x0800545c   0x00000010   Code   RO         3059    i.HAL_IncTick       stm32h7xx_hal.o
    0x0800546c   0x0800546c   0x0000005c   Code   RO         3060    i.HAL_Init          stm32h7xx_hal.o
    0x080054c8   0x080054c8   0x0000004c   Code   RO         3061    i.HAL_InitTick      stm32h7xx_hal.o
    0x08005514   0x08005514   0x00000054   Code   RO          862    i.HAL_MPU_ConfigRegion  stm32h7xx_hal_cortex.o
    0x08005568   0x08005568   0x00000020   Code   RO          863    i.HAL_MPU_Disable   stm32h7xx_hal_cortex.o
    0x08005588   0x08005588   0x00000024   Code   RO          865    i.HAL_MPU_Enable    stm32h7xx_hal_cortex.o
    0x080055ac   0x080055ac   0x00000020   Code   RO          800    i.HAL_MspInit       stm32h7xx_hal_msp.o
    0x080055cc   0x080055cc   0x0000001c   Code   RO          869    i.HAL_NVIC_EnableIRQ  stm32h7xx_hal_cortex.o
    0x080055e8   0x080055e8   0x0000006c   Code   RO          875    i.HAL_NVIC_SetPriority  stm32h7xx_hal_cortex.o
    0x08005654   0x08005654   0x00000024   Code   RO          876    i.HAL_NVIC_SetPriorityGrouping  stm32h7xx_hal_cortex.o
    0x08005678   0x08005678   0x00000060   Code   RO         2781    i.HAL_PWREx_ConfigSupply  stm32h7xx_hal_pwr_ex.o
    0x080056d8   0x080056d8   0x00000024   Code   RO         1743    i.HAL_RCCEx_GetD3PCLK1Freq  stm32h7xx_hal_rcc_ex.o
    0x080056fc   0x080056fc   0x000001d0   Code   RO         1745    i.HAL_RCCEx_GetPLL2ClockFreq  stm32h7xx_hal_rcc_ex.o
    0x080058cc   0x080058cc   0x000001d0   Code   RO         1746    i.HAL_RCCEx_GetPLL3ClockFreq  stm32h7xx_hal_rcc_ex.o
    0x08005a9c   0x08005a9c   0x00000aa8   Code   RO         1752    i.HAL_RCCEx_PeriphCLKConfig  stm32h7xx_hal_rcc_ex.o
    0x08006544   0x08006544   0x000002bc   Code   RO         1628    i.HAL_RCC_ClockConfig  stm32h7xx_hal_rcc.o
    0x08006800   0x08006800   0x00000048   Code   RO         1633    i.HAL_RCC_GetHCLKFreq  stm32h7xx_hal_rcc.o
    0x08006848   0x08006848   0x00000028   Code   RO         1635    i.HAL_RCC_GetPCLK1Freq  stm32h7xx_hal_rcc.o
    0x08006870   0x08006870   0x00000028   Code   RO         1636    i.HAL_RCC_GetPCLK2Freq  stm32h7xx_hal_rcc.o
    0x08006898   0x08006898   0x000001dc   Code   RO         1637    i.HAL_RCC_GetSysClockFreq  stm32h7xx_hal_rcc.o
    0x08006a74   0x08006a74   0x0000073c   Code   RO         1640    i.HAL_RCC_OscConfig  stm32h7xx_hal_rcc.o
    0x080071b0   0x080071b0   0x00000180   Code   RO         3955    i.HAL_SPI_Init      stm32h7xx_hal_spi.o
    0x08007330   0x08007330   0x00000084   Code   RO          375    i.HAL_SPI_MspInit   spi.o
    0x080073b4   0x080073b4   0x00000028   Code   RO          880    i.HAL_SYSTICK_Config  stm32h7xx_hal_cortex.o
    0x080073dc   0x080073dc   0x00000002   Code   RO         5005    i.HAL_TIMEx_Break2Callback  stm32h7xx_hal_tim_ex.o
    0x080073de   0x080073de   0x00000002   Code   RO         5006    i.HAL_TIMEx_BreakCallback  stm32h7xx_hal_tim_ex.o
    0x080073e0   0x080073e0   0x00000002   Code   RO         5007    i.HAL_TIMEx_CommutCallback  stm32h7xx_hal_tim_ex.o
    0x080073e2   0x080073e2   0x00000002   PAD
    0x080073e4   0x080073e4   0x000000a8   Code   RO         5027    i.HAL_TIMEx_MasterConfigSynchronization  stm32h7xx_hal_tim_ex.o
    0x0800748c   0x0800748c   0x00000064   Code   RO         4280    i.HAL_TIM_Base_Init  stm32h7xx_hal_tim.o
    0x080074f0   0x080074f0   0x0000007c   Code   RO          417    i.HAL_TIM_Base_MspInit  tim.o
    0x0800756c   0x0800756c   0x00000094   Code   RO         4285    i.HAL_TIM_Base_Start_IT  stm32h7xx_hal_tim.o
    0x08007600   0x08007600   0x0000010a   Code   RO         4289    i.HAL_TIM_ConfigClockSource  stm32h7xx_hal_tim.o
    0x0800770a   0x0800770a   0x00000002   Code   RO         4314    i.HAL_TIM_IC_CaptureCallback  stm32h7xx_hal_tim.o
    0x0800770c   0x0800770c   0x0000017c   Code   RO         4328    i.HAL_TIM_IRQHandler  stm32h7xx_hal_tim.o
    0x08007888   0x08007888   0x00000002   Code   RO         4331    i.HAL_TIM_OC_DelayElapsedCallback  stm32h7xx_hal_tim.o
    0x0800788a   0x0800788a   0x00000002   Code   RO         4358    i.HAL_TIM_PWM_PulseFinishedCallback  stm32h7xx_hal_tim.o
    0x0800788c   0x0800788c   0x00000030   Code   RO         5959    i.HAL_TIM_PeriodElapsedCallback  driver_timer.o
    0x080078bc   0x080078bc   0x00000002   Code   RO         4371    i.HAL_TIM_TriggerCallback  stm32h7xx_hal_tim.o
    0x080078be   0x080078be   0x0000003e   Code   RO         5721    i.HAL_UARTEx_DisableFifoMode  stm32h7xx_hal_uart_ex.o
    0x080078fc   0x080078fc   0x00000002   Code   RO         5305    i.HAL_UARTEx_RxEventCallback  stm32h7xx_hal_uart.o
    0x080078fe   0x080078fe   0x00000002   Code   RO         5729    i.HAL_UARTEx_RxFifoFullCallback  stm32h7xx_hal_uart_ex.o
    0x08007900   0x08007900   0x0000004c   Code   RO         5730    i.HAL_UARTEx_SetRxFifoThreshold  stm32h7xx_hal_uart_ex.o
    0x0800794c   0x0800794c   0x0000004c   Code   RO         5731    i.HAL_UARTEx_SetTxFifoThreshold  stm32h7xx_hal_uart_ex.o
    0x08007998   0x08007998   0x00000002   Code   RO         5733    i.HAL_UARTEx_TxFifoEmptyCallback  stm32h7xx_hal_uart_ex.o
    0x0800799a   0x0800799a   0x00000002   Code   RO         5734    i.HAL_UARTEx_WakeupCallback  stm32h7xx_hal_uart_ex.o
    0x0800799c   0x0800799c   0x0000006c   Code   RO         5316    i.HAL_UART_DMAResume  stm32h7xx_hal_uart.o
    0x08007a08   0x08007a08   0x000000a2   Code   RO         5317    i.HAL_UART_DMAStop  stm32h7xx_hal_uart.o
    0x08007aaa   0x08007aaa   0x00000002   Code   RO         5321    i.HAL_UART_ErrorCallback  stm32h7xx_hal_uart.o
    0x08007aac   0x08007aac   0x000003f8   Code   RO         5324    i.HAL_UART_IRQHandler  stm32h7xx_hal_uart.o
    0x08007ea4   0x08007ea4   0x00000070   Code   RO         5325    i.HAL_UART_Init     stm32h7xx_hal_uart.o
    0x08007f14   0x08007f14   0x000006a0   Code   RO          471    i.HAL_UART_MspInit  usart.o
    0x080085b4   0x080085b4   0x0000004a   Code   RO         5329    i.HAL_UART_Receive_DMA  stm32h7xx_hal_uart.o
    0x080085fe   0x080085fe   0x00000002   Code   RO         5332    i.HAL_UART_RxCpltCallback  stm32h7xx_hal_uart.o
    0x08008600   0x08008600   0x00000002   Code   RO         5333    i.HAL_UART_RxHalfCpltCallback  stm32h7xx_hal_uart.o
    0x08008602   0x08008602   0x00000002   PAD
    0x08008604   0x08008604   0x0000009c   Code   RO         5335    i.HAL_UART_Transmit_DMA  stm32h7xx_hal_uart.o
    0x080086a0   0x080086a0   0x00000002   Code   RO         5337    i.HAL_UART_TxCpltCallback  stm32h7xx_hal_uart.o
    0x080086a2   0x080086a2   0x00000002   Code   RO         5338    i.HAL_UART_TxHalfCpltCallback  stm32h7xx_hal_uart.o
    0x080086a4   0x080086a4   0x00000002   Code   RO          573    i.HardFault_Handler  stm32h7xx_it.o
    0x080086a6   0x080086a6   0x00000002   PAD
    0x080086a8   0x080086a8   0x000000d8   Code   RO         6397    i.HardwareConfig    hardware_config.o
    0x08008780   0x08008780   0x000000c0   Code   RO         6491    i.HolderControl_Base  holder.o
    0x08008840   0x08008840   0x00000030   Code   RO         6492    i.HolderInit_Base   holder.o
    0x08008870   0x08008870   0x000000ec   Code   RO         6398    i.MPU_Init_         hardware_config.o
    0x0800895c   0x0800895c   0x0000011c   Code   RO          241    i.MX_DMA_Init       dma.o
    0x08008a78   0x08008a78   0x00000068   Code   RO          267    i.MX_FDCAN1_Init    fdcan.o
    0x08008ae0   0x08008ae0   0x0000006c   Code   RO          268    i.MX_FDCAN2_Init    fdcan.o
    0x08008b4c   0x08008b4c   0x000000e0   Code   RO          217    i.MX_GPIO_Init      gpio.o
    0x08008c2c   0x08008c2c   0x00000058   Code   RO          316    i.MX_I2C2_Init      i2c.o
    0x08008c84   0x08008c84   0x00000060   Code   RO          376    i.MX_SPI1_Init      spi.o
    0x08008ce4   0x08008ce4   0x00000034   Code   RO          418    i.MX_TIM13_Init     tim.o
    0x08008d18   0x08008d18   0x00000034   Code   RO          419    i.MX_TIM14_Init     tim.o
    0x08008d4c   0x08008d4c   0x00000068   Code   RO          420    i.MX_TIM5_Init      tim.o
    0x08008db4   0x08008db4   0x00000068   Code   RO          472    i.MX_UART4_Init     usart.o
    0x08008e1c   0x08008e1c   0x00000068   Code   RO          473    i.MX_UART5_Init     usart.o
    0x08008e84   0x08008e84   0x00000068   Code   RO          474    i.MX_UART7_Init     usart.o
    0x08008eec   0x08008eec   0x00000068   Code   RO          475    i.MX_UART8_Init     usart.o
    0x08008f54   0x08008f54   0x00000070   Code   RO          476    i.MX_USART1_UART_Init  usart.o
    0x08008fc4   0x08008fc4   0x00000068   Code   RO          477    i.MX_USART2_UART_Init  usart.o
    0x0800902c   0x0800902c   0x00000068   Code   RO          478    i.MX_USART3_UART_Init  usart.o
    0x08009094   0x08009094   0x00000068   Code   RO          479    i.MX_USART6_UART_Init  usart.o
    0x080090fc   0x080090fc   0x00000002   Code   RO          574    i.MemManage_Handler  stm32h7xx_it.o
    0x080090fe   0x080090fe   0x00000002   PAD
    0x08009100   0x08009100   0x000000b0   Code   RO         6807    i.MotorCanOutput    motor.o
    0x080091b0   0x080091b0   0x0000006c   Code   RO         6808    i.MotorFillData     motor.o
    0x0800921c   0x0800921c   0x00000084   Code   RO         6809    i.MotorInit         motor.o
    0x080092a0   0x080092a0   0x00000178   Code   RO         6811    i.MotorRxCallback   motor.o
    0x08009418   0x08009418   0x00000038   Code   RO         6611    i.Motor_CheckFPS    check.o
    0x08009450   0x08009450   0x00000002   Code   RO          575    i.NMI_Handler       stm32h7xx_it.o
    0x08009452   0x08009452   0x00000002   PAD
    0x08009454   0x08009454   0x000000d4   Code   RO         7585    i.PID_Init          pid.o
    0x08009528   0x08009528   0x00000002   Code   RO          576    i.PendSV_Handler    stm32h7xx_it.o
    0x0800952a   0x0800952a   0x00000002   PAD
    0x0800952c   0x0800952c   0x00000140   Code   RO         1755    i.RCCEx_PLL2_Config  stm32h7xx_hal_rcc_ex.o
    0x0800966c   0x0800966c   0x00000140   Code   RO         1756    i.RCCEx_PLL3_Config  stm32h7xx_hal_rcc_ex.o
    0x080097ac   0x080097ac   0x000000ac   Code   RO         7059    i.Referee_Data_Diapcak  referee.o
    0x08009858   0x08009858   0x00000024   Code   RO         7060    i.Referee_callback  referee.o
    0x0800987c   0x0800987c   0x00000124   Code   RO         6612    i.RobotOnlineState  check.o
    0x080099a0   0x080099a0   0x00000014   Code   RO         3986    i.SPI_GetPacketSize  stm32h7xx_hal_spi.o
    0x080099b4   0x080099b4   0x00000002   Code   RO          577    i.SVC_Handler       stm32h7xx_it.o
    0x080099b6   0x080099b6   0x00000002   PAD
    0x080099b8   0x080099b8   0x0000007c   Code   RO         6668    i.SolutionData_FromTop  communication.o
    0x08009a34   0x08009a34   0x00000136   Code   RO         6551    i.SwerveChassisInit  swerve_chassis.o
    0x08009b6a   0x08009b6a   0x00000002   PAD
    0x08009b6c   0x08009b6c   0x000003a8   Code   RO         6552    i.SwerveChassisPowerCtrl  swerve_chassis.o
    0x08009f14   0x08009f14   0x000002fc   Code   RO         6553    i.SwerveChassisSetSpeed  swerve_chassis.o
    0x0800a210   0x0800a210   0x000000b0   Code   RO         6554    i.SwerveChassis_Control  swerve_chassis.o
    0x0800a2c0   0x0800a2c0   0x00000004   Code   RO          578    i.SysTick_Handler   stm32h7xx_it.o
    0x0800a2c4   0x0800a2c4   0x000000dc   Code   RO           14    i.SystemClock_Config  main.o
    0x0800a3a0   0x0800a3a0   0x000000dc   Code   RO          825    i.SystemInit        system_stm32h7xx.o
    0x0800a47c   0x0800a47c   0x00000138   Code   RO         6204    i.TIM14_Task        control_logic.o
    0x0800a5b4   0x0800a5b4   0x0000000c   Code   RO          579    i.TIM8_TRG_COM_TIM14_IRQHandler  stm32h7xx_it.o
    0x0800a5c0   0x0800a5c0   0x0000000c   Code   RO          580    i.TIM8_UP_TIM13_IRQHandler  stm32h7xx_it.o
    0x0800a5cc   0x0800a5cc   0x000000d8   Code   RO         4373    i.TIM_Base_SetConfig  stm32h7xx_hal_tim.o
    0x0800a6a4   0x0800a6a4   0x00000016   Code   RO         4384    i.TIM_ETR_SetConfig  stm32h7xx_hal_tim.o
    0x0800a6ba   0x0800a6ba   0x00000014   Code   RO         4385    i.TIM_ITRx_SetConfig  stm32h7xx_hal_tim.o
    0x0800a6ce   0x0800a6ce   0x00000006   Code   RO         5960    i.TIM_Open          driver_timer.o
    0x0800a6d4   0x0800a6d4   0x00000026   Code   RO         4393    i.TIM_TI1_ConfigInputStage  stm32h7xx_hal_tim.o
    0x0800a6fa   0x0800a6fa   0x00000028   Code   RO         4395    i.TIM_TI2_ConfigInputStage  stm32h7xx_hal_tim.o
    0x0800a722   0x0800a722   0x00000002   PAD
    0x0800a724   0x0800a724   0x0000002c   Code   RO         5961    i.TIMx_Init         driver_timer.o
    0x0800a750   0x0800a750   0x00000018   Code   RO          581    i.UART4_IRQHandler  stm32h7xx_it.o
    0x0800a768   0x0800a768   0x0000000c   Code   RO          582    i.UART5_IRQHandler  stm32h7xx_it.o
    0x0800a774   0x0800a774   0x00000018   Code   RO          583    i.UART7_IRQHandler  stm32h7xx_it.o
    0x0800a78c   0x0800a78c   0x0000000c   Code   RO          584    i.UART8_IRQHandler  stm32h7xx_it.o
    0x0800a798   0x0800a798   0x0000005c   Code   RO         5735    i.UARTEx_SetNbDataToProcess  stm32h7xx_hal_uart_ex.o
    0x0800a7f4   0x0800a7f4   0x000000d8   Code   RO         5339    i.UART_AdvFeatureConfig  stm32h7xx_hal_uart.o
    0x0800a8cc   0x0800a8cc   0x000000ba   Code   RO         5340    i.UART_CheckIdleState  stm32h7xx_hal_uart.o
    0x0800a986   0x0800a986   0x00000014   Code   RO         5341    i.UART_DMAAbortOnError  stm32h7xx_hal_uart.o
    0x0800a99a   0x0800a99a   0x00000054   Code   RO         5342    i.UART_DMAError     stm32h7xx_hal_uart.o
    0x0800a9ee   0x0800a9ee   0x0000008c   Code   RO         5343    i.UART_DMAReceiveCplt  stm32h7xx_hal_uart.o
    0x0800aa7a   0x0800aa7a   0x00000020   Code   RO         5345    i.UART_DMARxHalfCplt  stm32h7xx_hal_uart.o
    0x0800aa9a   0x0800aa9a   0x00000042   Code   RO         5347    i.UART_DMATransmitCplt  stm32h7xx_hal_uart.o
    0x0800aadc   0x0800aadc   0x0000000a   Code   RO         5349    i.UART_DMATxHalfCplt  stm32h7xx_hal_uart.o
    0x0800aae6   0x0800aae6   0x00000050   Code   RO         5351    i.UART_EndRxTransfer  stm32h7xx_hal_uart.o
    0x0800ab36   0x0800ab36   0x00000024   Code   RO         5352    i.UART_EndTransmit_IT  stm32h7xx_hal_uart.o
    0x0800ab5a   0x0800ab5a   0x0000002e   Code   RO         5353    i.UART_EndTxTransfer  stm32h7xx_hal_uart.o
    0x0800ab88   0x0800ab88   0x0000006c   Code   RO         5893    i.UART_Idle_Handler  driver_usart.o
    0x0800abf4   0x0800abf4   0x000004c2   Code   RO         5358    i.UART_SetConfig    stm32h7xx_hal_uart.o
    0x0800b0b6   0x0800b0b6   0x00000002   PAD
    0x0800b0b8   0x0800b0b8   0x000000ac   Code   RO         5359    i.UART_Start_Receive_DMA  stm32h7xx_hal_uart.o
    0x0800b164   0x0800b164   0x000000b4   Code   RO         5365    i.UART_WaitOnFlagUntilTimeout  stm32h7xx_hal_uart.o
    0x0800b218   0x0800b218   0x00000038   Code   RO         5894    i.UARTx_Init        driver_usart.o
    0x0800b250   0x0800b250   0x00000018   Code   RO          585    i.USART1_IRQHandler  stm32h7xx_it.o
    0x0800b268   0x0800b268   0x00000018   Code   RO          586    i.USART2_IRQHandler  stm32h7xx_it.o
    0x0800b280   0x0800b280   0x00000018   Code   RO          587    i.USART3_IRQHandler  stm32h7xx_it.o
    0x0800b298   0x0800b298   0x0000000c   Code   RO          588    i.USART6_IRQHandler  stm32h7xx_it.o
    0x0800b2a4   0x0800b2a4   0x00000002   Code   RO          589    i.UsageFault_Handler  stm32h7xx_it.o
    0x0800b2a6   0x0800b2a6   0x00000002   PAD
    0x0800b2a8   0x0800b2a8   0x00000028   Code   RO         5895    i.UsartDmaPrintf    driver_usart.o
    0x0800b2d0   0x0800b2d0   0x0000003c   Code   RO         7062    i.Verify_CRC16_Check_Sum  referee.o
    0x0800b30c   0x0800b30c   0x00000026   Code   RO         7063    i.Verify_CRC8_Check_Sum  referee.o
    0x0800b332   0x0800b332   0x00000002   PAD
    0x0800b334   0x0800b334   0x00000394   Code   RO         7064    i._Data_Diapcak     referee.o
    0x0800b6c8   0x0800b6c8   0x00000030   Code   RO         8834    i.__ARM_fpclassify  m_wv.l(fpclassify.o)
    0x0800b6f8   0x0800b6f8   0x00000200   Code   RO         8797    i.__hardfp_atan     m_wv.l(atan.o)
    0x0800b8f8   0x0800b8f8   0x000001c0   Code   RO         8498    i.__hardfp_atan2    m_wv.l(atan2.o)
    0x0800bab8   0x0800bab8   0x000000b0   Code   RO         8522    i.__hardfp_cos      m_wv.l(cos.o)
    0x0800bb68   0x0800bb68   0x000000fc   Code   RO         8546    i.__hardfp_fmod     m_wv.l(fmod.o)
    0x0800bc64   0x0800bc64   0x00000004   PAD
    0x0800bc68   0x0800bc68   0x000000b0   Code   RO         8558    i.__hardfp_sin      m_wv.l(sin.o)
    0x0800bd18   0x0800bd18   0x00000066   Code   RO         8582    i.__hardfp_sqrt     m_wv.l(sqrt.o)
    0x0800bd7e   0x0800bd7e   0x00000002   PAD
    0x0800bd80   0x0800bd80   0x00000310   Code   RO         8855    i.__ieee754_rem_pio2  m_wv.l(rred.o)
    0x0800c090   0x0800c090   0x000000e0   Code   RO         8811    i.__kernel_cos      m_wv.l(cos_i.o)
    0x0800c170   0x0800c170   0x00000070   Code   RO         8852    i.__kernel_poly     m_wv.l(poly.o)
    0x0800c1e0   0x0800c1e0   0x000000a8   Code   RO         8863    i.__kernel_sin      m_wv.l(sin_i.o)
    0x0800c288   0x0800c288   0x00000006   Code   RO         8815    i.__mathlib_dbl_infnan  m_wv.l(dunder.o)
    0x0800c28e   0x0800c28e   0x00000006   Code   RO         8816    i.__mathlib_dbl_infnan2  m_wv.l(dunder.o)
    0x0800c294   0x0800c294   0x00000004   PAD
    0x0800c298   0x0800c298   0x00000018   Code   RO         8817    i.__mathlib_dbl_invalid  m_wv.l(dunder.o)
    0x0800c2b0   0x0800c2b0   0x00000018   Code   RO         8820    i.__mathlib_dbl_underflow  m_wv.l(dunder.o)
    0x0800c2c8   0x0800c2c8   0x0000000e   Code   RO         8706    i._is_digit         c_w.l(__printf_wp.o)
    0x0800c2d6   0x0800c2d6   0x00000010   Code   RO         8799    i.atan              m_wv.l(atan.o)
    0x0800c2e6   0x0800c2e6   0x00000018   Code   RO         8830    i.fabs              m_wv.l(fabs.o)
    0x0800c2fe   0x0800c2fe   0x00000020   Code   RO         7728    i.float_constrain   user_lib.o
    0x0800c31e   0x0800c31e   0x00000028   Code   RO         7731    i.float_to_uint     user_lib.o
    0x0800c346   0x0800c346   0x00000010   Code   RO         7732    i.int16_constrain   user_lib.o
    0x0800c356   0x0800c356   0x00000052   Code   RO           15    i.main              main.o
    0x0800c3a8   0x0800c3a8   0x00000028   Code   RO         7737    i.uint_to_float     user_lib.o
    0x0800c3d0   0x0800c3d0   0x0000004c   Code   RO         7232    i.wrap_to_180       dm_motor.o
    0x0800c41c   0x0800c41c   0x0000002c   Code   RO         8979    locale$$code        c_w.l(lc_numeric_c.o)
    0x0800c448   0x0800c448   0x0000002c   Code   RO         9012    locale$$code        c_w.l(lc_ctype_c.o)
    0x0800c474   0x0800c474   0x0000009c   Code   RO         8931    x$fpl$dnaninf       fz_wv.l(dnaninf.o)
    0x0800c510   0x0800c510   0x00000150   Code   RO         8786    x$fpl$drem          fz_wv.l(drem_clz.o)
    0x0800c660   0x0800c660   0x0000000a   Code   RO         8933    x$fpl$fpinit        fz_wv.l(fpinit.o)
    0x0800c66a   0x0800c66a   0x00000004   Code   RO         8788    x$fpl$printf1       fz_wv.l(printf1.o)
    0x0800c66e   0x0800c66e   0x00000004   Code   RO         8790    x$fpl$printf2       fz_wv.l(printf2.o)
    0x0800c672   0x0800c672   0x00000000   Code   RO         8796    x$fpl$usenofp       fz_wv.l(usenofp.o)
    0x0800c672   0x0800c672   0x00000010   Data   RO          826    .constdata          system_stm32h7xx.o
    0x0800c682   0x0800c682   0x00000002   PAD
    0x0800c684   0x0800c684   0x0000005c   Data   RO         1109    .constdata          stm32h7xx_hal_fdcan.o
    0x0800c6e0   0x0800c6e0   0x00000008   Data   RO         2344    .constdata          stm32h7xx_hal_dma.o
    0x0800c6e8   0x0800c6e8   0x00000018   Data   RO         5366    .constdata          stm32h7xx_hal_uart.o
    0x0800c700   0x0800c700   0x00000010   Data   RO         5737    .constdata          stm32h7xx_hal_uart_ex.o
    0x0800c710   0x0800c710   0x00000300   Data   RO         7070    .constdata          referee.o
    0x0800ca10   0x0800ca10   0x00000008   Data   RO         8665    .constdata          c_w.l(_printf_wctomb.o)
    0x0800ca18   0x0800ca18   0x00000028   Data   RO         8694    .constdata          c_w.l(_printf_hex_int_ll_ptr.o)
    0x0800ca40   0x0800ca40   0x00000011   Data   RO         8714    .constdata          c_w.l(__printf_flags_ss_wp.o)
    0x0800ca51   0x0800ca51   0x00000007   PAD
    0x0800ca58   0x0800ca58   0x00000098   Data   RO         8800    .constdata          m_wv.l(atan.o)
    0x0800caf0   0x0800caf0   0x00000030   Data   RO         8812    .constdata          m_wv.l(cos_i.o)
    0x0800cb20   0x0800cb20   0x00000008   Data   RO         8854    .constdata          m_wv.l(qnan.o)
    0x0800cb28   0x0800cb28   0x000000c8   Data   RO         8857    .constdata          m_wv.l(rred.o)
    0x0800cbf0   0x0800cbf0   0x00000028   Data   RO         8864    .constdata          m_wv.l(sin_i.o)
    0x0800cc18   0x0800cc18   0x00000026   Data   RO         8911    .constdata          c_w.l(_printf_fp_hex.o)
    0x0800cc3e   0x0800cc3e   0x00000002   PAD
    0x0800cc40   0x0800cc40   0x00000094   Data   RO         8954    .constdata          c_w.l(bigflt0.o)
    0x0800ccd4   0x0800ccd4   0x00000020   Data   RO         9066    Region$$Table       anon$$obj.o
    0x0800ccf4   0x0800ccf4   0x0000001c   Data   RO         8978    locale$$data        c_w.l(lc_numeric_c.o)
    0x0800cd10   0x0800cd10   0x00000110   Data   RO         9011    locale$$data        c_w.l(lc_ctype_c.o)


    Execution Region RW_IRAM1 (Exec base: 0x20000000, Load base: 0x0800ce20, Size: 0x00000000, Max: 0x00020000, ABSOLUTE)

    **** No section assigned to this execution region ****


    Execution Region RW_IRAM2 (Exec base: 0x24000000, Load base: 0x0800ce20, Size: 0x00006024, Max: 0x00080000, ABSOLUTE, COMPRESSED[0x00000060])

    Exec Addr    Load Addr    Size         Type   Attr      Idx    E Section Name        Object

    0x24000000   COMPRESSED   0x00000004   Data   RW          270    .data               fdcan.o
    0x24000004   COMPRESSED   0x00000008   Data   RW          827    .data               system_stm32h7xx.o
    0x2400000c   COMPRESSED   0x0000000c   Data   RW         3082    .data               stm32h7xx_hal.o
    0x24000018   COMPRESSED   0x00000020   Data   RW         5848    .data               driver_can.o
    0x24000038   COMPRESSED   0x00000040   Data   RW         6010    .data               driver_counter.o
    0x24000078   COMPRESSED   0x00000001   Data   RW         6205    .data               control_logic.o
    0x24000079   COMPRESSED   0x00000001   PAD
    0x2400007a   COMPRESSED   0x0000000c   Data   RW         6614    .data               check.o
    0x24000086   COMPRESSED   0x00000002   PAD
    0x24000088   COMPRESSED   0x00000024   Data   RW         6669    .data               communication.o
    0x240000ac   COMPRESSED   0x00000088   Data   RW         6812    .data               motor.o
    0x24000134   COMPRESSED   0x00000014   Data   RW         7078    .data               referee.o
    0x24000148   COMPRESSED   0x0000001c   Data   RW         7233    .data               dm_motor.o
    0x24000164   COMPRESSED   0x00000008   Data   RW         7594    .data               pid.o
    0x2400016c   COMPRESSED   0x00000020   Data   RW         7597    .data               pid.o
    0x2400018c        -       0x00000140   Zero   RW          269    .bss                fdcan.o
    0x240002cc        -       0x00000054   Zero   RW          317    .bss                i2c.o
    0x24000320        -       0x00000088   Zero   RW          377    .bss                spi.o
    0x240003a8        -       0x000000e4   Zero   RW          421    .bss                tim.o
    0x2400048c        -       0x00000ba8   Zero   RW          480    .bss                usart.o
    0x24001034        -       0x000007a0   Zero   RW         5898    .bss                driver_usart.o
    0x240017d4        -       0x00000028   Zero   RW         5962    .bss                driver_timer.o
    0x240017fc        -       0x000002ac   Zero   RW         6493    .bss                holder.o
    0x24001aa8        -       0x00000950   Zero   RW         6555    .bss                swerve_chassis.o
    0x240023f8        -       0x00000018   Zero   RW         6613    .bss                check.o
    0x24002410        -       0x00000014   Zero   RW         6702    .bss                dr16.o
    0x24002424        -       0x00000010   Zero   RW         6759    .bss                et08.o
    0x24002434        -       0x0000048c   Zero   RW         7067    .bss                referee.o
    0x240028c0        -       0x00000210   Zero   RW         7589    .bss                pid.o
    0x24002ad0        -       0x00000060   Zero   RW         8872    .bss                c_w.l(libspace.o)
    0x24002b30        -       0x00001000   Zero   RW            2    HEAP                startup_stm32h750xx.o
    0x24003b30        -       0x00001000   Zero   RW            1    STACK               startup_stm32h750xx.o
    0x24004b30   COMPRESSED   0x000014e0   PAD
    0x24006010        -       0x00000012   Zero   RW         6701    .ARM.__AT_0x24006010  dr16.o


==============================================================================

Image component sizes


      Code (inc. data)   RO Data    RW Data    ZI Data      Debug   Object Name

       390         22          0         12         24       7034   check.o
       124          4          0         36          0       2053   communication.o
       384         78          0          1          0       3954   control_logic.o
       656         58          0         28          0       7291   dm_motor.o
       284          4          0          0          0        910   dma.o
       354         16          0          0         38       3551   dr16.o
       238         26          0         32          0       3998   driver_can.o
       124         26          0         64          0       2991   driver_counter.o
        98         24          0          0         40       2841   driver_timer.o
       344         56          0          0       1952       5123   driver_usart.o
         0          0          0          0         16        873   et08.o
       504         40          0          4        320       2644   fdcan.o
       224         18          0          0          0       1027   gpio.o
       452        104          0          0          0      37168   hardware_config.o
       240         28          0          0        684       3814   holder.o
       224         26          0          0         84       1745   i2c.o
       306         12          0          0          0    1359498   main.o
      1180         86          0        136          0      12262   motor.o
       650         64          0         40        528       5984   pid.o
      1294         56        768         20       1164      13774   referee.o
       228         20          0          0        136       1733   spi.o
        64         26        664          0       8192        848   startup_stm32h750xx.o
       208         42          0         12          0      22732   stm32h7xx_hal.o
       364         40          0          0          0      41393   stm32h7xx_hal_cortex.o
      6514        834          8          0          0      15001   stm32h7xx_hal_dma.o
      3068         36         92          0          0      23381   stm32h7xx_hal_fdcan.o
       514          8          0          0          0       2348   stm32h7xx_hal_gpio.o
       202          0          0          0          0       2807   stm32h7xx_hal_i2c.o
       176          0          0          0          0       1999   stm32h7xx_hal_i2c_ex.o
        32          4          0          0          0        810   stm32h7xx_hal_msp.o
        96         10          0          0          0        837   stm32h7xx_hal_pwr_ex.o
      3180        162          0          0          0       8488   stm32h7xx_hal_rcc.o
      4332        190          0          0          0       8213   stm32h7xx_hal_rcc_ex.o
       404         14          0          0          0       2079   stm32h7xx_hal_spi.o
      1238         44          0          0          0      10163   stm32h7xx_hal_tim.o
       174         10          0          0          0       3244   stm32h7xx_hal_tim_ex.o
      4126        174         24          0          0      41626   stm32h7xx_hal_uart.o
       312          6         16          0          0       5534   stm32h7xx_hal_uart_ex.o
       404        162          0          0          0      17913   stm32h7xx_it.o
      2186        194          0          0       2384       6493   swerve_chassis.o
       220         40         16          8          0       1314   system_stm32h7xx.o
       332         40          0          0        228       2900   tim.o
      2536        186          0          0       2984       8498   usart.o
       128          0          0          0          0       2892   user_lib.o

    ----------------------------------------------------------------------
     39154       2990       1622        396      24120    1711781   Object Totals
         0          0         32          0          0          0   (incl. Generated)
        46          0          2          3       5346          0   (incl. Padding)

    ----------------------------------------------------------------------

      Code (inc. data)   RO Data    RW Data    ZI Data      Debug   Library Member Name

        90          0          0          0          0          0   __dczerorl2.o
         8          0          0          0          0         68   __main.o
       392          4         17          0          0         92   __printf_flags_ss_wp.o
        14          0          0          0          0         68   __printf_wp.o
         0          0          0          0          0          0   __rtentry.o
        12          0          0          0          0          0   __rtentry2.o
         6          0          0          0          0          0   __rtentry4.o
        52          8          0          0          0          0   __scatter.o
        28          0          0          0          0          0   __scatter_zi.o
         6          0          0          0          0          0   _printf_a.o
         6          0          0          0          0          0   _printf_c.o
        44          0          0          0          0        108   _printf_char.o
        48          6          0          0          0         96   _printf_char_common.o
        40          0          0          0          0         68   _printf_charcount.o
         6          0          0          0          0          0   _printf_d.o
       120         16          0          0          0         92   _printf_dec.o
         6          0          0          0          0          0   _printf_e.o
         6          0          0          0          0          0   _printf_f.o
      1054          0          0          0          0        216   _printf_fp_dec.o
       764          8         38          0          0        100   _printf_fp_hex.o
       128         16          0          0          0         84   _printf_fp_infnan.o
         6          0          0          0          0          0   _printf_g.o
       148          4         40          0          0        160   _printf_hex_int_ll_ptr.o
         6          0          0          0          0          0   _printf_i.o
       178          0          0          0          0         88   _printf_intcommon.o
        10          0          0          0          0          0   _printf_l.o
         6          0          0          0          0          0   _printf_lc.o
        10          0          0          0          0          0   _printf_ll.o
         6          0          0          0          0          0   _printf_lld.o
         6          0          0          0          0          0   _printf_lli.o
         6          0          0          0          0          0   _printf_llo.o
         6          0          0          0          0          0   _printf_llu.o
         6          0          0          0          0          0   _printf_llx.o
       124         16          0          0          0         92   _printf_longlong_dec.o
         6          0          0          0          0          0   _printf_ls.o
         6          0          0          0          0          0   _printf_n.o
         6          0          0          0          0          0   _printf_o.o
       112         10          0          0          0        124   _printf_oct_int_ll.o
         6          0          0          0          0          0   _printf_p.o
        78          0          0          0          0        108   _printf_pad.o
         0          0          0          0          0          0   _printf_percent.o
         4          0          0          0          0          0   _printf_percent_end.o
         6          0          0          0          0          0   _printf_s.o
        82          0          0          0          0         80   _printf_str.o
        36          0          0          0          0         84   _printf_truncate.o
         6          0          0          0          0          0   _printf_u.o
        44          0          0          0          0        108   _printf_wchar.o
       188          6          8          0          0         92   _printf_wctomb.o
         6          0          0          0          0          0   _printf_x.o
        22          0          0          0          0        100   _rserrno.o
        16          0          0          0          0         68   _snputc.o
        10          0          0          0          0         68   _sputc.o
        64          0          0          0          0         92   _wcrtomb.o
       228          4        148          0          0         96   bigflt0.o
      1936        128          0          0          0        672   btod.o
        18          0          0          0          0         80   exit.o
         6          0          0          0          0        152   heapauxi.o
         0          0          0          0          0          0   indicate_semi.o
        44         10        272          0          0         76   lc_ctype_c.o
        44         10         28          0          0         76   lc_numeric_c.o
         2          0          0          0          0          0   libinit.o
        34          0          0          0          0          0   libinit2.o
         2          0          0          0          0          0   libshutdown.o
         2          0          0          0          0          0   libshutdown2.o
         8          4          0          0         96         68   libspace.o
       138          0          0          0          0         80   lludiv10.o
       238          0          0          0          0        100   lludivv7m.o
        16          4          0          0          0         76   rt_ctype_table.o
         8          4          0          0          0         68   rt_errno_addr_intlibspace.o
         8          4          0          0          0         68   rt_locale_intlibspace.o
        78          0          0          0          0         80   rt_memclr_w.o
       138          0          0          0          0         68   rt_memcpy_v6.o
       100          0          0          0          0         80   rt_memcpy_w.o
         2          0          0          0          0          0   rtexit.o
        10          0          0          0          0          0   rtexit2.o
       104          0          0          0          0         68   strcmpv7m_pel.o
        12          4          0          0          0         68   sys_exit.o
        74          0          0          0          0         80   sys_stackheap_outer.o
         2          0          0          0          0         68   use_no_semi.o
        52          4          0          0          0         80   vsnprintf.o
       156          4          0          0          0        140   dnaninf.o
       336         12          0          0          0        136   drem_clz.o
        10          0          0          0          0        116   fpinit.o
         4          0          0          0          0        116   printf1.o
         4          0          0          0          0        116   printf2.o
         0          0          0          0          0          0   usenofp.o
       528        110        152          0          0        348   atan.o
       448         68          0          0          0        180   atan2.o
       176         18          0          0          0        156   cos.o
       224         42         48          0          0        184   cos_i.o
        60         28          0          0          0        464   dunder.o
        24          0          0          0          0        124   fabs.o
       252          6          0          0          0        144   fmod.o
        48          0          0          0          0        124   fpclassify.o
       112          0          0          0          0        116   poly.o
         0          0          8          0          0          0   qnan.o
       784        138        200          0          0        172   rred.o
       176         18          0          0          0        160   sin.o
       168         24         40          0          0        196   sin_i.o
       102          0          0          0          0        140   sqrt.o

    ----------------------------------------------------------------------
     10984        742       1008          0         96       7592   Library Totals
        22          4          9          0          0          0   (incl. Padding)

    ----------------------------------------------------------------------

      Code (inc. data)   RO Data    RW Data    ZI Data      Debug   Library Name

      7350        270        551          0         96       4460   c_w.l
       510         16          0          0          0        624   fz_wv.l
      3102        452        448          0          0       2508   m_wv.l

    ----------------------------------------------------------------------
     10984        742       1008          0         96       7592   Library Totals

    ----------------------------------------------------------------------

==============================================================================


      Code (inc. data)   RO Data    RW Data    ZI Data      Debug   

     50138       3732       2630        396      24216    1692029   Grand Totals
     50138       3732       2630         96      24216    1692029   ELF Image Totals (compressed)
     50138       3732       2630         96          0          0   ROM Totals

==============================================================================

    Total RO  Size (Code + RO Data)                52768 (  51.53kB)
    Total RW  Size (RW Data + ZI Data)             24612 (  24.04kB)
    Total ROM Size (Code + RO Data + RW Data)      52864 (  51.63kB)

==============================================================================

