<html>
<body>
<pre>
<h1>µVision Build Log</h1>
<h2>Tool Versions:</h2>
IDE-Version: ¦ÌVision V5.39.0.0
Copyright (C) 2023 ARM Ltd and ARM Germany GmbH. All rights reserved.
License Information: 1 Galliry, 1, LIC=CZLZX-HF073-01RP1-CGGWX-YISFW-CJ522
 
Tool Versions:
Toolchain:       MDK-ARM Plus  Version: 5.39.0.0
Toolchain Path:  C:\Keil_v5\ARM\ARMCC\Bin
C Compiler:      Armcc.exe V5.06 update 6 (build 750)
Assembler:       Armasm.exe V5.06 update 6 (build 750)
Linker/Locator:  ArmLink.exe V5.06 update 6 (build 750)
Library Manager: ArmAr.exe V5.06 update 6 (build 750)
Hex Converter:   FromElf.exe V5.06 update 6 (build 750)
CPU DLL:         SARMCM3.DLL V5.39.0.0
Dialog DLL:      DCM.DLL V1.17.5.0
Target DLL:      CMSIS_AGDI.dll V1.33.16.0
Dialog DLL:      TCM.DLL V1.56.4.0
 
<h2>Project:</h2>
D:\My\GitHub\Sentry\Code\Base\Sentry_New\MDK-ARM\H7_Base.uvprojx
Project File Date:  01/25/2026

<h2>Output:</h2>
*** Using Compiler 'V5.06 update 6 (build 750)', folder: 'C:\Keil_v5\ARM\ARMCC\Bin'
Rebuild target 'H7_Base'
assembling startup_stm32h750xx.s...
compiling stm32h7xx_hal_cortex.c...
compiling memorymap.c...
compiling system_stm32h7xx.c...
compiling dma.c...
compiling stm32h7xx_hal_rcc_ex.c...
compiling fdcan.c...
compiling i2c.c...
compiling spi.c...
compiling main.c...
compiling gpio.c...
compiling usart.c...
compiling tim.c...
compiling stm32h7xx_hal_msp.c...
compiling stm32h7xx_it.c...
compiling stm32h7xx_hal_fdcan.c...
compiling stm32h7xx_hal_rcc.c...
compiling stm32h7xx_hal_flash.c...
compiling stm32h7xx_hal_gpio.c...
compiling stm32h7xx_hal_flash_ex.c...
compiling stm32h7xx_hal_hsem.c...
compiling stm32h7xx_hal_mdma.c...
compiling stm32h7xx_hal_spi.c...
compiling stm32h7xx_hal_spi_ex.c...
compiling stm32h7xx_hal_pwr.c...
compiling stm32h7xx_hal_dma_ex.c...
compiling stm32h7xx_hal.c...
compiling stm32h7xx_hal_i2c_ex.c...
compiling stm32h7xx_hal_exti.c...
compiling stm32h7xx_hal_tim_ex.c...
compiling stm32h7xx_hal_tim.c...
compiling stm32h7xx_hal_i2c.c...
compiling stm32h7xx_hal_uart_ex.c...
compiling stm32h7xx_hal_pwr_ex.c...
compiling stm32h7xx_hal_dma.c...
compiling stm32h7xx_hal_uart.c...
compiling driver_can.c...
compiling control_logic.c...
compiling driver_counter.c...
compiling driver_iic.c...
compiling driver_timer.c...
compiling driver_usart.c...
compiling hardware_config.c...
compiling dr16.c...
compiling holder.c...
..\CubotMiddleware\Modules\holder.c(35): warning:  #1035-D: single-precision operand implicitly converted to double-precision
  	DMiaoMitControl(&holder->Motors.Yaw_M,0,0,0,0,holder->Motors.Yaw_M.motor_output * 0.05);
..\CubotMiddleware\Modules\holder.c: 1 warning, 0 errors
compiling motor.c...
..\CubotMiddleware\Devices\motor.c(242): warning:  #177-D: function "CAN_DeleteMotor"  was declared but never referenced
  static void CAN_DeleteMotor(Motor* motor)
..\CubotMiddleware\Devices\motor.c: 1 warning, 0 errors
compiling communication.c...
compiling driver_spi.c...
compiling et08.c...
..\CubotMiddleware\Devices\et08.c(88): warning:  #550-D: variable "SD"  was set but never used
  	uint8_t SA,SB,SC,SD;
..\CubotMiddleware\Devices\et08.c: 1 warning, 0 errors
compiling swerve_chassis.c...
compiling MatrixFunctions.c...
compiling check.c...
compiling shoot.c...
compiling kalman_filter.c...
compiling referee.c...
compiling DM_motor.c...
..\CubotMiddleware\Devices\DM_motor.c(186): warning:  #1035-D: single-precision operand implicitly converted to double-precision
      if (angle > 180.0) {
..\CubotMiddleware\Devices\DM_motor.c(187): warning:  #1035-D: single-precision operand implicitly converted to double-precision
          angle -= 360.0;
..\CubotMiddleware\Devices\DM_motor.c(189): warning:  #1035-D: single-precision operand implicitly converted to double-precision
          angle += 360.0;
..\CubotMiddleware\Devices\DM_motor.c(192): warning:  #1-D: last line of file ends without a newline
  }
..\CubotMiddleware\Devices\DM_motor.c: 4 warnings, 0 errors
compiling mpu6050.c...
..\CubotMiddleware\Devices\mpu6050.c(64): warning:  #177-D: variable "gyroDiff"  was declared but never referenced
      float gyroDiff[3], gNormDiff;
..\CubotMiddleware\Devices\mpu6050.c(64): warning:  #177-D: variable "gNormDiff"  was declared but never referenced
      float gyroDiff[3], gNormDiff;
..\CubotMiddleware\Devices\mpu6050.c(69): warning:  #177-D: variable "gyroMax"  was declared but never referenced
      float gyroMax[3], gyroMin[3];
..\CubotMiddleware\Devices\mpu6050.c(69): warning:  #177-D: variable "gyroMin"  was declared but never referenced
      float gyroMax[3], gyroMin[3];
..\CubotMiddleware\Devices\mpu6050.c(70): warning:  #177-D: variable "gNormMax"  was declared but never referenced
      float gNormTemp = 0.0f, gNormMax = 0.0f, gNormMin = 0.0f;
..\CubotMiddleware\Devices\mpu6050.c(70): warning:  #177-D: variable "gNormMin"  was declared but never referenced
      float gNormTemp = 0.0f, gNormMax = 0.0f, gNormMin = 0.0f;
..\CubotMiddleware\Devices\mpu6050.c(139): warning:  #177-D: variable "halfT"  was declared but never referenced
  	float  halfT,norm,vx,vy,vz,ex,ey,ez,tempq0,tempq1,tempq2,tempq3,now,dt;
..\CubotMiddleware\Devices\mpu6050.c(139): warning:  #177-D: variable "vx"  was declared but never referenced
  	float  halfT,norm,vx,vy,vz,ex,ey,ez,tempq0,tempq1,tempq2,tempq3,now,dt;
..\CubotMiddleware\Devices\mpu6050.c(139): warning:  #177-D: variable "vy"  was declared but never referenced
  	float  halfT,norm,vx,vy,vz,ex,ey,ez,tempq0,tempq1,tempq2,tempq3,now,dt;
..\CubotMiddleware\Devices\mpu6050.c(139): warning:  #177-D: variable "vz"  was declared but never referenced
  	float  halfT,norm,vx,vy,vz,ex,ey,ez,tempq0,tempq1,tempq2,tempq3,now,dt;
..\CubotMiddleware\Devices\mpu6050.c(139): warning:  #177-D: variable "ex"  was declared but never referenced
  	float  halfT,norm,vx,vy,vz,ex,ey,ez,tempq0,tempq1,tempq2,tempq3,now,dt;
..\CubotMiddleware\Devices\mpu6050.c(139): warning:  #177-D: variable "ey"  was declared but never referenced
  	float  halfT,norm,vx,vy,vz,ex,ey,ez,tempq0,tempq1,tempq2,tempq3,now,dt;
..\CubotMiddleware\Devices\mpu6050.c(139): warning:  #177-D: variable "ez"  was declared but never referenced
  	float  halfT,norm,vx,vy,vz,ex,ey,ez,tempq0,tempq1,tempq2,tempq3,now,dt;
..\CubotMiddleware\Devices\mpu6050.c(139): warning:  #177-D: variable "now"  was declared but never referenced
  	float  halfT,norm,vx,vy,vz,ex,ey,ez,tempq0,tempq1,tempq2,tempq3,now,dt;
..\CubotMiddleware\Devices\mpu6050.c(182): warning:  #177-D: variable "mpu6050"  was declared but never referenced
  	MPU6050_t* mpu6050  =(MPU6050_t*)mpu6050_data ;
..\CubotMiddleware\Devices\mpu6050.c(26): warning:  #177-D: function "MPU6050_ReadData_1"  was declared but never referenced
  static uint8_t MPU6050_ReadData_1(uint8_t reg_add, uint8_t *Read, uint8_t num,I2C_HandleTypeDef *hi2c)
..\CubotMiddleware\Devices\mpu6050.c: 16 warnings, 0 errors
compiling Supercap.c...
compiling filter.c...
compiling kalman.c...
compiling LK_motor.c...
compiling pid.c...
compiling bmi088.c...
..\CubotMiddleware\Devices\bmi088.c(467): warning:  #1035-D: single-precision operand implicitly converted to double-precision
          exInt_1 = exInt_1 + ex * 0.1 *dt*0.5;
..\CubotMiddleware\Devices\bmi088.c(468): warning:  #1035-D: single-precision operand implicitly converted to double-precision
          eyInt_1 = eyInt_1 + ey * 0.1  *dt*0.5;	
..\CubotMiddleware\Devices\bmi088.c(469): warning:  #1035-D: single-precision operand implicitly converted to double-precision
          ezInt_1 = ezInt_1 + ez * 0.1  *dt*0.5;
..\CubotMiddleware\Devices\bmi088.c(471): warning:  #1035-D: single-precision operand implicitly converted to double-precision
          mpu6050_data->gyro[0]+=0.5*ex ;
..\CubotMiddleware\Devices\bmi088.c(472): warning:  #1035-D: single-precision operand implicitly converted to double-precision
          mpu6050_data->gyro[1]+=0.5*ey ;
..\CubotMiddleware\Devices\bmi088.c(473): warning:  #1035-D: single-precision operand implicitly converted to double-precision
          mpu6050_data->gyro[2]+=0.5*ez ;
..\CubotMiddleware\Devices\bmi088.c(475): warning:  #1035-D: single-precision operand implicitly converted to double-precision
      tempq0 = Q_B[0] + (-Q_B[1]*mpu6050_data->gyro[0] - Q_B[2]*mpu6050_data->gyro[1] - Q_B[3]*mpu6050_data->gyro[2])*dt*0.5;
..\CubotMiddleware\Devices\bmi088.c(476): warning:  #1035-D: single-precision operand implicitly converted to double-precision
      tempq1 = Q_B[1] + (Q_B[0]*mpu6050_data->gyro[0] + Q_B[2]*mpu6050_data->gyro[2] - Q_B[3]*mpu6050_data->gyro[1])*dt*0.5;
..\CubotMiddleware\Devices\bmi088.c(477): warning:  #1035-D: single-precision operand implicitly converted to double-precision
      tempq2 = Q_B[2] + (Q_B[0]*mpu6050_data->gyro[1] - Q_B[1]*mpu6050_data->gyro[2] + Q_B[3]*mpu6050_data->gyro[0])*dt*0.5;
..\CubotMiddleware\Devices\bmi088.c(478): warning:  #1035-D: single-precision operand implicitly converted to double-precision
      tempq3 = Q_B[3] + (Q_B[0]*mpu6050_data->gyro[2] + Q_B[1]*mpu6050_data->gyro[1] - Q_B[2]*mpu6050_data->gyro[0])*dt*0.5;  
..\CubotMiddleware\Devices\bmi088.c(450): warning:  #177-D: variable "YawRoundCount"  was declared but never referenced
      static int16_t YawRoundCount,exInt_1,eyInt_1,ezInt_1;
..\CubotMiddleware\Devices\bmi088.c(451): warning:  #177-D: variable "halfT"  was declared but never referenced
      float  halfT,norm,vx,vy,vz,ex,ey,ez,tempq0,tempq1,tempq2,tempq3,now,dt;
..\CubotMiddleware\Devices\bmi088.c(451): warning:  #177-D: variable "now"  was declared but never referenced
      float  halfT,norm,vx,vy,vz,ex,ey,ez,tempq0,tempq1,tempq2,tempq3,now,dt;
..\CubotMiddleware\Devices\bmi088.c(453): warning:  #177-D: variable "YawAngleLast"  was declared but never referenced
  	static float YawAngleLast,a,b,c;
..\CubotMiddleware\Devices\bmi088.c(453): warning:  #550-D: variable "a"  was set but never used
  	static float YawAngleLast,a,b,c;
..\CubotMiddleware\Devices\bmi088.c(453): warning:  #550-D: variable "b"  was set but never used
  	static float YawAngleLast,a,b,c;
..\CubotMiddleware\Devices\bmi088.c(453): warning:  #550-D: variable "c"  was set but never used
  	static float YawAngleLast,a,b,c;
..\CubotMiddleware\Devices\bmi088.c: 17 warnings, 0 errors
compiling ins.c...
..\CubotMiddleware\Modules\ins.c(22): warning:  #550-D: variable "IMU_paramCorrect"  was set but never used
  static IMU_CorrectParam_t IMU_paramCorrect = {0};
..\CubotMiddleware\Modules\ins.c(219): warning:  #177-D: function "IMU_Param_Correction"  was declared but never referenced
  static void IMU_Param_Correction(IMU_CorrectParam_t *param, float gyro[3], float accel[3])
..\CubotMiddleware\Modules\ins.c: 2 warnings, 0 errors
compiling quaternions_EKF.c...
compiling user_lib.c...
linking...
Program Size: Code=50138 RO-data=2630 RW-data=396 ZI-data=24216  
FromELF: creating hex file...
".\H7_Base\H7_Base.axf" - 0 Error(s), 42 Warning(s).

<h2>Software Packages used:</h2>

Package Vendor: ARM
                http://www.keil.com/pack/ARM.CMSIS.5.9.0.pack
                ARM::CMSIS@5.9.0
                CMSIS (Common Microcontroller Software Interface Standard)
   * Component: CORE Version: 5.6.0

Package Vendor: Keil
                https://www.keil.com/pack/Keil.STM32H7xx_DFP.2.3.1.pack
                Keil::STM32H7xx_DFP@2.3.1
                STMicroelectronics STM32H7 Series Device Support and Examples

<h2>Collection of Component include folders:</h2>
  ./RTE/_H7_Base
  C:/Users/Galliry/AppData/Local/Arm/Packs/ARM/CMSIS/5.9.0/CMSIS/Core/Include
  C:/Users/Galliry/AppData/Local/Arm/Packs/Keil/STM32H7xx_DFP/2.3.1/Drivers/CMSIS/Device/ST/STM32H7xx/Include

<h2>Collection of Component Files used:</h2>

   * Component: ARM::CMSIS:CORE@5.6.0
Build Time Elapsed:  00:01:25
</pre>
</body>
</html>
