<html>
<body>
<pre>
<h1>µVision Build Log</h1>
<h2>Tool Versions:</h2>
IDE-Version: ¦ÌVision V5.29.0.0
Copyright (C) 2019 ARM Ltd and ARM Germany GmbH. All rights reserved.
License Information: B ROG, CUBOT, LIC=9WSKC-7I63I-EVT1R-K5UG4-I6FJ6-LUQQA
 
Tool Versions:
Toolchain:       MDK-ARM Plus  Version: 5.29.0.0
Toolchain Path:  C:\Keil_v5\ARM\ARMCC\Bin
C Compiler:      Armcc.exe V5.06 update 6 (build 750)
Assembler:       Armasm.exe V5.06 update 6 (build 750)
Linker/Locator:  ArmLink.exe V5.06 update 6 (build 750)
Library Manager: ArmAr.exe V5.06 update 6 (build 750)
Hex Converter:   FromElf.exe V5.06 update 6 (build 750)
CPU DLL:         SARMCM3.DLL V5.29.0.0
Dialog DLL:      DCM.DLL V1.17.3.0
Target DLL:      CMSIS_AGDI.dll V1.32.0.0
Dialog DLL:      TCM.DLL V1.36.5.0
 
<h2>Project:</h2>
D:\Code\RoboMaster\Sentry2026\Sentry\Code\Base\Sentry_New\MDK-ARM\H7_Base.uvprojx
Project File Date:  04/28/2026

<h2>Output:</h2>
*** Using Compiler 'V5.06 update 6 (build 750)', folder: 'C:\Keil_v5\ARM\ARMCC\Bin'
Rebuild target 'H7_Base'
assembling startup_stm32h750xx.s...
compiling stm32h7xx_hal_i2c_ex.c...
compiling system_stm32h7xx.c...
compiling stm32h7xx_hal_spi_ex.c...
compiling spi.c...
compiling memorymap.c...
compiling stm32h7xx_hal_dma_ex.c...
compiling main.c...
compiling gpio.c...
compiling i2c.c...
compiling tim.c...
compiling stm32h7xx_hal_hsem.c...
compiling usart.c...
compiling fdcan.c...
compiling stm32h7xx_hal_pwr_ex.c...
compiling stm32h7xx_hal_rcc.c...
compiling stm32h7xx_hal.c...
compiling dma.c...
compiling stm32h7xx_hal_gpio.c...
compiling stm32h7xx_hal_cortex.c...
compiling stm32h7xx_hal_flash_ex.c...
compiling stm32h7xx_hal_mdma.c...
compiling stm32h7xx_hal_pwr.c...
compiling stm32h7xx_hal_flash.c...
compiling stm32h7xx_hal_msp.c...
compiling stm32h7xx_hal_exti.c...
compiling stm32h7xx_it.c...
compiling stm32h7xx_hal_spi.c...
compiling stm32h7xx_hal_tim.c...
compiling stm32h7xx_hal_i2c.c...
compiling stm32h7xx_hal_fdcan.c...
compiling stm32h7xx_hal_rcc_ex.c...
compiling stm32h7xx_hal_dma.c...
compiling kalman_filter.c...
compiling driver_iic.c...
compiling driver_can.c...
compiling MatrixFunctions.c...
compiling driver_timer.c...
compiling motor.c...
..\CubotMiddleware\Devices\motor.c(242): warning:  #177-D: function "CAN_DeleteMotor"  was declared but never referenced
  static void CAN_DeleteMotor(Motor* motor)
..\CubotMiddleware\Devices\motor.c: 1 warning, 0 errors
compiling kalman.c...
compiling driver_counter.c...
compiling bmi088.c...
..\CubotMiddleware\Devices\bmi088.c(467): warning:  #1035-D: single-precision operand implicitly converted to double-precision
          exInt_1 = exInt_1 + ex * 0.1 *dt*0.5;
..\CubotMiddleware\Devices\bmi088.c(468): warning:  #1035-D: single-precision operand implicitly converted to double-precision
          eyInt_1 = eyInt_1 + ey * 0.1  *dt*0.5;	
..\CubotMiddleware\Devices\bmi088.c(469): warning:  #1035-D: single-precision operand implicitly converted to double-precision
          ezInt_1 = ezInt_1 + ez * 0.1  *dt*0.5;
..\CubotMiddleware\Devices\bmi088.c(471): warning:  #1035-D: single-precision operand implicitly converted to double-precision
          mpu6050_data->gyro[0]+=0.5*ex ;
..\CubotMiddleware\Devices\bmi088.c(472): warning:  #1035-D: single-precision operand implicitly converted to double-precision
          mpu6050_data->gyro[1]+=0.5*ey ;
..\CubotMiddleware\Devices\bmi088.c(473): warning:  #1035-D: single-precision operand implicitly converted to double-precision
          mpu6050_data->gyro[2]+=0.5*ez ;
..\CubotMiddleware\Devices\bmi088.c(475): warning:  #1035-D: single-precision operand implicitly converted to double-precision
      tempq0 = Q_B[0] + (-Q_B[1]*mpu6050_data->gyro[0] - Q_B[2]*mpu6050_data->gyro[1] - Q_B[3]*mpu6050_data->gyro[2])*dt*0.5;
..\CubotMiddleware\Devices\bmi088.c(476): warning:  #1035-D: single-precision operand implicitly converted to double-precision
      tempq1 = Q_B[1] + (Q_B[0]*mpu6050_data->gyro[0] + Q_B[2]*mpu6050_data->gyro[2] - Q_B[3]*mpu6050_data->gyro[1])*dt*0.5;
..\CubotMiddleware\Devices\bmi088.c(477): warning:  #1035-D: single-precision operand implicitly converted to double-precision
      tempq2 = Q_B[2] + (Q_B[0]*mpu6050_data->gyro[1] - Q_B[1]*mpu6050_data->gyro[2] + Q_B[3]*mpu6050_data->gyro[0])*dt*0.5;
..\CubotMiddleware\Devices\bmi088.c(478): warning:  #1035-D: single-precision operand implicitly converted to double-precision
      tempq3 = Q_B[3] + (Q_B[0]*mpu6050_data->gyro[2] + Q_B[1]*mpu6050_data->gyro[1] - Q_B[2]*mpu6050_data->gyro[0])*dt*0.5;  
..\CubotMiddleware\Devices\bmi088.c(450): warning:  #177-D: variable "YawRoundCount"  was declared but never referenced
      static int16_t YawRoundCount,exInt_1,eyInt_1,ezInt_1;
..\CubotMiddleware\Devices\bmi088.c(451): warning:  #177-D: variable "halfT"  was declared but never referenced
      float  halfT,norm,vx,vy,vz,ex,ey,ez,tempq0,tempq1,tempq2,tempq3,now,dt;
..\CubotMiddleware\Devices\bmi088.c(451): warning:  #177-D: variable "now"  was declared but never referenced
      float  halfT,norm,vx,vy,vz,ex,ey,ez,tempq0,tempq1,tempq2,tempq3,now,dt;
..\CubotMiddleware\Devices\bmi088.c(453): warning:  #177-D: variable "YawAngleLast"  was declared but never referenced
  	static float YawAngleLast,a,b,c;
..\CubotMiddleware\Devices\bmi088.c(453): warning:  #550-D: variable "a"  was set but never used
  	static float YawAngleLast,a,b,c;
..\CubotMiddleware\Devices\bmi088.c(453): warning:  #550-D: variable "b"  was set but never used
  	static float YawAngleLast,a,b,c;
..\CubotMiddleware\Devices\bmi088.c(453): warning:  #550-D: variable "c"  was set but never used
  	static float YawAngleLast,a,b,c;
..\CubotMiddleware\Devices\bmi088.c: 17 warnings, 0 errors
compiling filter.c...
compiling shoot.c...
compiling dr16.c...
compiling stm32h7xx_hal_uart_ex.c...
compiling driver_usart.c...
compiling LK_motor.c...
compiling referee.c...
compiling mpu6050.c...
..\CubotMiddleware\Devices\mpu6050.c(64): warning:  #177-D: variable "gyroDiff"  was declared but never referenced
      float gyroDiff[3], gNormDiff;
..\CubotMiddleware\Devices\mpu6050.c(64): warning:  #177-D: variable "gNormDiff"  was declared but never referenced
      float gyroDiff[3], gNormDiff;
..\CubotMiddleware\Devices\mpu6050.c(69): warning:  #177-D: variable "gyroMax"  was declared but never referenced
      float gyroMax[3], gyroMin[3];
..\CubotMiddleware\Devices\mpu6050.c(69): warning:  #177-D: variable "gyroMin"  was declared but never referenced
      float gyroMax[3], gyroMin[3];
..\CubotMiddleware\Devices\mpu6050.c(70): warning:  #177-D: variable "gNormMax"  was declared but never referenced
      float gNormTemp = 0.0f, gNormMax = 0.0f, gNormMin = 0.0f;
..\CubotMiddleware\Devices\mpu6050.c(70): warning:  #177-D: variable "gNormMin"  was declared but never referenced
      float gNormTemp = 0.0f, gNormMax = 0.0f, gNormMin = 0.0f;
..\CubotMiddleware\Devices\mpu6050.c(139): warning:  #177-D: variable "halfT"  was declared but never referenced
  	float  halfT,norm,vx,vy,vz,ex,ey,ez,tempq0,tempq1,tempq2,tempq3,now,dt;
..\CubotMiddleware\Devices\mpu6050.c(139): warning:  #177-D: variable "vx"  was declared but never referenced
  	float  halfT,norm,vx,vy,vz,ex,ey,ez,tempq0,tempq1,tempq2,tempq3,now,dt;
..\CubotMiddleware\Devices\mpu6050.c(139): warning:  #177-D: variable "vy"  was declared but never referenced
  	float  halfT,norm,vx,vy,vz,ex,ey,ez,tempq0,tempq1,tempq2,tempq3,now,dt;
..\CubotMiddleware\Devices\mpu6050.c(139): warning:  #177-D: variable "vz"  was declared but never referenced
  	float  halfT,norm,vx,vy,vz,ex,ey,ez,tempq0,tempq1,tempq2,tempq3,now,dt;
..\CubotMiddleware\Devices\mpu6050.c(139): warning:  #177-D: variable "ex"  was declared but never referenced
  	float  halfT,norm,vx,vy,vz,ex,ey,ez,tempq0,tempq1,tempq2,tempq3,now,dt;
..\CubotMiddleware\Devices\mpu6050.c(139): warning:  #177-D: variable "ey"  was declared but never referenced
  	float  halfT,norm,vx,vy,vz,ex,ey,ez,tempq0,tempq1,tempq2,tempq3,now,dt;
..\CubotMiddleware\Devices\mpu6050.c(139): warning:  #177-D: variable "ez"  was declared but never referenced
  	float  halfT,norm,vx,vy,vz,ex,ey,ez,tempq0,tempq1,tempq2,tempq3,now,dt;
..\CubotMiddleware\Devices\mpu6050.c(139): warning:  #177-D: variable "now"  was declared but never referenced
  	float  halfT,norm,vx,vy,vz,ex,ey,ez,tempq0,tempq1,tempq2,tempq3,now,dt;
..\CubotMiddleware\Devices\mpu6050.c(182): warning:  #177-D: variable "mpu6050"  was declared but never referenced
  	MPU6050_t* mpu6050  =(MPU6050_t*)mpu6050_data ;
..\CubotMiddleware\Devices\mpu6050.c(26): warning:  #177-D: function "MPU6050_ReadData_1"  was declared but never referenced
  static uint8_t MPU6050_ReadData_1(uint8_t reg_add, uint8_t *Read, uint8_t num,I2C_HandleTypeDef *hi2c)
..\CubotMiddleware\Devices\mpu6050.c: 16 warnings, 0 errors
compiling Supercap.c...
compiling communication.c...
..\CubotMiddleware\Modules\communication.c(59): warning:  #1-D: last line of file ends without a newline
  }
..\CubotMiddleware\Modules\communication.c: 1 warning, 0 errors
compiling stm32h7xx_hal_tim_ex.c...
compiling hardware_config.c...
compiling et08.c...
..\CubotMiddleware\Devices\et08.c(88): warning:  #550-D: variable "SD"  was set but never used
  	uint8_t SA,SB,SC,SD;
..\CubotMiddleware\Devices\et08.c: 1 warning, 0 errors
compiling interboard.c...
..\CubotMiddleware\Modules\interboard.c(67): warning:  #1-D: last line of file ends without a newline
  }
..\CubotMiddleware\Modules\interboard.c: 1 warning, 0 errors
compiling swerve_chassis.c...
compiling stm32h7xx_hal_uart.c...
compiling DM_motor.c...
compiling control_logic.c...
compiling holder.c...
compiling driver_spi.c...
compiling pid.c...
compiling quaternions_EKF.c...
compiling check.c...
compiling user_lib.c...
compiling ins.c...
..\CubotMiddleware\Modules\ins.c(22): warning:  #550-D: variable "IMU_paramCorrect"  was set but never used
  static IMU_CorrectParam_t IMU_paramCorrect = {0};
..\CubotMiddleware\Modules\ins.c(219): warning:  #177-D: function "IMU_Param_Correction"  was declared but never referenced
  static void IMU_Param_Correction(IMU_CorrectParam_t *param, float gyro[3], float accel[3])
..\CubotMiddleware\Modules\ins.c: 2 warnings, 0 errors
linking...
Program Size: Code=50010 RO-data=2630 RW-data=424 ZI-data=24188  
FromELF: creating hex file...
".\H7_Base\H7_Base.axf" - 0 Error(s), 39 Warning(s).

<h2>Software Packages used:</h2>

Package Vendor: ARM
                https://www.keil.com/pack/ARM.CMSIS.6.3.0.pack
                ARM.CMSIS.6.3.0
                CMSIS (Common Microcontroller Software Interface Standard)
   * Component: CORE Version: 6.2.0

Package Vendor: Keil
                https://www.keil.com/pack/Keil.STM32H7xx_DFP.4.0.0.pack
                Keil.STM32H7xx_DFP.4.0.0
                STMicroelectronics STM32H7 Series Device Support

<h2>Collection of Component include folders:</h2>
  .\RTE\_H7_Base
  C:\Keil_v5\ARM\PACK\ARM\CMSIS\6.3.0\CMSIS\Core\Include

<h2>Collection of Component Files used:</h2>

   * Component: ARM::CMSIS:CORE:6.2.0
Build Time Elapsed:  00:00:19
</pre>
</body>
</html>
