Component: ARM Compiler 5.06 update 6 (build 750) Tool: armlink [4d35ed]

==============================================================================

Section Cross References

    startup_stm32h750xx.o(STACK) refers (Special) to heapauxi.o(.text) for __use_two_region_memory
    startup_stm32h750xx.o(HEAP) refers (Special) to heapauxi.o(.text) for __use_two_region_memory
    startup_stm32h750xx.o(RESET) refers (Special) to heapauxi.o(.text) for __use_two_region_memory
    startup_stm32h750xx.o(RESET) refers to startup_stm32h750xx.o(STACK) for __initial_sp
    startup_stm32h750xx.o(RESET) refers to startup_stm32h750xx.o(.text) for Reset_Handler
    startup_stm32h750xx.o(RESET) refers to stm32h7xx_it.o(i.NMI_Handler) for NMI_Handler
    startup_stm32h750xx.o(RESET) refers to stm32h7xx_it.o(i.HardFault_Handler) for HardFault_Handler
    startup_stm32h750xx.o(RESET) refers to stm32h7xx_it.o(i.MemManage_Handler) for MemManage_Handler
    startup_stm32h750xx.o(RESET) refers to stm32h7xx_it.o(i.BusFault_Handler) for BusFault_Handler
    startup_stm32h750xx.o(RESET) refers to stm32h7xx_it.o(i.UsageFault_Handler) for UsageFault_Handler
    startup_stm32h750xx.o(RESET) refers to stm32h7xx_it.o(i.SVC_Handler) for SVC_Handler
    startup_stm32h750xx.o(RESET) refers to stm32h7xx_it.o(i.DebugMon_Handler) for DebugMon_Handler
    startup_stm32h750xx.o(RESET) refers to stm32h7xx_it.o(i.PendSV_Handler) for PendSV_Handler
    startup_stm32h750xx.o(RESET) refers to stm32h7xx_it.o(i.SysTick_Handler) for SysTick_Handler
    startup_stm32h750xx.o(RESET) refers to stm32h7xx_it.o(i.DMA1_Stream0_IRQHandler) for DMA1_Stream0_IRQHandler
    startup_stm32h750xx.o(RESET) refers to stm32h7xx_it.o(i.DMA1_Stream1_IRQHandler) for DMA1_Stream1_IRQHandler
    startup_stm32h750xx.o(RESET) refers to stm32h7xx_it.o(i.DMA1_Stream2_IRQHandler) for DMA1_Stream2_IRQHandler
    startup_stm32h750xx.o(RESET) refers to stm32h7xx_it.o(i.DMA1_Stream3_IRQHandler) for DMA1_Stream3_IRQHandler
    startup_stm32h750xx.o(RESET) refers to stm32h7xx_it.o(i.DMA1_Stream4_IRQHandler) for DMA1_Stream4_IRQHandler
    startup_stm32h750xx.o(RESET) refers to stm32h7xx_it.o(i.DMA1_Stream5_IRQHandler) for DMA1_Stream5_IRQHandler
    startup_stm32h750xx.o(RESET) refers to stm32h7xx_it.o(i.DMA1_Stream6_IRQHandler) for DMA1_Stream6_IRQHandler
    startup_stm32h750xx.o(RESET) refers to stm32h7xx_it.o(i.FDCAN1_IT0_IRQHandler) for FDCAN1_IT0_IRQHandler
    startup_stm32h750xx.o(RESET) refers to stm32h7xx_it.o(i.FDCAN2_IT0_IRQHandler) for FDCAN2_IT0_IRQHandler
    startup_stm32h750xx.o(RESET) refers to stm32h7xx_it.o(i.USART1_IRQHandler) for USART1_IRQHandler
    startup_stm32h750xx.o(RESET) refers to stm32h7xx_it.o(i.USART2_IRQHandler) for USART2_IRQHandler
    startup_stm32h750xx.o(RESET) refers to stm32h7xx_it.o(i.USART3_IRQHandler) for USART3_IRQHandler
    startup_stm32h750xx.o(RESET) refers to stm32h7xx_it.o(i.TIM8_UP_TIM13_IRQHandler) for TIM8_UP_TIM13_IRQHandler
    startup_stm32h750xx.o(RESET) refers to stm32h7xx_it.o(i.TIM8_TRG_COM_TIM14_IRQHandler) for TIM8_TRG_COM_TIM14_IRQHandler
    startup_stm32h750xx.o(RESET) refers to stm32h7xx_it.o(i.DMA1_Stream7_IRQHandler) for DMA1_Stream7_IRQHandler
    startup_stm32h750xx.o(RESET) refers to stm32h7xx_it.o(i.UART4_IRQHandler) for UART4_IRQHandler
    startup_stm32h750xx.o(RESET) refers to stm32h7xx_it.o(i.UART5_IRQHandler) for UART5_IRQHandler
    startup_stm32h750xx.o(RESET) refers to stm32h7xx_it.o(i.DMA2_Stream0_IRQHandler) for DMA2_Stream0_IRQHandler
    startup_stm32h750xx.o(RESET) refers to stm32h7xx_it.o(i.DMA2_Stream1_IRQHandler) for DMA2_Stream1_IRQHandler
    startup_stm32h750xx.o(RESET) refers to stm32h7xx_it.o(i.DMA2_Stream2_IRQHandler) for DMA2_Stream2_IRQHandler
    startup_stm32h750xx.o(RESET) refers to stm32h7xx_it.o(i.DMA2_Stream3_IRQHandler) for DMA2_Stream3_IRQHandler
    startup_stm32h750xx.o(RESET) refers to stm32h7xx_it.o(i.DMA2_Stream4_IRQHandler) for DMA2_Stream4_IRQHandler
    startup_stm32h750xx.o(RESET) refers to stm32h7xx_it.o(i.DMA2_Stream5_IRQHandler) for DMA2_Stream5_IRQHandler
    startup_stm32h750xx.o(RESET) refers to stm32h7xx_it.o(i.DMA2_Stream6_IRQHandler) for DMA2_Stream6_IRQHandler
    startup_stm32h750xx.o(RESET) refers to stm32h7xx_it.o(i.USART6_IRQHandler) for USART6_IRQHandler
    startup_stm32h750xx.o(RESET) refers to stm32h7xx_it.o(i.UART7_IRQHandler) for UART7_IRQHandler
    startup_stm32h750xx.o(RESET) refers to stm32h7xx_it.o(i.UART8_IRQHandler) for UART8_IRQHandler
    startup_stm32h750xx.o(.text) refers (Special) to heapauxi.o(.text) for __use_two_region_memory
    startup_stm32h750xx.o(.text) refers to system_stm32h7xx.o(i.SystemInit) for SystemInit
    startup_stm32h750xx.o(.text) refers to __main.o(!!!main) for __main
    startup_stm32h750xx.o(.text) refers to startup_stm32h750xx.o(HEAP) for Heap_Mem
    startup_stm32h750xx.o(.text) refers to startup_stm32h750xx.o(STACK) for Stack_Mem
    main.o(i.SystemClock_Config) refers to rt_memclr_w.o(.text) for __aeabi_memclr4
[...]
    HAL_RCCEx_GetD3PCLK1Freq                 0x0800528d   Thumb Code    26  stm32h7xx_hal_rcc_ex.o(i.HAL_RCCEx_GetD3PCLK1Freq)
    HAL_RCCEx_GetPLL2ClockFreq               0x080052b1   Thumb Code   424  stm32h7xx_hal_rcc_ex.o(i.HAL_RCCEx_GetPLL2ClockFreq)
    HAL_RCCEx_GetPLL3ClockFreq               0x08005481   Thumb Code   424  stm32h7xx_hal_rcc_ex.o(i.HAL_RCCEx_GetPLL3ClockFreq)
    HAL_RCCEx_PeriphCLKConfig                0x08005651   Thumb Code  2722  stm32h7xx_hal_rcc_ex.o(i.HAL_RCCEx_PeriphCLKConfig)
    HAL_RCC_ClockConfig                      0x080060f9   Thumb Code   658  stm32h7xx_hal_rcc.o(i.HAL_RCC_ClockConfig)
    HAL_RCC_GetHCLKFreq                      0x080063b5   Thumb Code    56  stm32h7xx_hal_rcc.o(i.HAL_RCC_GetHCLKFreq)
    HAL_RCC_GetPCLK1Freq                     0x080063fd   Thumb Code    30  stm32h7xx_hal_rcc.o(i.HAL_RCC_GetPCLK1Freq)
    HAL_RCC_GetPCLK2Freq                     0x08006425   Thumb Code    30  stm32h7xx_hal_rcc.o(i.HAL_RCC_GetPCLK2Freq)
    HAL_RCC_GetSysClockFreq                  0x0800644d   Thumb Code   428  stm32h7xx_hal_rcc.o(i.HAL_RCC_GetSysClockFreq)
    HAL_RCC_OscConfig                        0x08006629   Thumb Code  1840  stm32h7xx_hal_rcc.o(i.HAL_RCC_OscConfig)
    HAL_SPI_Init                             0x08006d65   Thumb Code   370  stm32h7xx_hal_spi.o(i.HAL_SPI_Init)
    HAL_SPI_MspInit                          0x08006ee5   Thumb Code   120  spi.o(i.HAL_SPI_MspInit)
    HAL_SPI_TransmitReceive                  0x08006f69   Thumb Code  1024  stm32h7xx_hal_spi.o(i.HAL_SPI_TransmitReceive)
    HAL_SYSTICK_Config                       0x08007369   Thumb Code    36  stm32h7xx_hal_cortex.o(i.HAL_SYSTICK_Config)
    HAL_TIMEx_Break2Callback                 0x08007391   Thumb Code     2  stm32h7xx_hal_tim_ex.o(i.HAL_TIMEx_Break2Callback)
    HAL_TIMEx_BreakCallback                  0x08007393   Thumb Code     2  stm32h7xx_hal_tim_ex.o(i.HAL_TIMEx_BreakCallback)
    HAL_TIMEx_CommutCallback                 0x08007395   Thumb Code     2  stm32h7xx_hal_tim_ex.o(i.HAL_TIMEx_CommutCallback)
    HAL_TIMEx_MasterConfigSynchronization    0x08007399   Thumb Code   158  stm32h7xx_hal_tim_ex.o(i.HAL_TIMEx_MasterConfigSynchronization)
    HAL_TIM_Base_Init                        0x08007441   Thumb Code   100  stm32h7xx_hal_tim.o(i.HAL_TIM_Base_Init)
    HAL_TIM_Base_MspInit                     0x080074a5   Thumb Code   108  tim.o(i.HAL_TIM_Base_MspInit)
    HAL_TIM_Base_Start_IT                    0x08007521   Thumb Code   144  stm32h7xx_hal_tim.o(i.HAL_TIM_Base_Start_IT)
    HAL_TIM_ConfigClockSource                0x080075b5   Thumb Code   266  stm32h7xx_hal_tim.o(i.HAL_TIM_ConfigClockSource)
    HAL_TIM_IC_CaptureCallback               0x080076bf   Thumb Code     2  stm32h7xx_hal_tim.o(i.HAL_TIM_IC_CaptureCallback)
    HAL_TIM_IRQHandler                       0x080076c1   Thumb Code   380  stm32h7xx_hal_tim.o(i.HAL_TIM_IRQHandler)
    HAL_TIM_OC_DelayElapsedCallback          0x0800783d   Thumb Code     2  stm32h7xx_hal_tim.o(i.HAL_TIM_OC_DelayElapsedCallback)
    HAL_TIM_PWM_PulseFinishedCallback        0x0800783f   Thumb Code     2  stm32h7xx_hal_tim.o(i.HAL_TIM_PWM_PulseFinishedCallback)
    HAL_TIM_PeriodElapsedCallback            0x08007841   Thumb Code    36  driver_timer.o(i.HAL_TIM_PeriodElapsedCallback)
    HAL_TIM_TriggerCallback                  0x08007871   Thumb Code     2  stm32h7xx_hal_tim.o(i.HAL_TIM_TriggerCallback)
    HAL_UARTEx_DisableFifoMode               0x08007873   Thumb Code    62  stm32h7xx_hal_uart_ex.o(i.HAL_UARTEx_DisableFifoMode)
    HAL_UARTEx_RxEventCallback               0x080078b1   Thumb Code     2  stm32h7xx_hal_uart.o(i.HAL_UARTEx_RxEventCallback)
    HAL_UARTEx_RxFifoFullCallback            0x080078b3   Thumb Code     2  stm32h7xx_hal_uart_ex.o(i.HAL_UARTEx_RxFifoFullCallback)
    HAL_UARTEx_SetRxFifoThreshold            0x080078b5   Thumb Code    76  stm32h7xx_hal_uart_ex.o(i.HAL_UARTEx_SetRxFifoThreshold)
    HAL_UARTEx_SetTxFifoThreshold            0x08007901   Thumb Code    76  stm32h7xx_hal_uart_ex.o(i.HAL_UARTEx_SetTxFifoThreshold)
    HAL_UARTEx_TxFifoEmptyCallback           0x0800794d   Thumb Code     2  stm32h7xx_hal_uart_ex.o(i.HAL_UARTEx_TxFifoEmptyCallback)
    HAL_UARTEx_WakeupCallback                0x0800794f   Thumb Code     2  stm32h7xx_hal_uart_ex.o(i.HAL_UARTEx_WakeupCallback)
    HAL_UART_DMAResume                       0x08007951   Thumb Code   108  stm32h7xx_hal_uart.o(i.HAL_UART_DMAResume)
    HAL_UART_DMAStop                         0x080079bd   Thumb Code   162  stm32h7xx_hal_uart.o(i.HAL_UART_DMAStop)
    HAL_UART_ErrorCallback                   0x08007a5f   Thumb Code     2  stm32h7xx_hal_uart.o(i.HAL_UART_ErrorCallback)
    HAL_UART_IRQHandler                      0x08007a61   Thumb Code   940  stm32h7xx_hal_uart.o(i.HAL_UART_IRQHandler)
    HAL_UART_Init                            0x08007e59   Thumb Code   112  stm32h7xx_hal_uart.o(i.HAL_UART_Init)
    HAL_UART_MspInit                         0x08007ec9   Thumb Code  1660  usart.o(i.HAL_UART_MspInit)
    HAL_UART_Receive_DMA                     0x08008569   Thumb Code    74  stm32h7xx_hal_uart.o(i.HAL_UART_Receive_DMA)
    HAL_UART_RxCpltCallback                  0x080085b3   Thumb Code     2  stm32h7xx_hal_uart.o(i.HAL_UART_RxCpltCallback)
    HAL_UART_RxHalfCpltCallback              0x080085b5   Thumb Code     2  stm32h7xx_hal_uart.o(i.HAL_UART_RxHalfCpltCallback)
    HAL_UART_TxCpltCallback                  0x080085b7   Thumb Code     2  stm32h7xx_hal_uart.o(i.HAL_UART_TxCpltCallback)
    HardFault_Handler                        0x080086c1   Thumb Code     2  stm32h7xx_it.o(i.HardFault_Handler)
    HardwareConfig                           0x080086c5   Thumb Code   150  hardware_config.o(i.HardwareConfig)
    HolderInit                               0x080087d1   Thumb Code   186  holder.o(i.HolderInit)
    Holder_Control                           0x080088a9   Thumb Code   626  holder.o(i.Holder_Control)
    IMU_QuaternionEKF_Init                   0x080090b5   Thumb Code   176  quaternions_ekf.o(i.IMU_QuaternionEKF_Init)
    IMU_QuaternionEKF_Update                 0x08009281   Thumb Code   948  quaternions_ekf.o(i.IMU_QuaternionEKF_Update)
    IMUupdate                                0x08009a19   Thumb Code   472  mpu6050.o(i.IMUupdate)
    INS_GetAttitude                          0x08009c09   Thumb Code   420  ins.o(i.INS_GetAttitude)
    INS_Init                                 0x08009dd1   Thumb Code   160  ins.o(i.INS_Init)
    InitQuaternion                           0x08009e95   Thumb Code   250  ins.o(i.InitQuaternion)
    Kalman_Filter_Init                       0x08009f9d   Thumb Code   990  kalman_filter.o(i.Kalman_Filter_Init)
    Kalman_Filter_Measure                    0x0800a381   Thumb Code    66  kalman_filter.o(i.Kalman_Filter_Measure)
    Kalman_Filter_P_Update                   0x0800a3c9   Thumb Code   106  kalman_filter.o(i.Kalman_Filter_P_Update)
    Kalman_Filter_PminusUpdate               0x0800a433   Thumb Code   108  kalman_filter.o(i.Kalman_Filter_PminusUpdate)
    Kalman_Filter_SetK                       0x0800a49f   Thumb Code   202  kalman_filter.o(i.Kalman_Filter_SetK)
    Kalman_Filter_Update                     0x0800a569   Thumb Code   226  kalman_filter.o(i.Kalman_Filter_Update)
    Kalman_Filter_xhatMinusUpdate            0x0800a651   Thumb Code   116  kalman_filter.o(i.Kalman_Filter_xhatMinusUpdate)
    Kalman_Filter_xhatUpdate                 0x0800a6c5   Thumb Code   132  kalman_filter.o(i.Kalman_Filter_xhatUpdate)
    MPU6050_Init                             0x0800a9b9   Thumb Code   176  mpu6050.o(i.MPU6050_Init)
    MPU6050_Read                             0x0800aa71   Thumb Code    96  mpu6050.o(i.MPU6050_Read)
    MPU_Init_                                0x0800ab0d   Thumb Code   226  hardware_config.o(i.MPU_Init_)
    MX_DMA_Init                              0x0800abf9   Thumb Code   280  dma.o(i.MX_DMA_Init)
    MX_FDCAN1_Init                           0x0800ad15   Thumb Code    96  fdcan.o(i.MX_FDCAN1_Init)
    MX_FDCAN2_Init                           0x0800ad7d   Thumb Code   100  fdcan.o(i.MX_FDCAN2_Init)
    MX_GPIO_Init                             0x0800ade9   Thumb Code   206  gpio.o(i.MX_GPIO_Init)
    MX_I2C2_Init                             0x0800aec9   Thumb Code    76  i2c.o(i.MX_I2C2_Init)
    MX_SPI1_Init                             0x0800af21   Thumb Code    88  spi.o(i.MX_SPI1_Init)
    MX_TIM13_Init                            0x0800af81   Thumb Code    44  tim.o(i.MX_TIM13_Init)
    MX_TIM14_Init                            0x0800afb5   Thumb Code    44  tim.o(i.MX_TIM14_Init)
    MX_TIM5_Init                             0x0800afe9   Thumb Code    96  tim.o(i.MX_TIM5_Init)
    MX_UART4_Init                            0x0800b051   Thumb Code    94  usart.o(i.MX_UART4_Init)
    MX_UART5_Init                            0x0800b0b9   Thumb Code    92  usart.o(i.MX_UART5_Init)
    MX_UART7_Init                            0x0800b121   Thumb Code    94  usart.o(i.MX_UART7_Init)
    MX_UART8_Init                            0x0800b189   Thumb Code    94  usart.o(i.MX_UART8_Init)
    MX_USART1_UART_Init                      0x0800b1f1   Thumb Code   100  usart.o(i.MX_USART1_UART_Init)
    MX_USART2_UART_Init                      0x0800b261   Thumb Code    92  usart.o(i.MX_USART2_UART_Init)
    MX_USART3_UART_Init                      0x0800b2c9   Thumb Code    94  usart.o(i.MX_USART3_UART_Init)
    MX_USART6_UART_Init                      0x0800b331   Thumb Code    94  usart.o(i.MX_USART6_UART_Init)
    MemManage_Handler                        0x0800b399   Thumb Code     2  stm32h7xx_it.o(i.MemManage_Handler)
    MotorCanOutput                           0x0800b39d   Thumb Code   102  motor.o(i.MotorCanOutput)
    MotorFillData                            0x0800b411   Thumb Code    90  motor.o(i.MotorFillData)
    MotorInit                                0x0800b475   Thumb Code   110  motor.o(i.MotorInit)
    MotorRxCallback                          0x0800b4f9   Thumb Code   376  motor.o(i.MotorRxCallback)
    NMI_Handler                              0x0800b67d   Thumb Code     2  stm32h7xx_it.o(i.NMI_Handler)
    Norm3d                                   0x0800b67f   Thumb Code    68  user_lib.o(i.Norm3d)
    PID_Init                                 0x0800b6c5   Thumb Code   222  pid.o(i.PID_Init)
    PendSV_Handler                           0x0800b7b1   Thumb Code     2  stm32h7xx_it.o(i.PendSV_Handler)
    Referee_Data_Diapcak                     0x0800ba35   Thumb Code   158  referee.o(i.Referee_Data_Diapcak)
    Referee_callback                         0x0800bae1   Thumb Code    26  referee.o(i.Referee_callback)
    RobotOnlineState                         0x0800bb05   Thumb Code    96  check.o(i.RobotOnlineState)
    SPI_RegisterSlave                        0x0800bc3d   Thumb Code    82  driver_spi.o(i.SPI_RegisterSlave)
    SPI_SlaveInit                            0x0800bce9   Thumb Code    82  driver_spi.o(i.SPI_SlaveInit)
    SVC_Handler                              0x0800bd97   Thumb Code     2  stm32h7xx_it.o(i.SVC_Handler)
    Sensors_I2C_ReadRegister                 0x0800bd99   Thumb Code    80  driver_iic.o(i.Sensors_I2C_ReadRegister)
    Sensors_I2C_WriteRegister                0x0800bde9   Thumb Code    80  driver_iic.o(i.Sensors_I2C_WriteRegister)
    ShootPlantControl                        0x0800be39   Thumb Code   372  shoot.o(i.ShootPlantControl)
    Sqrt                                     0x0800bfcd   Thumb Code    86  user_lib.o(i.Sqrt)
    SysTick_Handler                          0x0800c02d   Thumb Code     4  stm32h7xx_it.o(i.SysTick_Handler)
    SystemClock_Config                       0x0800c031   Thumb Code   208  main.o(i.SystemClock_Config)
    SystemInit                               0x0800c10d   Thumb Code   180  system_stm32h7xx.o(i.SystemInit)
    TIM13_Task                               0x0800c1e9   Thumb Code    36  control_logic.o(i.TIM13_Task)
    TIM14_Task                               0x0800c21d   Thumb Code   160  control_logic.o(i.TIM14_Task)
    TIM8_TRG_COM_TIM14_IRQHandler            0x0800c2dd   Thumb Code     6  stm32h7xx_it.o(i.TIM8_TRG_COM_TIM14_IRQHandler)
    TIM8_UP_TIM13_IRQHandler                 0x0800c2e9   Thumb Code     6  stm32h7xx_it.o(i.TIM8_UP_TIM13_IRQHandler)
    TIM_Base_SetConfig                       0x0800c2f5   Thumb Code   184  stm32h7xx_hal_tim.o(i.TIM_Base_SetConfig)
    TIM_ETR_SetConfig                        0x0800c3cd   Thumb Code    22  stm32h7xx_hal_tim.o(i.TIM_ETR_SetConfig)
    TIM_Open                                 0x0800c3f7   Thumb Code     6  driver_timer.o(i.TIM_Open)
    TIMx_Init                                0x0800c44d   Thumb Code    32  driver_timer.o(i.TIMx_Init)
    UART4_IRQHandler                         0x0800c479   Thumb Code     6  stm32h7xx_it.o(i.UART4_IRQHandler)
    UART5_IRQHandler                         0x0800c485   Thumb Code     6  stm32h7xx_it.o(i.UART5_IRQHandler)
    UART7_IRQHandler                         0x0800c491   Thumb Code    18  stm32h7xx_it.o(i.UART7_IRQHandler)
    UART8_IRQHandler                         0x0800c4a9   Thumb Code     6  stm32h7xx_it.o(i.UART8_IRQHandler)
    UART_AdvFeatureConfig                    0x0800c511   Thumb Code   216  stm32h7xx_hal_uart.o(i.UART_AdvFeatureConfig)
    UART_CheckIdleState                      0x0800c5e9   Thumb Code   186  stm32h7xx_hal_uart.o(i.UART_CheckIdleState)
    UART_Idle_Handler                        0x0800c859   Thumb Code   108  driver_usart.o(i.UART_Idle_Handler)
    UART_SetConfig                           0x0800c8c5   Thumb Code  1218  stm32h7xx_hal_uart.o(i.UART_SetConfig)
    UART_Start_Receive_DMA                   0x0800cd89   Thumb Code   158  stm32h7xx_hal_uart.o(i.UART_Start_Receive_DMA)
    UART_WaitOnFlagUntilTimeout              0x0800ce35   Thumb Code   180  stm32h7xx_hal_uart.o(i.UART_WaitOnFlagUntilTimeout)
    UARTx_Init                               0x0800cee9   Thumb Code    56  driver_usart.o(i.UARTx_Init)
    USART1_IRQHandler                        0x0800cf21   Thumb Code    18  stm32h7xx_it.o(i.USART1_IRQHandler)
    USART2_IRQHandler                        0x0800cf39   Thumb Code     6  stm32h7xx_it.o(i.USART2_IRQHandler)
    USART3_IRQHandler                        0x0800cf45   Thumb Code    18  stm32h7xx_it.o(i.USART3_IRQHandler)
    USART6_IRQHandler                        0x0800cf5d   Thumb Code     6  stm32h7xx_it.o(i.USART6_IRQHandler)
    UsageFault_Handler                       0x0800cf69   Thumb Code     2  stm32h7xx_it.o(i.UsageFault_Handler)
    Verify_CRC16_Check_Sum                   0x0800cf6d   Thumb Code    54  referee.o(i.Verify_CRC16_Check_Sum)
    Verify_CRC8_Check_Sum                    0x0800cfa9   Thumb Code    38  referee.o(i.Verify_CRC8_Check_Sum)
    _Data_Diapcak                            0x0800cfd1   Thumb Code   902  referee.o(i._Data_Diapcak)
    __ARM_fpclassify                         0x0800d365   Thumb Code    48  fpclassify.o(i.__ARM_fpclassify)
    __ARM_fpclassifyf                        0x0800d395   Thumb Code    38  fpclassifyf.o(i.__ARM_fpclassifyf)
    __hardfp_acosf                           0x0800d3bd   Thumb Code   234  acosf.o(i.__hardfp_acosf)
    __hardfp_asin                            0x0800d4e1   Thumb Code   432  asin.o(i.__hardfp_asin)
    __hardfp_asinf                           0x0800d6e9   Thumb Code   258  asinf.o(i.__hardfp_asinf)
    __hardfp_atan                            0x0800d821   Thumb Code   402  atan.o(i.__hardfp_atan)
    __hardfp_atan2                           0x0800da21   Thumb Code   380  atan2.o(i.__hardfp_atan2)
    __hardfp_atan2f                          0x0800dbe1   Thumb Code   502  atan2f.o(i.__hardfp_atan2f)
    __hardfp_cosf                            0x0800de39   Thumb Code   276  cosf.o(i.__hardfp_cosf)
    __hardfp_sinf                            0x0800df89   Thumb Code   344  sinf.o(i.__hardfp_sinf)
    __hardfp_sqrtf                           0x0800e11d   Thumb Code    58  sqrtf.o(i.__hardfp_sqrtf)
    __kernel_poly                            0x0800e157   Thumb Code   112  poly.o(i.__kernel_poly)
    __mathlib_dbl_infnan                     0x0800e1c7   Thumb Code     6  dunder.o(i.__mathlib_dbl_infnan)
    __mathlib_dbl_infnan2                    0x0800e1cd   Thumb Code     6  dunder.o(i.__mathlib_dbl_infnan2)
    __mathlib_dbl_invalid                    0x0800e1d9   Thumb Code    10  dunder.o(i.__mathlib_dbl_invalid)
    __mathlib_dbl_underflow                  0x0800e1f1   Thumb Code    10  dunder.o(i.__mathlib_dbl_underflow)
    __mathlib_flt_infnan                     0x0800e209   Thumb Code     6  funder.o(i.__mathlib_flt_infnan)
    __mathlib_flt_infnan2                    0x0800e20f   Thumb Code     6  funder.o(i.__mathlib_flt_infnan2)
    __mathlib_flt_invalid                    0x0800e215   Thumb Code    10  funder.o(i.__mathlib_flt_invalid)
    __mathlib_flt_underflow                  0x0800e225   Thumb Code    10  funder.o(i.__mathlib_flt_underflow)
    __mathlib_rredf2                         0x0800e235   Thumb Code   316  rredf.o(i.__mathlib_rredf2)
    arm_mat_add_f32                          0x0800e389   Thumb Code    42  matrixfunctions.o(i.arm_mat_add_f32)
    arm_mat_init_f32                         0x0800e3b3   Thumb Code     8  matrixfunctions.o(i.arm_mat_init_f32)
    arm_mat_inverse_f32                      0x0800e3bd   Thumb Code   474  matrixfunctions.o(i.arm_mat_inverse_f32)
    arm_mat_mult_f32                         0x0800e59d   Thumb Code   106  matrixfunctions.o(i.arm_mat_mult_f32)
    arm_mat_sub_f32                          0x0800e60d   Thumb Code    42  matrixfunctions.o(i.arm_mat_sub_f32)
    arm_mat_trans_f32                        0x0800e637   Thumb Code    50  matrixfunctions.o(i.arm_mat_trans_f32)
    atan                                     0x0800e669   Thumb Code    16  atan.o(i.atan)
    fabs                                     0x0800e679   Thumb Code    24  fabs.o(i.fabs)
    float_constrain                          0x0800e691   Thumb Code    32  user_lib.o(i.float_constrain)
    int16_constrain                          0x0800e6b1   Thumb Code    16  user_lib.o(i.int16_constrain)
    invSqrt                                  0x0800e6c1   Thumb Code    40  user_lib.o(i.invSqrt)
    main                                     0x0800e6ed   Thumb Code    82  main.o(i.main)
    sqrt                                     0x0800e73f   Thumb Code   106  sqrt.o(i.sqrt)
    sqrtf                                    0x0800e7a9   Thumb Code    62  sqrtf.o(i.sqrtf)
    _fp_init                                 0x0800e7e7   Thumb Code    10  fpinit.o(x$fpl$fpinit)
    __fplib_config_fpu_vfp                   0x0800e7ef   Thumb Code     0  fpinit.o(x$fpl$fpinit)
    __fplib_config_pureend_doubles           0x0800e7ef   Thumb Code     0  fpinit.o(x$fpl$fpinit)
    D1CorePrescTable                         0x0800e7f0   Data          16  system_stm32h7xx.o(.constdata)
    __I$use$fp                               0x0800e7f0   Number         0  usenofp.o(x$fpl$usenofp)
    UARTPrescTable                           0x0800e864   Data          24  stm32h7xx_hal_uart.o(.constdata)
    xb                                       0x0800e88c   Data          12  ins.o(.constdata)
    yb                                       0x0800e898   Data          12  ins.o(.constdata)
    zb                                       0x0800e8a4   Data          12  ins.o(.constdata)
    CRC8_TAB                                 0x0800e8c8   Data         256  referee.o(.constdata)
    wCRC_Table                               0x0800e9c8   Data         512  referee.o(.constdata)
    IMU_QuaternionEKF_F                      0x0800ebc8   Data         144  quaternions_ekf.o(.constdata)
    __mathlib_zero                           0x0800ed40   Data           8  qnan.o(.constdata)
    Region$$Table$$Base                      0x0800ed68   Number         0  anon$$obj.o(Region$$Table)
    Region$$Table$$Limit                     0x0800ed88   Number         0  anon$$obj.o(Region$$Table)
    SystemCoreClock                          0x24000004   Data           4  system_stm32h7xx.o(.data)
    SystemD2Clock                            0x24000008   Data           4  system_stm32h7xx.o(.data)
    uwTickFreq                               0x2400000c   Data           1  stm32h7xx_hal.o(.data)
    uwTickPrio                               0x24000010   Data           4  stm32h7xx_hal.o(.data)
    uwTick                                   0x24000014   Data           4  stm32h7xx_hal.o(.data)
    can1                                     0x24000018   Data          16  driver_can.o(.data)
    can2                                     0x24000028   Data          16  driver_can.o(.data)
    IMU_data                                 0x24000084   Data           4  ins.o(.data)
    m00                                      0x24000088   Data           4  ins.o(.data)
    INS_attitude                             0x2400008c   Data           4  ins.o(.data)
    Q_index                                  0x24000090   Data           4  motor.o(.data)
    Ecd_sum                                  0x24000094   Data           4  motor.o(.data)
    Speed_sum                                0x24000098   Data           4  motor.o(.data)
    txBuffer0x200forCAN1                     0x2400009c   Data          12  motor.o(.data)
    txBuffer0x1FFforCAN1                     0x240000a8   Data          12  motor.o(.data)
    txBuffer0x2FFforCAN1                     0x240000b4   Data          12  motor.o(.data)
    txBuffer0x200forCAN2                     0x240000c0   Data          12  motor.o(.data)
    txBuffer0x1FFforCAN2                     0x240000cc   Data          12  motor.o(.data)
    txBuffer0x2FFforCAN2                     0x240000d8   Data          12  motor.o(.data)
    mpu6050                                  0x240000e4   Data          96  mpu6050.o(.data)
    TAddr                                    0x24000144   Data           1  mpu6050.o(.data)
    YawRoundCount                            0x24000145   Data           1  mpu6050.o(.data)
    mpu6050_cali_count                       0x24000146   Data           2  mpu6050.o(.data)
    MPU6050_ACCEL_SEN                        0x2400014c   Data           4  mpu6050.o(.data)
    MPU6050_GYRO_SEN                         0x24000150   Data           4  mpu6050.o(.data)
    q0_1                                     0x24000154   Data           4  mpu6050.o(.data)
    q1_1                                     0x24000158   Data           4  mpu6050.o(.data)
    q2_1                                     0x2400015c   Data           4  mpu6050.o(.data)
    q3_1                                     0x24000160   Data           4  mpu6050.o(.data)
    bmi088_cali_count                        0x24000170   Data           2  bmi088.o(.data)
    BMI088_ACCEL_SEN                         0x24000178   Data           4  bmi088.o(.data)
    BMI088_GYRO_SEN                          0x2400017c   Data           4  bmi088.o(.data)
    bmi088                                   0x24000190   Data         148  bmi088.o(.data)
    check_robot_state                        0x24000248   Data          12  check.o(.data)
    index_i                                  0x24000254   Data           1  referee.o(.data)
    max_i                                    0x24000255   Data           1  referee.o(.data)
    lidar_station_id                         0x24000256   Data           1  referee.o(.data)
    CRC_INIT                                 0x24000258   Data           2  referee.o(.data)
    sentry_decision                          0x2400025c   Data           4  referee.o(.data)
    lidar_station_x                          0x24000260   Data           4  referee.o(.data)
    lidar_station_y                          0x24000264   Data           4  referee.o(.data)
    sizeof_float                             0x24000268   Data           2  kalman_filter.o(.data)
    sizeof_double                            0x2400026a   Data           2  kalman_filter.o(.data)
    pid_yaw_m                                0x24000288   Data           8  pid.o(.data)
    pid_yaw_s                                0x24000290   Data           8  pid.o(.data)
    pid_pitch                                0x24000298   Data           8  pid.o(.data)
    IMU_QuaternionEKF_P                      0x240002e4   Data         144  quaternions_ekf.o(.data)
    hfdcan1                                  0x24000374   Data         160  fdcan.o(.bss)
    hfdcan2                                  0x24000414   Data         160  fdcan.o(.bss)
    hi2c2                                    0x240004b4   Data          84  i2c.o(.bss)
    hspi1                                    0x24000508   Data         136  spi.o(.bss)
    htim5                                    0x24000590   Data          76  tim.o(.bss)
    htim13                                   0x240005dc   Data          76  tim.o(.bss)
    htim14                                   0x24000628   Data          76  tim.o(.bss)
    huart4                                   0x24000674   Data         148  usart.o(.bss)
    huart5                                   0x24000708   Data         148  usart.o(.bss)
    huart7                                   0x2400079c   Data         148  usart.o(.bss)
    huart8                                   0x24000830   Data         148  usart.o(.bss)
    huart1                                   0x240008c4   Data         148  usart.o(.bss)
    huart2                                   0x24000958   Data         148  usart.o(.bss)
    huart3                                   0x240009ec   Data         148  usart.o(.bss)
    huart6                                   0x24000a80   Data         148  usart.o(.bss)
    hdma_uart4_rx                            0x24000b14   Data         120  usart.o(.bss)
    hdma_uart4_tx                            0x24000b8c   Data         120  usart.o(.bss)
    hdma_uart5_rx                            0x24000c04   Data         120  usart.o(.bss)
    hdma_uart5_tx                            0x24000c7c   Data         120  usart.o(.bss)
    hdma_uart7_rx                            0x24000cf4   Data         120  usart.o(.bss)
    hdma_uart7_tx                            0x24000d6c   Data         120  usart.o(.bss)
    hdma_uart8_rx                            0x24000de4   Data         120  usart.o(.bss)
    hdma_uart8_tx                            0x24000e5c   Data         120  usart.o(.bss)
    hdma_usart1_rx                           0x24000ed4   Data         120  usart.o(.bss)
    hdma_usart2_rx                           0x24000f4c   Data         120  usart.o(.bss)
    hdma_usart2_tx                           0x24000fc4   Data         120  usart.o(.bss)
    hdma_usart3_rx                           0x2400103c   Data         120  usart.o(.bss)
    hdma_usart3_tx                           0x240010b4   Data         120  usart.o(.bss)
    hdma_usart6_rx                           0x2400112c   Data         120  usart.o(.bss)
    hdma_usart6_tx                           0x240011a4   Data         120  usart.o(.bss)
    uart1                                    0x2400121c   Data         212  driver_usart.o(.bss)
    uart2                                    0x240012f0   Data         212  driver_usart.o(.bss)
    uart3                                    0x240013c4   Data         212  driver_usart.o(.bss)
    uart4                                    0x24001498   Data         212  driver_usart.o(.bss)
    uart5                                    0x2400156c   Data         212  driver_usart.o(.bss)
    uart6                                    0x24001640   Data         212  driver_usart.o(.bss)
    uart7                                    0x24001714   Data         212  driver_usart.o(.bss)
    uart8                                    0x240017e8   Data         212  driver_usart.o(.bss)
    Usart_TxBuffer                           0x240018bc   Data         128  driver_usart.o(.bss)
    Usart_TxBuffer_                          0x2400193c   Data         128  driver_usart.o(.bss)
    tim14                                    0x240019bc   Data          20  driver_timer.o(.bss)
    tim13                                    0x240019d0   Data          20  driver_timer.o(.bss)
    spi                                      0x240019e4   Data          72  driver_spi.o(.bss)
    AmmoBooster                              0x24001b04   Data         900  shoot.o(.bss)
    Holder                                   0x24001e88   Data         840  holder.o(.bss)
    rc_Ctrl                                  0x240021d0   Data          20  dr16.o(.bss)
    rc_Ctrl_et                               0x240021e4   Data          16  et08.o(.bss)
    Q_B                                      0x24002210   Data          16  bmi088.o(.bss)
    tim14_FPS                                0x24002220   Data          24  check.o(.bss)
    referee2022                              0x24002258   Data         332  referee.o(.bss)
    ref_packge                               0x240023a4   Data         750  referee.o(.bss)
    Data_Pack                                0x24002692   Data          50  referee.o(.bss)
    pid_load                                 0x240026c4   Data          44  pid.o(.bss)
    pid_friction0                            0x240026f0   Data          44  pid.o(.bss)
    pid_friction1                            0x2400271c   Data          44  pid.o(.bss)
    pid_yaw_m_angle                          0x24002748   Data          44  pid.o(.bss)
    pid_yaw_m_speed                          0x24002774   Data          44  pid.o(.bss)
    pid_yaw_s_angle                          0x240027a0   Data          44  pid.o(.bss)
    pid_yaw_s_speed                          0x240027cc   Data          44  pid.o(.bss)
    pid_pitch_angle                          0x240027f8   Data          44  pid.o(.bss)
    pid_pitch_speed                          0x24002824   Data          44  pid.o(.bss)
    QEKF_INS                                 0x24002850   Data         480  quaternions_ekf.o(.bss)
    IMU_QuaternionEKF_K                      0x24002a30   Data          72  quaternions_ekf.o(.bss)
    IMU_QuaternionEKF_H                      0x24002a78   Data          72  quaternions_ekf.o(.bss)
    __libspace_start                         0x24002ac0   Data          96  libspace.o(.bss)
    __temporary_stack_top$libspace           0x24002b20   Data           0  libspace.o(.bss)
    DR16_recData                             0x24006010   Data          18  dr16.o(.ARM.__AT_0x24006010)



==============================================================================

Memory Map of the image

  Image Entry point : 0x08000299

  Load Region LR_IROM1 (Base: 0x08000000, Size: 0x0000f0fc, Max: 0x00020000, ABSOLUTE, COMPRESSED[0x0000ee30])

    Execution Region ER_IROM1 (Exec base: 0x08000000, Load base: 0x08000000, Size: 0x0000ed88, Max: 0x00020000, ABSOLUTE)

    Exec Addr    Load Addr    Size         Type   Attr      Idx    E Section Name        Object

    0x08000000   0x08000000   0x00000298   Data   RO            3    RESET               startup_stm32h750xx.o
    0x08000298   0x08000298   0x00000008   Code   RO         8421  * !!!main             c_w.l(__main.o)
    0x080002a0   0x080002a0   0x00000034   Code   RO         9017    !!!scatter          c_w.l(__scatter.o)
    0x080002d4   0x080002d4   0x0000005a   Code   RO         9015    !!dczerorl2         c_w.l(__dczerorl2.o)
    0x0800032e   0x0800032e   0x00000002   PAD
    0x08000330   0x08000330   0x0000001c   Code   RO         9019    !!handler_zi        c_w.l(__scatter_zi.o)
    0x0800034c   0x0800034c   0x00000002   Code   RO         8947    .ARM.Collect$$libinit$$00000000  c_w.l(libinit.o)
    0x0800034e   0x0800034e   0x00000004   Code   RO         8692    .ARM.Collect$$libinit$$00000001  c_w.l(libinit2.o)
    0x08000352   0x08000352   0x00000000   Code   RO         8695    .ARM.Collect$$libinit$$00000004  c_w.l(libinit2.o)
    0x08000352   0x08000352   0x00000008   Code   RO         8696    .ARM.Collect$$libinit$$00000005  c_w.l(libinit2.o)
    0x0800035a   0x0800035a   0x00000000   Code   RO         8698    .ARM.Collect$$libinit$$0000000A  c_w.l(libinit2.o)
    0x0800035a   0x0800035a   0x00000000   Code   RO         8700    .ARM.Collect$$libinit$$0000000C  c_w.l(libinit2.o)
    0x0800035a   0x0800035a   0x00000000   Code   RO         8702    .ARM.Collect$$libinit$$0000000E  c_w.l(libinit2.o)
    0x0800035a   0x0800035a   0x00000000   Code   RO         8705    .ARM.Collect$$libinit$$00000011  c_w.l(libinit2.o)
    0x0800035a   0x0800035a   0x00000000   Code   RO         8707    .ARM.Collect$$libinit$$00000013  c_w.l(libinit2.o)
    0x0800035a   0x0800035a   0x00000000   Code   RO         8709    .ARM.Collect$$libinit$$00000015  c_w.l(libinit2.o)
    0x0800035a   0x0800035a   0x00000000   Code   RO         8711    .ARM.Collect$$libinit$$00000017  c_w.l(libinit2.o)
    0x0800035a   0x0800035a   0x00000000   Code   RO         8713    .ARM.Collect$$libinit$$00000019  c_w.l(libinit2.o)
    0x0800035a   0x0800035a   0x00000000   Code   RO         8715    .ARM.Collect$$libinit$$0000001B  c_w.l(libinit2.o)
    0x0800035a   0x0800035a   0x00000000   Code   RO         8717    .ARM.Collect$$libinit$$0000001D  c_w.l(libinit2.o)
    0x0800035a   0x0800035a   0x00000000   Code   RO         8719    .ARM.Collect$$libinit$$0000001F  c_w.l(libinit2.o)
    0x0800035a   0x0800035a   0x00000000   Code   RO         8721    .ARM.Collect$$libinit$$00000021  c_w.l(libinit2.o)
    0x0800035a   0x0800035a   0x00000000   Code   RO         8723    .ARM.Collect$$libinit$$00000023  c_w.l(libinit2.o)
    0x0800035a   0x0800035a   0x00000000   Code   RO         8725    .ARM.Collect$$libinit$$00000025  c_w.l(libinit2.o)
    0x0800035a   0x0800035a   0x00000000   Code   RO         8729    .ARM.Collect$$libinit$$0000002C  c_w.l(libinit2.o)
    0x0800035a   0x0800035a   0x00000000   Code   RO         8731    .ARM.Collect$$libinit$$0000002E  c_w.l(libinit2.o)
    0x0800035a   0x0800035a   0x00000000   Code   RO         8733    .ARM.Collect$$libinit$$00000030  c_w.l(libinit2.o)
    0x0800035a   0x0800035a   0x00000000   Code   RO         8735    .ARM.Collect$$libinit$$00000032  c_w.l(libinit2.o)
    0x0800035a   0x0800035a   0x00000002   Code   RO         8736    .ARM.Collect$$libinit$$00000033  c_w.l(libinit2.o)
    0x0800035c   0x0800035c   0x00000002   Code   RO         9012    .ARM.Collect$$libshutdown$$00000000  c_w.l(libshutdown.o)
    0x0800035e   0x0800035e   0x00000000   Code   RO         8970    .ARM.Collect$$libshutdown$$00000002  c_w.l(libshutdown2.o)
    0x0800035e   0x0800035e   0x00000000   Code   RO         8972    .ARM.Collect$$libshutdown$$00000004  c_w.l(libshutdown2.o)
    0x0800035e   0x0800035e   0x00000000   Code   RO         8975    .ARM.Collect$$libshutdown$$00000007  c_w.l(libshutdown2.o)
    0x0800035e   0x0800035e   0x00000000   Code   RO         8978    .ARM.Collect$$libshutdown$$0000000A  c_w.l(libshutdown2.o)
    0x0800035e   0x0800035e   0x00000000   Code   RO         8980    .ARM.Collect$$libshutdown$$0000000C  c_w.l(libshutdown2.o)
    0x0800035e   0x0800035e   0x00000000   Code   RO         8983    .ARM.Collect$$libshutdown$$0000000F  c_w.l(libshutdown2.o)
    0x0800035e   0x0800035e   0x00000002   Code   RO         8984    .ARM.Collect$$libshutdown$$00000010  c_w.l(libshutdown2.o)
    0x08000360   0x08000360   0x00000000   Code   RO         8559    .ARM.Collect$$rtentry$$00000000  c_w.l(__rtentry.o)
    0x08000360   0x08000360   0x00000000   Code   RO         8824    .ARM.Collect$$rtentry$$00000002  c_w.l(__rtentry2.o)
    0x08000360   0x08000360   0x00000006   Code   RO         8836    .ARM.Collect$$rtentry$$00000004  c_w.l(__rtentry4.o)
    0x08000366   0x08000366   0x00000000   Code   RO         8826    .ARM.Collect$$rtentry$$00000009  c_w.l(__rtentry2.o)
    0x08000366   0x08000366   0x00000004   Code   RO         8827    .ARM.Collect$$rtentry$$0000000A  c_w.l(__rtentry2.o)
    0x0800036a   0x0800036a   0x00000000   Code   RO         8829    .ARM.Collect$$rtentry$$0000000C  c_w.l(__rtentry2.o)
    0x0800036a   0x0800036a   0x00000008   Code   RO         8830    .ARM.Collect$$rtentry$$0000000D  c_w.l(__rtentry2.o)
    0x08000372   0x08000372   0x00000002   Code   RO         8952    .ARM.Collect$$rtexit$$00000000  c_w.l(rtexit.o)
    0x08000374   0x08000374   0x00000000   Code   RO         8988    .ARM.Collect$$rtexit$$00000002  c_w.l(rtexit2.o)
    0x08000374   0x08000374   0x00000004   Code   RO         8989    .ARM.Collect$$rtexit$$00000003  c_w.l(rtexit2.o)
    0x08000378   0x08000378   0x00000006   Code   RO         8990    .ARM.Collect$$rtexit$$00000004  c_w.l(rtexit2.o)
    0x0800037e   0x0800037e   0x00000002   PAD
    0x08000380   0x08000380   0x00000000   Code   RO         8847    .emb_text           c_w.l(maybetermalloc1.o)
    0x08000380   0x08000380   0x00000040   Code   RO            4    .text               startup_stm32h750xx.o
    0x080003c0   0x080003c0   0x0000005e   Code   RO         8349    .text               c_w.l(h1_alloc.o)
    0x0800041e   0x0800041e   0x000000b8   Code   RO         8351    .text               c_w.l(h1_realloc.o)
    0x080004d6   0x080004d6   0x000000ee   Code   RO         8407    .text               c_w.l(lludivv7m.o)
    0x080005c4   0x080005c4   0x0000008a   Code   RO         8411    .text               c_w.l(rt_memcpy_v6.o)
    0x0800064e   0x0800064e   0x00000064   Code   RO         8413    .text               c_w.l(rt_memcpy_w.o)
    0x080006b2   0x080006b2   0x00000044   Code   RO         8415    .text               c_w.l(rt_memclr.o)
    0x080006f6   0x080006f6   0x0000004e   Code   RO         8417    .text               c_w.l(rt_memclr_w.o)
    0x08000744   0x08000744   0x00000006   Code   RO         8419    .text               c_w.l(heapauxi.o)
    0x0800074a   0x0800074a   0x00000002   PAD
    0x0800074c   0x0800074c   0x00000008   Code   RO         8567    .text               c_w.l(rt_heap_descriptor_intlibspace.o)
    0x08000754   0x08000754   0x00000004   Code   RO         8569    .text               c_w.l(hguard.o)
    0x08000758   0x08000758   0x0000008a   Code   RO         8571    .text               c_w.l(init_alloc.o)
    0x080007e2   0x080007e2   0x0000000e   Code   RO         8577    .text               c_w.l(h1_init.o)
    0x080007f0   0x080007f0   0x0000004e   Code   RO         8579    .text               c_w.l(h1_free.o)
    0x0800083e   0x0800083e   0x00000016   Code   RO         8595    .text               c_w.l(_rserrno.o)
    0x08000854   0x08000854   0x00000008   Code   RO         8820    .text               c_w.l(libspace.o)
    0x0800085c   0x0800085c   0x00000008   Code   RO         8843    .text               c_w.l(rt_errno_addr_intlibspace.o)
    0x08000864   0x08000864   0x00000034   Code   RO         8849    .text               c_w.l(h1_extend.o)
    0x08000898   0x08000898   0x0000000e   Code   RO         8871    .text               c_w.l(defsig_rtmem_outer.o)
    0x080008a6   0x080008a6   0x00000002   Code   RO         8882    .text               c_w.l(use_no_semi.o)
    0x080008a8   0x080008a8   0x00000000   Code   RO         8884    .text               c_w.l(indicate_semi.o)
    0x080008a8   0x080008a8   0x0000004a   Code   RO         8885    .text               c_w.l(sys_stackheap_outer.o)
    0x080008f2   0x080008f2   0x00000012   Code   RO         8928    .text               c_w.l(exit.o)
    0x08000904   0x08000904   0x0000000a   Code   RO         8930    .text               c_w.l(defsig_exit.o)
    0x0800090e   0x0800090e   0x00000002   PAD
    0x08000910   0x08000910   0x00000050   Code   RO         8936    .text               c_w.l(defsig_rtmem_inner.o)
    0x08000960   0x08000960   0x0000000c   Code   RO         8950    .text               c_w.l(sys_exit.o)
    0x0800096c   0x0800096c   0x00000032   Code   RO         8963    .text               c_w.l(defsig_general.o)
    0x0800099e   0x0800099e   0x0000000e   Code   RO         8985    .text               c_w.l(sys_wrch.o)
    0x080009ac   0x080009ac   0x000000a8   Code   RO         6752    i.AmmoBoosterInit   shoot.o
    0x08000a54   0x08000a54   0x00000010   Code   RO         7111    i.BMI088_ACCEL_NS_H  bmi088.o
    0x08000a64   0x08000a64   0x00000010   Code   RO         7112    i.BMI088_ACCEL_NS_L  bmi088.o
    0x08000a74   0x08000a74   0x0000014c   Code   RO         7113    i.BMI088_AccInit    bmi088.o
    0x08000bc0   0x08000bc0   0x00000420   Code   RO         7114    i.BMI088_Calibrate_Offset  bmi088.o
    0x08000fe0   0x08000fe0   0x00000014   Code   RO         7115    i.BMI088_GYRO_NS_H  bmi088.o
    0x08000ff4   0x08000ff4   0x00000014   Code   RO         7116    i.BMI088_GYRO_NS_L  bmi088.o
    0x08001008   0x08001008   0x0000011c   Code   RO         7117    i.BMI088_GyroInit   bmi088.o
    0x08001124   0x08001124   0x00000048   Code   RO         7118    i.BMI088_Init       bmi088.o
    0x0800116c   0x0800116c   0x00000164   Code   RO         7119    i.BMI088_Read       bmi088.o
    0x080012d0   0x080012d0   0x00000024   Code   RO         7120    i.BMI088_read_muli_reg  bmi088.o
    0x080012f4   0x080012f4   0x00000016   Code   RO         7121    i.BMI088_read_single_reg  bmi088.o
    0x0800130a   0x0800130a   0x00000002   PAD
    0x0800130c   0x0800130c   0x00000024   Code   RO         7122    i.BMI088_read_write_byte  bmi088.o
    0x08001330   0x08001330   0x00000012   Code   RO         7123    i.BMI088_write_single_reg  bmi088.o
    0x08001342   0x08001342   0x00000002   PAD
    0x08001344   0x08001344   0x0000006c   Code   RO         7631    i.BasePID_AngleControl  pid.o
    0x080013b0   0x080013b0   0x00000020   Code   RO         7632    i.BasePID_Init      pid.o
    0x080013d0   0x080013d0   0x00000078   Code   RO         7633    i.BasePID_SpeedControl  pid.o
    0x08001448   0x08001448   0x000000ea   Code   RO         6573    i.BodyFrameToEarthFrame  ins.o
    0x08001532   0x08001532   0x00000002   Code   RO          670    i.BusFault_Handler  stm32h7xx_it.o
    0x08001534   0x08001534   0x00000020   Code   RO         6317    i.CAN1_rxCallBack   control_logic.o
    0x08001554   0x08001554   0x00000020   Code   RO         6318    i.CAN2_rxCallBack   control_logic.o
    0x08001574   0x08001574   0x00000034   Code   RO         5960    i.CAN_Open          driver_can.o
    0x080015a8   0x080015a8   0x0000000e   Code   RO         6957    i.CAN_RegisteMotor  motor.o
    0x080015b6   0x080015b6   0x00000032   Code   RO         5961    i.CAN_Send          driver_can.o
    0x080015e8   0x080015e8   0x00000090   Code   RO         6958    i.CAN_fill_3508_2006_data  motor.o
    0x08001678   0x08001678   0x00000074   Code   RO         6959    i.CAN_fill_6020_data  motor.o
    0x080016ec   0x080016ec   0x00000024   Code   RO         6960    i.CAN_update_data   motor.o
    0x08001710   0x08001710   0x0000002c   Code   RO         5962    i.CANx_Init         driver_can.o
    0x0800173c   0x0800173c   0x00000056   Code   RO         7755    i.Cross3d           user_lib.o
    0x08001792   0x08001792   0x00000002   PAD
    0x08001794   0x08001794   0x0000000c   Code   RO          671    i.DMA1_Stream0_IRQHandler  stm32h7xx_it.o
    0x080017a0   0x080017a0   0x0000000c   Code   RO          672    i.DMA1_Stream1_IRQHandler  stm32h7xx_it.o
    0x080017ac   0x080017ac   0x0000000c   Code   RO          673    i.DMA1_Stream2_IRQHandler  stm32h7xx_it.o
    0x080017b8   0x080017b8   0x0000000c   Code   RO          674    i.DMA1_Stream3_IRQHandler  stm32h7xx_it.o
    0x080017c4   0x080017c4   0x0000000c   Code   RO          675    i.DMA1_Stream4_IRQHandler  stm32h7xx_it.o
    0x080017d0   0x080017d0   0x0000000c   Code   RO          676    i.DMA1_Stream5_IRQHandler  stm32h7xx_it.o
    0x080017dc   0x080017dc   0x0000000c   Code   RO          677    i.DMA1_Stream6_IRQHandler  stm32h7xx_it.o
    0x080017e8   0x080017e8   0x0000000c   Code   RO          678    i.DMA1_Stream7_IRQHandler  stm32h7xx_it.o
    0x080017f4   0x080017f4   0x0000000c   Code   RO          679    i.DMA2_Stream0_IRQHandler  stm32h7xx_it.o
    0x08001800   0x08001800   0x0000000c   Code   RO          680    i.DMA2_Stream1_IRQHandler  stm32h7xx_it.o
    0x0800180c   0x0800180c   0x0000000c   Code   RO          681    i.DMA2_Stream2_IRQHandler  stm32h7xx_it.o
    0x08001818   0x08001818   0x0000000c   Code   RO          682    i.DMA2_Stream3_IRQHandler  stm32h7xx_it.o
    0x08001824   0x08001824   0x0000000c   Code   RO          683    i.DMA2_Stream4_IRQHandler  stm32h7xx_it.o
    0x08001830   0x08001830   0x0000000c   Code   RO          684    i.DMA2_Stream5_IRQHandler  stm32h7xx_it.o
    0x0800183c   0x0800183c   0x0000000c   Code   RO          685    i.DMA2_Stream6_IRQHandler  stm32h7xx_it.o
    0x08001848   0x08001848   0x000000e4   Code   RO         2443    i.DMA_CalcBaseAndBitshift  stm32h7xx_hal_dma.o
    0x0800192c   0x0800192c   0x000000d8   Code   RO         2444    i.DMA_CalcDMAMUXChannelBaseAndMask  stm32h7xx_hal_dma.o
    0x08001a04   0x08001a04   0x0000008c   Code   RO         2445    i.DMA_CalcDMAMUXRequestGenBaseAndMask  stm32h7xx_hal_dma.o
    0x08001a90   0x08001a90   0x0000007e   Code   RO         2446    i.DMA_CheckFifoParam  stm32h7xx_hal_dma.o
    0x08001b0e   0x08001b0e   0x00000002   PAD
    0x08001b10   0x08001b10   0x0000024c   Code   RO         2447    i.DMA_SetConfig     stm32h7xx_hal_dma.o
    0x08001d5c   0x08001d5c   0x0000001a   Code   RO         6856    i.DR16Init          dr16.o
    0x08001d76   0x08001d76   0x00000002   PAD
    0x08001d78   0x08001d78   0x00000034   Code   RO         6117    i.DWT_CNT_Update    driver_counter.o
    0x08001dac   0x08001dac   0x00000034   Code   RO         6118    i.DWT_Delay_s       driver_counter.o
    0x08001de0   0x08001de0   0x00000044   Code   RO         6119    i.DWT_GetDeltaT     driver_counter.o
    0x08001e24   0x08001e24   0x00000044   Code   RO         6122    i.DWT_GetTimeline_s  driver_counter.o
    0x08001e68   0x08001e68   0x00000048   Code   RO         6124    i.DWT_Init          driver_counter.o
    0x08001eb0   0x08001eb0   0x00000088   Code   RO         6125    i.DWT_SysTimeUpdate  driver_counter.o
    0x08001f38   0x08001f38   0x00000002   Code   RO          686    i.DebugMon_Handler  stm32h7xx_it.o
    0x08001f3a   0x08001f3a   0x00000026   Code   RO         7756    i.Dot3d             user_lib.o
    0x08001f60   0x08001f60   0x00000006   Code   RO         7634    i.DualPID_Init      pid.o
    0x08001f66   0x08001f66   0x0000001a   Code   RO         6905    i.ET08Init          et08.o
    0x08001f80   0x08001f80   0x00000100   Code   RO         6906    i.ET08_DataUnpack   et08.o
    0x08002080   0x08002080   0x00000014   Code   RO         6907    i.ET08_callback     et08.o
    0x08002094   0x08002094   0x000000ea   Code   RO         6574    i.EarthFrameToBodyFrame  ins.o
    0x0800217e   0x0800217e   0x00000004   Code   RO           13    i.Error_Handler     main.o
    0x08002182   0x08002182   0x00000002   PAD
    0x08002184   0x08002184   0x0000000c   Code   RO          687    i.FDCAN1_IT0_IRQHandler  stm32h7xx_it.o
    0x08002190   0x08002190   0x0000000c   Code   RO          688    i.FDCAN2_IT0_IRQHandler  stm32h7xx_it.o
    0x0800219c   0x0800219c   0x000001f4   Code   RO         1125    i.FDCAN_CalcultateRamBlockAddresses  stm32h7xx_hal_fdcan.o
    0x08002390   0x08002390   0x000000a0   Code   RO         1126    i.FDCAN_CopyMessageToRAM  stm32h7xx_hal_fdcan.o
    0x08002430   0x08002430   0x00000088   Code   RO         6008    i.Find_UART         driver_usart.o
    0x080024b8   0x080024b8   0x000000fc   Code   RO         6753    i.FrictionWheelControl  shoot.o
    0x080025b4   0x080025b4   0x0000002c   Code   RO         7261    i.Get_CRC16_Check_Sum  referee.o
    0x080025e0   0x080025e0   0x0000001c   Code   RO         7262    i.Get_CRC8_Check_Sum  referee.o
    0x080025fc   0x080025fc   0x00000368   Code   RO         2448    i.HAL_DMA_Abort     stm32h7xx_hal_dma.o
    0x08002964   0x08002964   0x000002a0   Code   RO         2449    i.HAL_DMA_Abort_IT  stm32h7xx_hal_dma.o
    0x08002c04   0x08002c04   0x00000004   Code   RO         2451    i.HAL_DMA_GetError  stm32h7xx_hal_dma.o
    0x08002c08   0x08002c08   0x00000780   Code   RO         2453    i.HAL_DMA_IRQHandler  stm32h7xx_hal_dma.o
    0x08003388   0x08003388   0x000003f4   Code   RO         2454    i.HAL_DMA_Init      stm32h7xx_hal_dma.o
    0x0800377c   0x0800377c   0x000002e0   Code   RO         2458    i.HAL_DMA_Start_IT  stm32h7xx_hal_dma.o
    0x08003a5c   0x08003a5c   0x000000a0   Code   RO         1128    i.HAL_FDCAN_ActivateNotification  stm32h7xx_hal_fdcan.o
    0x08003afc   0x08003afc   0x00000074   Code   RO         1130    i.HAL_FDCAN_AddMessageToTxFifoQ  stm32h7xx_hal_fdcan.o
    0x08003b70   0x08003b70   0x00000002   Code   RO         1131    i.HAL_FDCAN_ClockCalibrationCallback  stm32h7xx_hal_fdcan.o
    0x08003b72   0x08003b72   0x0000008e   Code   RO         1135    i.HAL_FDCAN_ConfigFilter  stm32h7xx_hal_fdcan.o
    0x08003c00   0x08003c00   0x00000002   Code   RO         1157    i.HAL_FDCAN_ErrorCallback  stm32h7xx_hal_fdcan.o
    0x08003c02   0x08003c02   0x00000002   Code   RO         1158    i.HAL_FDCAN_ErrorStatusCallback  stm32h7xx_hal_fdcan.o
    0x08003c04   0x08003c04   0x000001dc   Code   RO         1169    i.HAL_FDCAN_GetRxMessage  stm32h7xx_hal_fdcan.o
    0x08003de0   0x08003de0   0x00000002   Code   RO         1175    i.HAL_FDCAN_HighPriorityMessageCallback  stm32h7xx_hal_fdcan.o
    0x08003de2   0x08003de2   0x00000002   PAD
    0x08003de4   0x08003de4   0x00000300   Code   RO         1176    i.HAL_FDCAN_IRQHandler  stm32h7xx_hal_fdcan.o
    0x080040e4   0x080040e4   0x00000298   Code   RO         1177    i.HAL_FDCAN_Init    stm32h7xx_hal_fdcan.o
    0x0800437c   0x0800437c   0x00000124   Code   RO          382    i.HAL_FDCAN_MspInit  fdcan.o
    0x080044a0   0x080044a0   0x00000002   Code   RO         1186    i.HAL_FDCAN_RxBufferNewMessageCallback  stm32h7xx_hal_fdcan.o
    0x080044a2   0x080044a2   0x00000002   PAD
    0x080044a4   0x080044a4   0x0000005c   Code   RO         5963    i.HAL_FDCAN_RxFifo0Callback  driver_can.o
    0x08004500   0x08004500   0x00000002   Code   RO         1188    i.HAL_FDCAN_RxFifo1Callback  stm32h7xx_hal_fdcan.o
    0x08004502   0x08004502   0x00000032   Code   RO         1189    i.HAL_FDCAN_Start   stm32h7xx_hal_fdcan.o
    0x08004534   0x08004534   0x00000002   Code   RO         1211    i.HAL_FDCAN_TT_GlobalTimeCallback  stm32h7xx_hal_fdcan.o
    0x08004536   0x08004536   0x00000002   Code   RO         1212    i.HAL_FDCAN_TT_ScheduleSyncCallback  stm32h7xx_hal_fdcan.o
    0x08004538   0x08004538   0x00000002   Code   RO         1217    i.HAL_FDCAN_TT_StopWatchCallback  stm32h7xx_hal_fdcan.o
    0x0800453a   0x0800453a   0x00000002   Code   RO         1218    i.HAL_FDCAN_TT_TimeMarkCallback  stm32h7xx_hal_fdcan.o
    0x0800453c   0x0800453c   0x00000002   Code   RO         1219    i.HAL_FDCAN_TimeoutOccurredCallback  stm32h7xx_hal_fdcan.o
    0x0800453e   0x0800453e   0x00000002   Code   RO         1220    i.HAL_FDCAN_TimestampWraparoundCallback  stm32h7xx_hal_fdcan.o
    0x08004540   0x08004540   0x00000002   Code   RO         1221    i.HAL_FDCAN_TxBufferAbortCallback  stm32h7xx_hal_fdcan.o
    0x08004542   0x08004542   0x00000002   Code   RO         1222    i.HAL_FDCAN_TxBufferCompleteCallback  stm32h7xx_hal_fdcan.o
    0x08004544   0x08004544   0x00000002   Code   RO         1223    i.HAL_FDCAN_TxEventFifoCallback  stm32h7xx_hal_fdcan.o
    0x08004546   0x08004546   0x00000002   Code   RO         1224    i.HAL_FDCAN_TxFifoEmptyCallback  stm32h7xx_hal_fdcan.o
    0x08004548   0x08004548   0x00000180   Code   RO         2293    i.HAL_GPIO_DeInit   stm32h7xx_hal_gpio.o
    0x080046c8   0x080046c8   0x000001f4   Code   RO         2296    i.HAL_GPIO_Init     stm32h7xx_hal_gpio.o
    0x080048bc   0x080048bc   0x0000000e   Code   RO         2300    i.HAL_GPIO_WritePin  stm32h7xx_hal_gpio.o
    0x080048ca   0x080048ca   0x00000002   PAD
    0x080048cc   0x080048cc   0x0000000c   Code   RO         3168    i.HAL_GetREVID      stm32h7xx_hal.o
    0x080048d8   0x080048d8   0x0000000c   Code   RO         3169    i.HAL_GetTick       stm32h7xx_hal.o
    0x080048e4   0x080048e4   0x0000005a   Code   RO         3934    i.HAL_I2CEx_ConfigAnalogFilter  stm32h7xx_hal_i2c_ex.o
    0x0800493e   0x0800493e   0x00000056   Code   RO         3935    i.HAL_I2CEx_ConfigDigitalFilter  stm32h7xx_hal_i2c_ex.o
    0x08004994   0x08004994   0x00000036   Code   RO         3464    i.HAL_I2C_DeInit    stm32h7xx_hal_i2c.o
    0x080049ca   0x080049ca   0x00000006   Code   RO         3472    i.HAL_I2C_GetState  stm32h7xx_hal_i2c.o
    0x080049d0   0x080049d0   0x000000ca   Code   RO         3473    i.HAL_I2C_Init      stm32h7xx_hal_i2c.o
    0x08004a9a   0x08004a9a   0x0000015c   Code   RO         3474    i.HAL_I2C_IsDeviceReady  stm32h7xx_hal_i2c.o
    0x08004bf6   0x08004bf6   0x00000002   PAD
    0x08004bf8   0x08004bf8   0x000001b0   Code   RO         3491    i.HAL_I2C_Mem_Read  stm32h7xx_hal_i2c.o
    0x08004da8   0x08004da8   0x000001a4   Code   RO         3494    i.HAL_I2C_Mem_Write  stm32h7xx_hal_i2c.o
    0x08004f4c   0x08004f4c   0x0000003c   Code   RO          430    i.HAL_I2C_MspDeInit  i2c.o
    0x08004f88   0x08004f88   0x00000088   Code   RO          431    i.HAL_I2C_MspInit   i2c.o
    0x08005010   0x08005010   0x00000010   Code   RO         3175    i.HAL_IncTick       stm32h7xx_hal.o
    0x08005020   0x08005020   0x0000005c   Code   RO         3176    i.HAL_Init          stm32h7xx_hal.o
    0x0800507c   0x0800507c   0x0000004c   Code   RO         3177    i.HAL_InitTick      stm32h7xx_hal.o
    0x080050c8   0x080050c8   0x00000054   Code   RO          978    i.HAL_MPU_ConfigRegion  stm32h7xx_hal_cortex.o
    0x0800511c   0x0800511c   0x00000020   Code   RO          979    i.HAL_MPU_Disable   stm32h7xx_hal_cortex.o
    0x0800513c   0x0800513c   0x00000024   Code   RO          981    i.HAL_MPU_Enable    stm32h7xx_hal_cortex.o
    0x08005160   0x08005160   0x00000020   Code   RO          916    i.HAL_MspInit       stm32h7xx_hal_msp.o
    0x08005180   0x08005180   0x0000001c   Code   RO          985    i.HAL_NVIC_EnableIRQ  stm32h7xx_hal_cortex.o
    0x0800519c   0x0800519c   0x0000006c   Code   RO          991    i.HAL_NVIC_SetPriority  stm32h7xx_hal_cortex.o
    0x08005208   0x08005208   0x00000024   Code   RO          992    i.HAL_NVIC_SetPriorityGrouping  stm32h7xx_hal_cortex.o
    0x0800522c   0x0800522c   0x00000060   Code   RO         2897    i.HAL_PWREx_ConfigSupply  stm32h7xx_hal_pwr_ex.o
    0x0800528c   0x0800528c   0x00000024   Code   RO         1859    i.HAL_RCCEx_GetD3PCLK1Freq  stm32h7xx_hal_rcc_ex.o
    0x080052b0   0x080052b0   0x000001d0   Code   RO         1861    i.HAL_RCCEx_GetPLL2ClockFreq  stm32h7xx_hal_rcc_ex.o
    0x08005480   0x08005480   0x000001d0   Code   RO         1862    i.HAL_RCCEx_GetPLL3ClockFreq  stm32h7xx_hal_rcc_ex.o
    0x08005650   0x08005650   0x00000aa8   Code   RO         1868    i.HAL_RCCEx_PeriphCLKConfig  stm32h7xx_hal_rcc_ex.o
    0x080060f8   0x080060f8   0x000002bc   Code   RO         1744    i.HAL_RCC_ClockConfig  stm32h7xx_hal_rcc.o
    0x080063b4   0x080063b4   0x00000048   Code   RO         1749    i.HAL_RCC_GetHCLKFreq  stm32h7xx_hal_rcc.o
    0x080063fc   0x080063fc   0x00000028   Code   RO         1751    i.HAL_RCC_GetPCLK1Freq  stm32h7xx_hal_rcc.o
    0x08006424   0x08006424   0x00000028   Code   RO         1752    i.HAL_RCC_GetPCLK2Freq  stm32h7xx_hal_rcc.o
    0x0800644c   0x0800644c   0x000001dc   Code   RO         1753    i.HAL_RCC_GetSysClockFreq  stm32h7xx_hal_rcc.o
    0x08006628   0x08006628   0x0000073c   Code   RO         1756    i.HAL_RCC_OscConfig  stm32h7xx_hal_rcc.o
    0x08006d64   0x08006d64   0x00000180   Code   RO         4071    i.HAL_SPI_Init      stm32h7xx_hal_spi.o
    0x08006ee4   0x08006ee4   0x00000084   Code   RO          491    i.HAL_SPI_MspInit   spi.o
    0x08006f68   0x08006f68   0x00000400   Code   RO         4081    i.HAL_SPI_TransmitReceive  stm32h7xx_hal_spi.o
    0x08007368   0x08007368   0x00000028   Code   RO          996    i.HAL_SYSTICK_Config  stm32h7xx_hal_cortex.o
    0x08007390   0x08007390   0x00000002   Code   RO         5121    i.HAL_TIMEx_Break2Callback  stm32h7xx_hal_tim_ex.o
    0x08007392   0x08007392   0x00000002   Code   RO         5122    i.HAL_TIMEx_BreakCallback  stm32h7xx_hal_tim_ex.o
    0x08007394   0x08007394   0x00000002   Code   RO         5123    i.HAL_TIMEx_CommutCallback  stm32h7xx_hal_tim_ex.o
    0x08007396   0x08007396   0x00000002   PAD
    0x08007398   0x08007398   0x000000a8   Code   RO         5143    i.HAL_TIMEx_MasterConfigSynchronization  stm32h7xx_hal_tim_ex.o
    0x08007440   0x08007440   0x00000064   Code   RO         4396    i.HAL_TIM_Base_Init  stm32h7xx_hal_tim.o
    0x080074a4   0x080074a4   0x0000007c   Code   RO          533    i.HAL_TIM_Base_MspInit  tim.o
    0x08007520   0x08007520   0x00000094   Code   RO         4401    i.HAL_TIM_Base_Start_IT  stm32h7xx_hal_tim.o
    0x080075b4   0x080075b4   0x0000010a   Code   RO         4405    i.HAL_TIM_ConfigClockSource  stm32h7xx_hal_tim.o
    0x080076be   0x080076be   0x00000002   Code   RO         4430    i.HAL_TIM_IC_CaptureCallback  stm32h7xx_hal_tim.o
    0x080076c0   0x080076c0   0x0000017c   Code   RO         4444    i.HAL_TIM_IRQHandler  stm32h7xx_hal_tim.o
    0x0800783c   0x0800783c   0x00000002   Code   RO         4447    i.HAL_TIM_OC_DelayElapsedCallback  stm32h7xx_hal_tim.o
    0x0800783e   0x0800783e   0x00000002   Code   RO         4474    i.HAL_TIM_PWM_PulseFinishedCallback  stm32h7xx_hal_tim.o
    0x08007840   0x08007840   0x00000030   Code   RO         6075    i.HAL_TIM_PeriodElapsedCallback  driver_timer.o
    0x08007870   0x08007870   0x00000002   Code   RO         4487    i.HAL_TIM_TriggerCallback  stm32h7xx_hal_tim.o
    0x08007872   0x08007872   0x0000003e   Code   RO         5837    i.HAL_UARTEx_DisableFifoMode  stm32h7xx_hal_uart_ex.o
    0x080078b0   0x080078b0   0x00000002   Code   RO         5421    i.HAL_UARTEx_RxEventCallback  stm32h7xx_hal_uart.o
    0x080078b2   0x080078b2   0x00000002   Code   RO         5845    i.HAL_UARTEx_RxFifoFullCallback  stm32h7xx_hal_uart_ex.o
    0x080078b4   0x080078b4   0x0000004c   Code   RO         5846    i.HAL_UARTEx_SetRxFifoThreshold  stm32h7xx_hal_uart_ex.o
    0x08007900   0x08007900   0x0000004c   Code   RO         5847    i.HAL_UARTEx_SetTxFifoThreshold  stm32h7xx_hal_uart_ex.o
    0x0800794c   0x0800794c   0x00000002   Code   RO         5849    i.HAL_UARTEx_TxFifoEmptyCallback  stm32h7xx_hal_uart_ex.o
    0x0800794e   0x0800794e   0x00000002   Code   RO         5850    i.HAL_UARTEx_WakeupCallback  stm32h7xx_hal_uart_ex.o
    0x08007950   0x08007950   0x0000006c   Code   RO         5432    i.HAL_UART_DMAResume  stm32h7xx_hal_uart.o
    0x080079bc   0x080079bc   0x000000a2   Code   RO         5433    i.HAL_UART_DMAStop  stm32h7xx_hal_uart.o
    0x08007a5e   0x08007a5e   0x00000002   Code   RO         5437    i.HAL_UART_ErrorCallback  stm32h7xx_hal_uart.o
    0x08007a60   0x08007a60   0x000003f8   Code   RO         5440    i.HAL_UART_IRQHandler  stm32h7xx_hal_uart.o
    0x08007e58   0x08007e58   0x00000070   Code   RO         5441    i.HAL_UART_Init     stm32h7xx_hal_uart.o
    0x08007ec8   0x08007ec8   0x000006a0   Code   RO          587    i.HAL_UART_MspInit  usart.o
    0x08008568   0x08008568   0x0000004a   Code   RO         5445    i.HAL_UART_Receive_DMA  stm32h7xx_hal_uart.o
    0x080085b2   0x080085b2   0x00000002   Code   RO         5448    i.HAL_UART_RxCpltCallback  stm32h7xx_hal_uart.o
    0x080085b4   0x080085b4   0x00000002   Code   RO         5449    i.HAL_UART_RxHalfCpltCallback  stm32h7xx_hal_uart.o
    0x080085b6   0x080085b6   0x00000002   Code   RO         5453    i.HAL_UART_TxCpltCallback  stm32h7xx_hal_uart.o
    0x080085b8   0x080085b8   0x00000108   Code   RO         7542    i.H_K_R_Adjustment  kalman_filter.o
    0x080086c0   0x080086c0   0x00000002   Code   RO          689    i.HardFault_Handler  stm32h7xx_it.o
    0x080086c2   0x080086c2   0x00000002   PAD
    0x080086c4   0x080086c4   0x0000010c   Code   RO         6528    i.HardwareConfig    hardware_config.o
    0x080087d0   0x080087d0   0x000000d8   Code   RO         6805    i.HolderInit        holder.o
    0x080088a8   0x080088a8   0x000002b8   Code   RO         6806    i.Holder_Control    holder.o
    0x08008b60   0x08008b60   0x00000014   Code   RO         6193    i.I2C2_Error        driver_iic.o
    0x08008b74   0x08008b74   0x00000022   Code   RO         3520    i.I2C_Flush_TXDR    stm32h7xx_hal_i2c.o
    0x08008b96   0x08008b96   0x00000002   PAD
    0x08008b98   0x08008b98   0x00000114   Code   RO         3528    i.I2C_IsErrorOccurred  stm32h7xx_hal_i2c.o
    0x08008cac   0x08008cac   0x0000007c   Code   RO         3533    i.I2C_RequestMemoryRead  stm32h7xx_hal_i2c.o
    0x08008d28   0x08008d28   0x0000007c   Code   RO         3534    i.I2C_RequestMemoryWrite  stm32h7xx_hal_i2c.o
    0x08008da4   0x08008da4   0x00000038   Code   RO         3537    i.I2C_TransferConfig  stm32h7xx_hal_i2c.o
    0x08008ddc   0x08008ddc   0x00000096   Code   RO         3539    i.I2C_WaitOnFlagUntilTimeout  stm32h7xx_hal_i2c.o
    0x08008e72   0x08008e72   0x00000062   Code   RO         3541    i.I2C_WaitOnSTOPFlagUntilTimeout  stm32h7xx_hal_i2c.o
    0x08008ed4   0x08008ed4   0x00000068   Code   RO         3542    i.I2C_WaitOnTXISFlagUntilTimeout  stm32h7xx_hal_i2c.o
    0x08008f3c   0x08008f3c   0x00000178   Code   RO         7688    i.IMU_QuaternionEKF_F_Linearization_P_Fading  quaternions_ekf.o
    0x080090b4   0x080090b4   0x000000d4   Code   RO         7689    i.IMU_QuaternionEKF_Init  quaternions_ekf.o
    0x08009188   0x08009188   0x00000034   Code   RO         7690    i.IMU_QuaternionEKF_Observe  quaternions_ekf.o
    0x080091bc   0x080091bc   0x000000c4   Code   RO         7691    i.IMU_QuaternionEKF_SetH  quaternions_ekf.o
    0x08009280   0x08009280   0x000003e0   Code   RO         7692    i.IMU_QuaternionEKF_Update  quaternions_ekf.o
    0x08009660   0x08009660   0x000003b8   Code   RO         7693    i.IMU_QuaternionEKF_xhatUpdate  quaternions_ekf.o
    0x08009a18   0x08009a18   0x000001f0   Code   RO         7040    i.IMUupdate         mpu6050.o
    0x08009c08   0x08009c08   0x000001c8   Code   RO         6575    i.INS_GetAttitude   ins.o
    0x08009dd0   0x08009dd0   0x000000c4   Code   RO         6576    i.INS_Init          ins.o
    0x08009e94   0x08009e94   0x00000108   Code   RO         6577    i.InitQuaternion    ins.o
    0x08009f9c   0x08009f9c   0x000003e4   Code   RO         7544    i.Kalman_Filter_Init  kalman_filter.o
    0x0800a380   0x0800a380   0x00000048   Code   RO         7545    i.Kalman_Filter_Measure  kalman_filter.o
    0x0800a3c8   0x0800a3c8   0x0000006a   Code   RO         7546    i.Kalman_Filter_P_Update  kalman_filter.o
    0x0800a432   0x0800a432   0x0000006c   Code   RO         7547    i.Kalman_Filter_PminusUpdate  kalman_filter.o
    0x0800a49e   0x0800a49e   0x000000ca   Code   RO         7548    i.Kalman_Filter_SetK  kalman_filter.o
    0x0800a568   0x0800a568   0x000000e8   Code   RO         7549    i.Kalman_Filter_Update  kalman_filter.o
    0x0800a650   0x0800a650   0x00000074   Code   RO         7550    i.Kalman_Filter_xhatMinusUpdate  kalman_filter.o
    0x0800a6c4   0x0800a6c4   0x00000084   Code   RO         7551    i.Kalman_Filter_xhatUpdate  kalman_filter.o
    0x0800a748   0x0800a748   0x00000270   Code   RO         7041    i.MPU6050_Calibrate_Offset  mpu6050.o
    0x0800a9b8   0x0800a9b8   0x000000b8   Code   RO         7042    i.MPU6050_Init      mpu6050.o
    0x0800aa70   0x0800aa70   0x00000070   Code   RO         7043    i.MPU6050_Read      mpu6050.o
    0x0800aae0   0x0800aae0   0x00000012   Code   RO         7044    i.MPU6050_ReadData  mpu6050.o
    0x0800aaf2   0x0800aaf2   0x00000018   Code   RO         7045    i.MPU6050_WriteByte  mpu6050.o
    0x0800ab0a   0x0800ab0a   0x00000002   PAD
    0x0800ab0c   0x0800ab0c   0x000000ec   Code   RO         6529    i.MPU_Init_         hardware_config.o
    0x0800abf8   0x0800abf8   0x0000011c   Code   RO          357    i.MX_DMA_Init       dma.o
    0x0800ad14   0x0800ad14   0x00000068   Code   RO          383    i.MX_FDCAN1_Init    fdcan.o
    0x0800ad7c   0x0800ad7c   0x0000006c   Code   RO          384    i.MX_FDCAN2_Init    fdcan.o
    0x0800ade8   0x0800ade8   0x000000e0   Code   RO          217    i.MX_GPIO_Init      gpio.o
    0x0800aec8   0x0800aec8   0x00000058   Code   RO          432    i.MX_I2C2_Init      i2c.o
    0x0800af20   0x0800af20   0x00000060   Code   RO          492    i.MX_SPI1_Init      spi.o
    0x0800af80   0x0800af80   0x00000034   Code   RO          534    i.MX_TIM13_Init     tim.o
    0x0800afb4   0x0800afb4   0x00000034   Code   RO          535    i.MX_TIM14_Init     tim.o
    0x0800afe8   0x0800afe8   0x00000068   Code   RO          536    i.MX_TIM5_Init      tim.o
    0x0800b050   0x0800b050   0x00000068   Code   RO          588    i.MX_UART4_Init     usart.o
    0x0800b0b8   0x0800b0b8   0x00000068   Code   RO          589    i.MX_UART5_Init     usart.o
    0x0800b120   0x0800b120   0x00000068   Code   RO          590    i.MX_UART7_Init     usart.o
    0x0800b188   0x0800b188   0x00000068   Code   RO          591    i.MX_UART8_Init     usart.o
    0x0800b1f0   0x0800b1f0   0x00000070   Code   RO          592    i.MX_USART1_UART_Init  usart.o
    0x0800b260   0x0800b260   0x00000068   Code   RO          593    i.MX_USART2_UART_Init  usart.o
    0x0800b2c8   0x0800b2c8   0x00000068   Code   RO          594    i.MX_USART3_UART_Init  usart.o
    0x0800b330   0x0800b330   0x00000068   Code   RO          595    i.MX_USART6_UART_Init  usart.o
    0x0800b398   0x0800b398   0x00000002   Code   RO          690    i.MemManage_Handler  stm32h7xx_it.o
    0x0800b39a   0x0800b39a   0x00000002   PAD
    0x0800b39c   0x0800b39c   0x00000074   Code   RO         6961    i.MotorCanOutput    motor.o
    0x0800b410   0x0800b410   0x00000064   Code   RO         6962    i.MotorFillData     motor.o
    0x0800b474   0x0800b474   0x00000084   Code   RO         6963    i.MotorInit         motor.o
    0x0800b4f8   0x0800b4f8   0x00000184   Code   RO         6965    i.MotorRxCallback   motor.o
    0x0800b67c   0x0800b67c   0x00000002   Code   RO          691    i.NMI_Handler       stm32h7xx_it.o
    0x0800b67e   0x0800b67e   0x00000044   Code   RO         7759    i.Norm3d            user_lib.o
    0x0800b6c2   0x0800b6c2   0x00000002   PAD
    0x0800b6c4   0x0800b6c4   0x000000ec   Code   RO         7635    i.PID_Init          pid.o
    0x0800b7b0   0x0800b7b0   0x00000002   Code   RO          692    i.PendSV_Handler    stm32h7xx_it.o
    0x0800b7b2   0x0800b7b2   0x00000002   PAD
    0x0800b7b4   0x0800b7b4   0x00000140   Code   RO         1871    i.RCCEx_PLL2_Config  stm32h7xx_hal_rcc_ex.o
    0x0800b8f4   0x0800b8f4   0x00000140   Code   RO         1872    i.RCCEx_PLL3_Config  stm32h7xx_hal_rcc_ex.o
    0x0800ba34   0x0800ba34   0x000000ac   Code   RO         7264    i.Referee_Data_Diapcak  referee.o
    0x0800bae0   0x0800bae0   0x00000024   Code   RO         7265    i.Referee_callback  referee.o
    0x0800bb04   0x0800bb04   0x00000060   Code   RO         7219    i.RobotOnlineState  check.o
    0x0800bb64   0x0800bb64   0x000000c4   Code   RO         4091    i.SPI_CloseTransfer  stm32h7xx_hal_spi.o
    0x0800bc28   0x0800bc28   0x00000014   Code   RO         4102    i.SPI_GetPacketSize  stm32h7xx_hal_spi.o
    0x0800bc3c   0x0800bc3c   0x00000052   Code   RO         6240    i.SPI_RegisterSlave  driver_spi.o
    0x0800bc8e   0x0800bc8e   0x00000002   PAD
    0x0800bc90   0x0800bc90   0x00000058   Code   RO         6241    i.SPI_SerialNumSelect  driver_spi.o
    0x0800bce8   0x0800bce8   0x00000058   Code   RO         6243    i.SPI_SlaveInit     driver_spi.o
    0x0800bd40   0x0800bd40   0x00000056   Code   RO         4109    i.SPI_WaitOnFlagUntilTimeout  stm32h7xx_hal_spi.o
    0x0800bd96   0x0800bd96   0x00000002   Code   RO          693    i.SVC_Handler       stm32h7xx_it.o
    0x0800bd98   0x0800bd98   0x00000050   Code   RO         6194    i.Sensors_I2C_ReadRegister  driver_iic.o
    0x0800bde8   0x0800bde8   0x00000050   Code   RO         6196    i.Sensors_I2C_WriteRegister  driver_iic.o
    0x0800be38   0x0800be38   0x00000194   Code   RO         6754    i.ShootPlantControl  shoot.o
    0x0800bfcc   0x0800bfcc   0x00000060   Code   RO         7763    i.Sqrt              user_lib.o
    0x0800c02c   0x0800c02c   0x00000004   Code   RO          694    i.SysTick_Handler   stm32h7xx_it.o
    0x0800c030   0x0800c030   0x000000dc   Code   RO           14    i.SystemClock_Config  main.o
    0x0800c10c   0x0800c10c   0x000000dc   Code   RO          941    i.SystemInit        system_stm32h7xx.o
    0x0800c1e8   0x0800c1e8   0x00000034   Code   RO         6319    i.TIM13_Task        control_logic.o
    0x0800c21c   0x0800c21c   0x000000c0   Code   RO         6320    i.TIM14_Task        control_logic.o
    0x0800c2dc   0x0800c2dc   0x0000000c   Code   RO          695    i.TIM8_TRG_COM_TIM14_IRQHandler  stm32h7xx_it.o
    0x0800c2e8   0x0800c2e8   0x0000000c   Code   RO          696    i.TIM8_UP_TIM13_IRQHandler  stm32h7xx_it.o
    0x0800c2f4   0x0800c2f4   0x000000d8   Code   RO         4489    i.TIM_Base_SetConfig  stm32h7xx_hal_tim.o
    0x0800c3cc   0x0800c3cc   0x00000016   Code   RO         4500    i.TIM_ETR_SetConfig  stm32h7xx_hal_tim.o
    0x0800c3e2   0x0800c3e2   0x00000014   Code   RO         4501    i.TIM_ITRx_SetConfig  stm32h7xx_hal_tim.o
    0x0800c3f6   0x0800c3f6   0x00000006   Code   RO         6076    i.TIM_Open          driver_timer.o
    0x0800c3fc   0x0800c3fc   0x00000026   Code   RO         4509    i.TIM_TI1_ConfigInputStage  stm32h7xx_hal_tim.o
    0x0800c422   0x0800c422   0x00000028   Code   RO         4511    i.TIM_TI2_ConfigInputStage  stm32h7xx_hal_tim.o
    0x0800c44a   0x0800c44a   0x00000002   PAD
    0x0800c44c   0x0800c44c   0x0000002c   Code   RO         6077    i.TIMx_Init         driver_timer.o
    0x0800c478   0x0800c478   0x0000000c   Code   RO          697    i.UART4_IRQHandler  stm32h7xx_it.o
    0x0800c484   0x0800c484   0x0000000c   Code   RO          698    i.UART5_IRQHandler  stm32h7xx_it.o
    0x0800c490   0x0800c490   0x00000018   Code   RO          699    i.UART7_IRQHandler  stm32h7xx_it.o
    0x0800c4a8   0x0800c4a8   0x0000000c   Code   RO          700    i.UART8_IRQHandler  stm32h7xx_it.o
    0x0800c4b4   0x0800c4b4   0x0000005c   Code   RO         5851    i.UARTEx_SetNbDataToProcess  stm32h7xx_hal_uart_ex.o
    0x0800c510   0x0800c510   0x000000d8   Code   RO         5455    i.UART_AdvFeatureConfig  stm32h7xx_hal_uart.o
    0x0800c5e8   0x0800c5e8   0x000000ba   Code   RO         5456    i.UART_CheckIdleState  stm32h7xx_hal_uart.o
    0x0800c6a2   0x0800c6a2   0x00000014   Code   RO         5457    i.UART_DMAAbortOnError  stm32h7xx_hal_uart.o
    0x0800c6b6   0x0800c6b6   0x00000054   Code   RO         5458    i.UART_DMAError     stm32h7xx_hal_uart.o
    0x0800c70a   0x0800c70a   0x0000008c   Code   RO         5459    i.UART_DMAReceiveCplt  stm32h7xx_hal_uart.o
    0x0800c796   0x0800c796   0x00000020   Code   RO         5461    i.UART_DMARxHalfCplt  stm32h7xx_hal_uart.o
    0x0800c7b6   0x0800c7b6   0x00000050   Code   RO         5467    i.UART_EndRxTransfer  stm32h7xx_hal_uart.o
    0x0800c806   0x0800c806   0x00000024   Code   RO         5468    i.UART_EndTransmit_IT  stm32h7xx_hal_uart.o
    0x0800c82a   0x0800c82a   0x0000002e   Code   RO         5469    i.UART_EndTxTransfer  stm32h7xx_hal_uart.o
    0x0800c858   0x0800c858   0x0000006c   Code   RO         6009    i.UART_Idle_Handler  driver_usart.o
    0x0800c8c4   0x0800c8c4   0x000004c2   Code   RO         5474    i.UART_SetConfig    stm32h7xx_hal_uart.o
    0x0800cd86   0x0800cd86   0x00000002   PAD
    0x0800cd88   0x0800cd88   0x000000ac   Code   RO         5475    i.UART_Start_Receive_DMA  stm32h7xx_hal_uart.o
    0x0800ce34   0x0800ce34   0x000000b4   Code   RO         5481    i.UART_WaitOnFlagUntilTimeout  stm32h7xx_hal_uart.o
    0x0800cee8   0x0800cee8   0x00000038   Code   RO         6010    i.UARTx_Init        driver_usart.o
    0x0800cf20   0x0800cf20   0x00000018   Code   RO          701    i.USART1_IRQHandler  stm32h7xx_it.o
    0x0800cf38   0x0800cf38   0x0000000c   Code   RO          702    i.USART2_IRQHandler  stm32h7xx_it.o
    0x0800cf44   0x0800cf44   0x00000018   Code   RO          703    i.USART3_IRQHandler  stm32h7xx_it.o
    0x0800cf5c   0x0800cf5c   0x0000000c   Code   RO          704    i.USART6_IRQHandler  stm32h7xx_it.o
    0x0800cf68   0x0800cf68   0x00000002   Code   RO          705    i.UsageFault_Handler  stm32h7xx_it.o
    0x0800cf6a   0x0800cf6a   0x00000002   PAD
    0x0800cf6c   0x0800cf6c   0x0000003c   Code   RO         7267    i.Verify_CRC16_Check_Sum  referee.o
    0x0800cfa8   0x0800cfa8   0x00000026   Code   RO         7268    i.Verify_CRC8_Check_Sum  referee.o
    0x0800cfce   0x0800cfce   0x00000002   PAD
    0x0800cfd0   0x0800cfd0   0x00000394   Code   RO         7269    i._Data_Diapcak     referee.o
    0x0800d364   0x0800d364   0x00000030   Code   RO         8783    i.__ARM_fpclassify  m_wv.l(fpclassify.o)
    0x0800d394   0x0800d394   0x00000026   Code   RO         8785    i.__ARM_fpclassifyf  m_wv.l(fpclassifyf.o)
    0x0800d3ba   0x0800d3ba   0x00000002   PAD
    0x0800d3bc   0x0800d3bc   0x00000124   Code   RO         8423    i.__hardfp_acosf    m_wv.l(acosf.o)
    0x0800d4e0   0x0800d4e0   0x00000208   Code   RO         8435    i.__hardfp_asin     m_wv.l(asin.o)
    0x0800d6e8   0x0800d6e8   0x00000138   Code   RO         8449    i.__hardfp_asinf    m_wv.l(asinf.o)
    0x0800d820   0x0800d820   0x00000200   Code   RO         8746    i.__hardfp_atan     m_wv.l(atan.o)
    0x0800da20   0x0800da20   0x000001c0   Code   RO         8461    i.__hardfp_atan2    m_wv.l(atan2.o)
    0x0800dbe0   0x0800dbe0   0x00000258   Code   RO         8473    i.__hardfp_atan2f   m_wv.l(atan2f.o)
    0x0800de38   0x0800de38   0x00000150   Code   RO         8497    i.__hardfp_cosf     m_wv.l(cosf.o)
    0x0800df88   0x0800df88   0x00000194   Code   RO         8521    i.__hardfp_sinf     m_wv.l(sinf.o)
    0x0800e11c   0x0800e11c   0x0000003a   Code   RO         8545    i.__hardfp_sqrtf    m_wv.l(sqrtf.o)
    0x0800e156   0x0800e156   0x00000070   Code   RO         8801    i.__kernel_poly     m_wv.l(poly.o)
    0x0800e1c6   0x0800e1c6   0x00000006   Code   RO         8764    i.__mathlib_dbl_infnan  m_wv.l(dunder.o)
    0x0800e1cc   0x0800e1cc   0x00000006   Code   RO         8765    i.__mathlib_dbl_infnan2  m_wv.l(dunder.o)
    0x0800e1d2   0x0800e1d2   0x00000006   PAD
    0x0800e1d8   0x0800e1d8   0x00000018   Code   RO         8766    i.__mathlib_dbl_invalid  m_wv.l(dunder.o)
    0x0800e1f0   0x0800e1f0   0x00000018   Code   RO         8769    i.__mathlib_dbl_underflow  m_wv.l(dunder.o)
    0x0800e208   0x0800e208   0x00000006   Code   RO         8788    i.__mathlib_flt_infnan  m_wv.l(funder.o)
    0x0800e20e   0x0800e20e   0x00000006   Code   RO         8789    i.__mathlib_flt_infnan2  m_wv.l(funder.o)
    0x0800e214   0x0800e214   0x00000010   Code   RO         8790    i.__mathlib_flt_invalid  m_wv.l(funder.o)
    0x0800e224   0x0800e224   0x00000010   Code   RO         8793    i.__mathlib_flt_underflow  m_wv.l(funder.o)
    0x0800e234   0x0800e234   0x00000154   Code   RO         8809    i.__mathlib_rredf2  m_wv.l(rredf.o)
    0x0800e388   0x0800e388   0x0000002a   Code   RO         7905    i.arm_mat_add_f32   matrixfunctions.o
    0x0800e3b2   0x0800e3b2   0x00000008   Code   RO         7916    i.arm_mat_init_f32  matrixfunctions.o
    0x0800e3ba   0x0800e3ba   0x00000002   PAD
    0x0800e3bc   0x0800e3bc   0x000001e0   Code   RO         7919    i.arm_mat_inverse_f32  matrixfunctions.o
    0x0800e59c   0x0800e59c   0x00000070   Code   RO         7923    i.arm_mat_mult_f32  matrixfunctions.o
    0x0800e60c   0x0800e60c   0x0000002a   Code   RO         7938    i.arm_mat_sub_f32   matrixfunctions.o
    0x0800e636   0x0800e636   0x00000032   Code   RO         7942    i.arm_mat_trans_f32  matrixfunctions.o
    0x0800e668   0x0800e668   0x00000010   Code   RO         8748    i.atan              m_wv.l(atan.o)
    0x0800e678   0x0800e678   0x00000018   Code   RO         8779    i.fabs              m_wv.l(fabs.o)
    0x0800e690   0x0800e690   0x00000020   Code   RO         7765    i.float_constrain   user_lib.o
    0x0800e6b0   0x0800e6b0   0x00000010   Code   RO         7768    i.int16_constrain   user_lib.o
    0x0800e6c0   0x0800e6c0   0x0000002c   Code   RO         7769    i.invSqrt           user_lib.o
    0x0800e6ec   0x0800e6ec   0x00000052   Code   RO           15    i.main              main.o
    0x0800e73e   0x0800e73e   0x0000006a   Code   RO         8535    i.sqrt              m_wv.l(sqrt.o)
    0x0800e7a8   0x0800e7a8   0x0000003e   Code   RO         8547    i.sqrtf             m_wv.l(sqrtf.o)
    0x0800e7e6   0x0800e7e6   0x0000000a   Code   RO         8880    x$fpl$fpinit        fz_wv.l(fpinit.o)
    0x0800e7f0   0x0800e7f0   0x00000000   Code   RO         8745    x$fpl$usenofp       fz_wv.l(usenofp.o)
    0x0800e7f0   0x0800e7f0   0x00000010   Data   RO          942    .constdata          system_stm32h7xx.o
    0x0800e800   0x0800e800   0x0000005c   Data   RO         1225    .constdata          stm32h7xx_hal_fdcan.o
    0x0800e85c   0x0800e85c   0x00000008   Data   RO         2460    .constdata          stm32h7xx_hal_dma.o
    0x0800e864   0x0800e864   0x00000018   Data   RO         5482    .constdata          stm32h7xx_hal_uart.o
    0x0800e87c   0x0800e87c   0x00000010   Data   RO         5853    .constdata          stm32h7xx_hal_uart_ex.o
    0x0800e88c   0x0800e88c   0x0000003c   Data   RO         6579    .constdata          ins.o
    0x0800e8c8   0x0800e8c8   0x00000300   Data   RO         7275    .constdata          referee.o
    0x0800ebc8   0x0800ebc8   0x00000090   Data   RO         7695    .constdata          quaternions_ekf.o
    0x0800ec58   0x0800ec58   0x00000050   Data   RO         8438    .constdata          m_wv.l(asin.o)
    0x0800eca8   0x0800eca8   0x00000098   Data   RO         8749    .constdata          m_wv.l(atan.o)
    0x0800ed40   0x0800ed40   0x00000008   Data   RO         8803    .constdata          m_wv.l(qnan.o)
    0x0800ed48   0x0800ed48   0x00000020   Data   RO         8810    .constdata          m_wv.l(rredf.o)
    0x0800ed68   0x0800ed68   0x00000020   Data   RO         9013    Region$$Table       anon$$obj.o


    Execution Region RW_IRAM1 (Exec base: 0x20000000, Load base: 0x0800ed88, Size: 0x00000000, Max: 0x00020000, ABSOLUTE)

    **** No section assigned to this execution region ****


    Execution Region RW_IRAM2 (Exec base: 0x24000000, Load base: 0x0800ed88, Size: 0x00006024, Max: 0x00080000, ABSOLUTE, COMPRESSED[0x000000a8])

    Exec Addr    Load Addr    Size         Type   Attr      Idx    E Section Name        Object

    0x24000000   COMPRESSED   0x00000004   Data   RW          386    .data               fdcan.o
    0x24000004   COMPRESSED   0x00000008   Data   RW          943    .data               system_stm32h7xx.o
    0x2400000c   COMPRESSED   0x0000000c   Data   RW         3198    .data               stm32h7xx_hal.o
    0x24000018   COMPRESSED   0x00000020   Data   RW         5964    .data               driver_can.o
    0x24000038   COMPRESSED   0x00000040   Data   RW         6126    .data               driver_counter.o
    0x24000078   COMPRESSED   0x00000014   Data   RW         6580    .data               ins.o
    0x2400008c   COMPRESSED   0x00000004   Data   RW         6581    .data               ins.o
    0x24000090   COMPRESSED   0x00000054   Data   RW         6966    .data               motor.o
    0x240000e4   COMPRESSED   0x00000060   Data   RW         7047    .data               mpu6050.o
    0x24000144   COMPRESSED   0x00000028   Data   RW         7048    .data               mpu6050.o
    0x2400016c   COMPRESSED   0x000000dc   Data   RW         7127    .data               bmi088.o
    0x24000248   COMPRESSED   0x0000000c   Data   RW         7221    .data               check.o
    0x24000254   COMPRESSED   0x00000014   Data   RW         7283    .data               referee.o
    0x24000268   COMPRESSED   0x00000020   Data   RW         7552    .data               kalman_filter.o
    0x24000288   COMPRESSED   0x00000008   Data   RW         7637    .data               pid.o
    0x24000290   COMPRESSED   0x00000008   Data   RW         7638    .data               pid.o
    0x24000298   COMPRESSED   0x00000008   Data   RW         7639    .data               pid.o
    0x240002a0   COMPRESSED   0x000000d4   Data   RW         7696    .data               quaternions_ekf.o
    0x24000374        -       0x00000140   Zero   RW          385    .bss                fdcan.o
    0x240004b4        -       0x00000054   Zero   RW          433    .bss                i2c.o
    0x24000508        -       0x00000088   Zero   RW          493    .bss                spi.o
    0x24000590        -       0x000000e4   Zero   RW          537    .bss                tim.o
    0x24000674        -       0x00000ba8   Zero   RW          596    .bss                usart.o
    0x2400121c        -       0x000007a0   Zero   RW         6014    .bss                driver_usart.o
    0x240019bc        -       0x00000028   Zero   RW         6078    .bss                driver_timer.o
    0x240019e4        -       0x00000048   Zero   RW         6246    .bss                driver_spi.o
    0x24001a2c        -       0x000000d8   Zero   RW         6578    .bss                ins.o
    0x24001b04        -       0x00000384   Zero   RW         6755    .bss                shoot.o
    0x24001e88        -       0x00000348   Zero   RW         6807    .bss                holder.o
    0x240021d0        -       0x00000014   Zero   RW         6860    .bss                dr16.o
    0x240021e4        -       0x00000010   Zero   RW         6909    .bss                et08.o
    0x240021f4        -       0x0000000e   Zero   RW         7046    .bss                mpu6050.o
    0x24002202   COMPRESSED   0x00000002   PAD
    0x24002204        -       0x0000001c   Zero   RW         7125    .bss                bmi088.o
    0x24002220        -       0x00000018   Zero   RW         7220    .bss                check.o
    0x24002238        -       0x0000048c   Zero   RW         7272    .bss                referee.o
    0x240026c4        -       0x0000018c   Zero   RW         7636    .bss                pid.o
    0x24002850        -       0x00000270   Zero   RW         7694    .bss                quaternions_ekf.o
    0x24002ac0        -       0x00000060   Zero   RW         8821    .bss                c_w.l(libspace.o)
    0x24002b20        -       0x00001000   Zero   RW            2    HEAP                startup_stm32h750xx.o
    0x24003b20        -       0x00001000   Zero   RW            1    STACK               startup_stm32h750xx.o
    0x24004b20   COMPRESSED   0x000014f0   PAD
    0x24006010        -       0x00000012   Zero   RW         6859    .ARM.__AT_0x24006010  dr16.o


==============================================================================

Image component sizes


      Code (inc. data)   RO Data    RW Data    ZI Data      Debug   Object Name

         0          0          0          0          0        777   all_chassis.o
      2284        138          0        220         28      11623   bmi088.o
        96          0          0         12         24       2850   check.o
       308         56          0          0          0       7680   control_logic.o
       284          4          0          0          0        882   dma.o
        26          0          0          0         38       1997   dr16.o
       238         26          0         32          0       3910   driver_can.o
       448         66          0         64          0       4905   driver_counter.o
       180          0          0          0          0       2635   driver_iic.o
       258         32          0          0         72       3842   driver_spi.o
        98         24          0          0         40       2761   driver_timer.o
       300         48          0          0       1952       3818   driver_usart.o
       302         12          0          0         16       3346   et08.o
       504         40          0          4        320       2596   fdcan.o
       224         18          0          0          0    1193075   gpio.o
       504        128          0          0          0      37160   hardware_config.o
       912        100          0          0        840       3956   holder.o
       284         38          0          0         84       2245   i2c.o
      1384         86         60         24        216       9083   ins.o
      2228         22          0         32          0      10066   kalman_filter.o
       306         12          0          0          0    1359110   main.o
       734         12          0          0          0       9972   matrixfunctions.o
      1046         84          0         84          0      11666   motor.o
      1458        102          0        136         14       8673   mpu6050.o
       502         30          0         24        396       4808   pid.o
      2780        154        144        212        624      10011   quaternions_ekf.o
      1294         56        768         20       1164      13618   referee.o
       824         62          0          0        900       3803   shoot.o
       228         20          0          0        136       1677   spi.o
        64         26        664          0       8192        836   startup_stm32h750xx.o
       208         42          0         12          0      22612   stm32h7xx_hal.o
       364         40          0          0          0      41277   stm32h7xx_hal_cortex.o
      6514        834          8          0          0      14821   stm32h7xx_hal_dma.o
      3068         36         92          0          0      23017   stm32h7xx_hal_fdcan.o
       898         12          0          0          0       3326   stm32h7xx_hal_gpio.o
      2428         32          0          0          0      16050   stm32h7xx_hal_i2c.o
       176          0          0          0          0       1963   stm32h7xx_hal_i2c_ex.o
        32          4          0          0          0        782   stm32h7xx_hal_msp.o
        96         10          0          0          0        825   stm32h7xx_hal_pwr_ex.o
      3180        162          0          0          0       8388   stm32h7xx_hal_rcc.o
      4332        190          0          0          0       8113   stm32h7xx_hal_rcc_ex.o
      1710         14          0          0          0       6045   stm32h7xx_hal_spi.o
      1238         44          0          0          0       9967   stm32h7xx_hal_tim.o
       174         10          0          0          0       3180   stm32h7xx_hal_tim_ex.o
      3892        160         24          0          0      38428   stm32h7xx_hal_uart.o
       312          6         16          0          0       5422   stm32h7xx_hal_uart_ex.o
       380        162          0          0          0      17321   stm32h7xx_it.o
       220         40         16          8          0       1270   system_stm32h7xx.o
       332         40          0          0        228       2844   tim.o
      2536        184          0          0       2984       8346   usart.o
       380         14          0          0          0       4552   user_lib.o

    ----------------------------------------------------------------------
     52614       3432       1824        884      23632    2971930   Object Totals
         0          0         32          0          0          0   (incl. Generated)
        46          0          0          0       5364          0   (incl. Padding)

    ----------------------------------------------------------------------

      Code (inc. data)   RO Data    RW Data    ZI Data      Debug   Library Member Name

        90          0          0          0          0          0   __dczerorl2.o
         8          0          0          0          0         68   __main.o
         0          0          0          0          0          0   __rtentry.o
        12          0          0          0          0          0   __rtentry2.o
         6          0          0          0          0          0   __rtentry4.o
        52          8          0          0          0          0   __scatter.o
        28          0          0          0          0          0   __scatter_zi.o
        22          0          0          0          0        100   _rserrno.o
        10          0          0          0          0         68   defsig_exit.o
        50          0          0          0          0         88   defsig_general.o
        80         58          0          0          0         76   defsig_rtmem_inner.o
        14          0          0          0          0         80   defsig_rtmem_outer.o
        18          0          0          0          0         80   exit.o
        94          0          0          0          0         80   h1_alloc.o
        52          0          0          0          0         68   h1_extend.o
        78          0          0          0          0         80   h1_free.o
        14          0          0          0          0         84   h1_init.o
       184          0          0          0          0         92   h1_realloc.o
         6          0          0          0          0        152   heapauxi.o
         4          0          0          0          0        136   hguard.o
         0          0          0          0          0          0   indicate_semi.o
       138          0          0          0          0        168   init_alloc.o
         2          0          0          0          0          0   libinit.o
        14          0          0          0          0          0   libinit2.o
         2          0          0          0          0          0   libshutdown.o
         2          0          0          0          0          0   libshutdown2.o
         8          4          0          0         96         68   libspace.o
       238          0          0          0          0        100   lludivv7m.o
         0          0          0          0          0          0   maybetermalloc1.o
         8          4          0          0          0         68   rt_errno_addr_intlibspace.o
         8          4          0          0          0         68   rt_heap_descriptor_intlibspace.o
        68          0          0          0          0         68   rt_memclr.o
        78          0          0          0          0         80   rt_memclr_w.o
       138          0          0          0          0         68   rt_memcpy_v6.o
       100          0          0          0          0         80   rt_memcpy_w.o
         2          0          0          0          0          0   rtexit.o
        10          0          0          0          0          0   rtexit2.o
        12          4          0          0          0         68   sys_exit.o
        74          0          0          0          0         80   sys_stackheap_outer.o
        14          0          0          0          0         76   sys_wrch.o
         2          0          0          0          0         68   use_no_semi.o
        10          0          0          0          0        116   fpinit.o
         0          0          0          0          0          0   usenofp.o
       292         58          0          0          0        176   acosf.o
       520         88         80          0          0        252   asin.o
       312         54          0          0          0        176   asinf.o
       528        110        152          0          0        348   atan.o
       448         68          0          0          0        180   atan2.o
       600         98          0          0          0        184   atan2f.o
       336         60          0          0          0        136   cosf.o
        60         28          0          0          0        464   dunder.o
        24          0          0          0          0        124   fabs.o
        48          0          0          0          0        124   fpclassify.o
        38          0          0          0          0        116   fpclassifyf.o
        44         12          0          0          0        464   funder.o
       112          0          0          0          0        116   poly.o
         0          0          8          0          0          0   qnan.o
       340         24         32          0          0        160   rredf.o
       404         60          0          0          0        212   sinf.o
       106          0          0          0          0        140   sqrt.o
       120          0          0          0          0        272   sqrtf.o

    ----------------------------------------------------------------------
      6098        742        272          0         96       6072   Library Totals
        16          0          0          0          0          0   (incl. Padding)

    ----------------------------------------------------------------------

      Code (inc. data)   RO Data    RW Data    ZI Data      Debug   Library Name

      1740         82          0          0         96       2312   c_w.l
        10          0          0          0          0        116   fz_wv.l
      4332        660        272          0          0       3644   m_wv.l

    ----------------------------------------------------------------------
      6098        742        272          0         96       6072   Library Totals

    ----------------------------------------------------------------------

==============================================================================


      Code (inc. data)   RO Data    RW Data    ZI Data      Debug   

     58712       4174       2096        884      23728    2945754   Grand Totals
     58712       4174       2096        168      23728    2945754   ELF Image Totals (compressed)
     58712       4174       2096        168          0          0   ROM Totals

==============================================================================

    Total RO  Size (Code + RO Data)                60808 (  59.38kB)
    Total RW  Size (RW Data + ZI Data)             24612 (  24.04kB)
    Total ROM Size (Code + RO Data + RW Data)      60976 (  59.55kB)

==============================================================================

